Archive member included to satisfy reference by file (symbol)

c:/program files (x86)/atmel/studio/7.0/toolchain/arm/arm-gnu-toolchain/bin/../lib/gcc/arm-none-eabi/6.2.1/../../../../arm-none-eabi/lib/thumb/v7e-m\libc.a(lib_a-exit.o)
                              c:/program files (x86)/atmel/studio/7.0/toolchain/arm/arm-gnu-toolchain/bin/../lib/gcc/arm-none-eabi/6.2.1/../../../../arm-none-eabi/lib/thumb/v7e-m/crt0.o (exit)
c:/program files (x86)/atmel/studio/7.0/toolchain/arm/arm-gnu-toolchain/bin/../lib/gcc/arm-none-eabi/6.2.1/../../../../arm-none-eabi/lib/thumb/v7e-m\libc.a(lib_a-impure.o)
                              c:/program files (x86)/atmel/studio/7.0/toolchain/arm/arm-gnu-toolchain/bin/../lib/gcc/arm-none-eabi/6.2.1/../../../../arm-none-eabi/lib/thumb/v7e-m\libc.a(lib_a-exit.o) (_global_impure_ptr)
c:/program files (x86)/atmel/studio/7.0/toolchain/arm/arm-gnu-toolchain/bin/../lib/gcc/arm-none-eabi/6.2.1/../../../../arm-none-eabi/lib/thumb/v7e-m\libc.a(lib_a-init.o)
                              c:/program files (x86)/atmel/studio/7.0/toolchain/arm/arm-gnu-toolchain/bin/../lib/gcc/arm-none-eabi/6.2.1/../../../../arm-none-eabi/lib/thumb/v7e-m/crt0.o (__libc_init_array)
c:/program files (x86)/atmel/studio/7.0/toolchain/arm/arm-gnu-toolchain/bin/../lib/gcc/arm-none-eabi/6.2.1/../../../../arm-none-eabi/lib/thumb/v7e-m\libc.a(lib_a-iprintf.o)
                              src/example.o (iprintf)
c:/program files (x86)/atmel/studio/7.0/toolchain/arm/arm-gnu-toolchain/bin/../lib/gcc/arm-none-eabi/6.2.1/../../../../arm-none-eabi/lib/thumb/v7e-m\libc.a(lib_a-memset.o)
                              c:/program files (x86)/atmel/studio/7.0/toolchain/arm/arm-gnu-toolchain/bin/../lib/gcc/arm-none-eabi/6.2.1/../../../../arm-none-eabi/lib/thumb/v7e-m/crt0.o (memset)
c:/program files (x86)/atmel/studio/7.0/toolchain/arm/arm-gnu-toolchain/bin/../lib/gcc/arm-none-eabi/6.2.1/../../../../arm-none-eabi/lib/thumb/v7e-m\libc.a(lib_a-setbuf.o)
                              src/example.o (setbuf)
c:/program files (x86)/atmel/studio/7.0/toolchain/arm/arm-gnu-toolchain/bin/../lib/gcc/arm-none-eabi/6.2.1/../../../../arm-none-eabi/lib/thumb/v7e-m\libc.a(lib_a-setvbuf.o)
                              c:/program files (x86)/atmel/studio/7.0/toolchain/arm/arm-gnu-toolchain/bin/../lib/gcc/arm-none-eabi/6.2.1/../../../../arm-none-eabi/lib/thumb/v7e-m\libc.a(lib_a-setbuf.o) (setvbuf)
c:/program files (x86)/atmel/studio/7.0/toolchain/arm/arm-gnu-toolchain/bin/../lib/gcc/arm-none-eabi/6.2.1/../../../../arm-none-eabi/lib/thumb/v7e-m\libc.a(lib_a-vfiprintf.o)
                              c:/program files (x86)/atmel/studio/7.0/toolchain/arm/arm-gnu-toolchain/bin/../lib/gcc/arm-none-eabi/6.2.1/../../../../arm-none-eabi/lib/thumb/v7e-m\libc.a(lib_a-iprintf.o) (_vfiprintf_r)
c:/program files (x86)/atmel/studio/7.0/toolchain/arm/arm-gnu-toolchain/bin/../lib/gcc/arm-none-eabi/6.2.1/../../../../arm-none-eabi/lib/thumb/v7e-m\libc.a(lib_a-wsetup.o)
                              c:/program files (x86)/atmel/studio/7.0/toolchain/arm/arm-gnu-toolchain/bin/../lib/gcc/arm-none-eabi/6.2.1/../../../../arm-none-eabi/lib/thumb/v7e-m\libc.a(lib_a-vfiprintf.o) (__swsetup_r)
c:/program files (x86)/atmel/studio/7.0/toolchain/arm/arm-gnu-toolchain/bin/../lib/gcc/arm-none-eabi/6.2.1/../../../../arm-none-eabi/lib/thumb/v7e-m\libc.a(lib_a-__call_atexit.o)
                              c:/program files (x86)/atmel/studio/7.0/toolchain/arm/arm-gnu-toolchain/bin/../lib/gcc/arm-none-eabi/6.2.1/../../../../arm-none-eabi/lib/thumb/v7e-m\libc.a(lib_a-exit.o) (__call_exitprocs)
c:/program files (x86)/atmel/studio/7.0/toolchain/arm/arm-gnu-toolchain/bin/../lib/gcc/arm-none-eabi/6.2.1/../../../../arm-none-eabi/lib/thumb/v7e-m\libc.a(lib_a-atexit.o)
                              c:/program files (x86)/atmel/studio/7.0/toolchain/arm/arm-gnu-toolchain/bin/../lib/gcc/arm-none-eabi/6.2.1/../../../../arm-none-eabi/lib/thumb/v7e-m\libc.a(lib_a-__call_atexit.o) (atexit)
c:/program files (x86)/atmel/studio/7.0/toolchain/arm/arm-gnu-toolchain/bin/../lib/gcc/arm-none-eabi/6.2.1/../../../../arm-none-eabi/lib/thumb/v7e-m\libc.a(lib_a-fflush.o)
                              c:/program files (x86)/atmel/studio/7.0/toolchain/arm/arm-gnu-toolchain/bin/../lib/gcc/arm-none-eabi/6.2.1/../../../../arm-none-eabi/lib/thumb/v7e-m\libc.a(lib_a-setvbuf.o) (_fflush_r)
c:/program files (x86)/atmel/studio/7.0/toolchain/arm/arm-gnu-toolchain/bin/../lib/gcc/arm-none-eabi/6.2.1/../../../../arm-none-eabi/lib/thumb/v7e-m\libc.a(lib_a-findfp.o)
                              c:/program files (x86)/atmel/studio/7.0/toolchain/arm/arm-gnu-toolchain/bin/../lib/gcc/arm-none-eabi/6.2.1/../../../../arm-none-eabi/lib/thumb/v7e-m\libc.a(lib_a-setvbuf.o) (__sinit)
c:/program files (x86)/atmel/studio/7.0/toolchain/arm/arm-gnu-toolchain/bin/../lib/gcc/arm-none-eabi/6.2.1/../../../../arm-none-eabi/lib/thumb/v7e-m\libc.a(lib_a-fini.o)
[...]
Memory Configuration

Name             Origin             Length             Attributes
rom              0x00400000         0x00200000         xr
ram              0x20400000         0x00060000         xrw
*default*        0x00000000         0xffffffff

Linker script and memory map

LOAD c:/program files (x86)/atmel/studio/7.0/toolchain/arm/arm-gnu-toolchain/bin/../lib/gcc/arm-none-eabi/6.2.1/thumb/v7e-m/crti.o
LOAD c:/program files (x86)/atmel/studio/7.0/toolchain/arm/arm-gnu-toolchain/bin/../lib/gcc/arm-none-eabi/6.2.1/thumb/v7e-m/crtbegin.o
LOAD c:/program files (x86)/atmel/studio/7.0/toolchain/arm/arm-gnu-toolchain/bin/../lib/gcc/arm-none-eabi/6.2.1/../../../../arm-none-eabi/lib/thumb/v7e-m/crt0.o
LOAD src/ASF/common/components/memory/sd_mmc/sd_mmc.o
LOAD src/ASF/common/components/memory/sd_mmc/sd_mmc_mem.o
LOAD src/ASF/common/services/clock/same70/sysclk.o
LOAD src/ASF/common/services/delay/sam/cycle_counter.o
LOAD src/ASF/common/services/serial/usart_serial.o
LOAD src/ASF/common/services/storage/ctrl_access/ctrl_access.o
LOAD src/ASF/common/utils/interrupt/interrupt_sam_nvic.o
LOAD src/ASF/common/utils/stdio/read.o
LOAD src/ASF/common/utils/stdio/write.o
LOAD src/ASF/sam/boards/same70_xplained/init.o
LOAD src/ASF/sam/drivers/hsmci/hsmci.o
LOAD src/ASF/sam/drivers/mpu/mpu.o
LOAD src/ASF/sam/drivers/pio/pio.o
LOAD src/ASF/sam/drivers/pio/pio_handler.o
LOAD src/ASF/sam/drivers/pmc/pmc.o
LOAD src/ASF/sam/drivers/pmc/sleep.o
LOAD src/ASF/sam/drivers/rtc/rtc.o
LOAD src/ASF/sam/drivers/uart/uart.o
LOAD src/ASF/sam/drivers/usart/usart.o
LOAD src/ASF/sam/drivers/xdmac/xdmac.o
LOAD src/ASF/sam/utils/cmsis/same70/source/templates/gcc/startup_same70.o
LOAD src/ASF/sam/utils/cmsis/same70/source/templates/system_same70.o
LOAD src/ASF/sam/utils/syscalls/gcc/syscalls.o
LOAD src/ASF/thirdparty/fatfs/fatfs-port-r0.09/diskio.o
LOAD src/ASF/thirdparty/fatfs/fatfs-port-r0.09/sam/fattime_rtc.o
LOAD src/ASF/thirdparty/fatfs/fatfs-r0.09/src/ff.o
LOAD src/ASF/thirdparty/fatfs/fatfs-r0.09/src/option/ccsbcs.o
LOAD src/example.o
START GROUP
LOAD ../src/ASF/thirdparty/CMSIS/Lib/GCC\libarm_cortexM7lfsp_math_softfp.a
LOAD c:/program files (x86)/atmel/studio/7.0/toolchain/arm/arm-gnu-toolchain/bin/../lib/gcc/arm-none-eabi/6.2.1/../../../../arm-none-eabi/lib/thumb/v7e-m\libm.a
END GROUP
START GROUP
LOAD c:/program files (x86)/atmel/studio/7.0/toolchain/arm/arm-gnu-toolchain/bin/../lib/gcc/arm-none-eabi/6.2.1/thumb/v7e-m\libgcc.a
LOAD c:/program files (x86)/atmel/studio/7.0/toolchain/arm/arm-gnu-toolchain/bin/../lib/gcc/arm-none-eabi/6.2.1/../../../../arm-none-eabi/lib/thumb/v7e-m\libc.a
END GROUP
LOAD c:/program files (x86)/atmel/studio/7.0/toolchain/arm/arm-gnu-toolchain/bin/../lib/gcc/arm-none-eabi/6.2.1/thumb/v7e-m/crtend.o
LOAD c:/program files (x86)/atmel/studio/7.0/toolchain/arm/arm-gnu-toolchain/bin/../lib/gcc/arm-none-eabi/6.2.1/thumb/v7e-m/crtn.o
                0x00002000                STACK_SIZE = DEFINED (STACK_SIZE)?STACK_SIZE:0x2000
                0x2045fffc                __ram_end__ = ((ORIGIN (ram) + LENGTH (ram)) - 0x4)
                0x00000200                HEAP_SIZE = DEFINED (HEAP_SIZE)?HEAP_SIZE:0x200

.text           0x00400000     0x7758
                0x00400000                . = ALIGN (0x4)
                0x00400000                _sfixed = .
 *(.vectors .vectors.*)
 .vectors       0x00400000      0x140 src/ASF/sam/utils/cmsis/same70/source/templates/gcc/startup_same70.o
                0x00400000                exception_table
 *(.text .text.* .gnu.linkonce.t.*)
 .text          0x00400140       0x6c c:/program files (x86)/atmel/studio/7.0/toolchain/arm/arm-gnu-toolchain/bin/../lib/gcc/arm-none-eabi/6.2.1/thumb/v7e-m/crtbegin.o
 .text.sd_mmc_configure_slot
                0x004001ac       0x2c src/ASF/common/components/memory/sd_mmc/sd_mmc.o
 .text.sd_mmc_select_slot
                0x004001d8       0xfc src/ASF/common/components/memory/sd_mmc/sd_mmc.o
 .text.sdio_cmd52
                0x004002d4       0x38 src/ASF/common/components/memory/sd_mmc/sd_mmc.o
 .text.sd_mmc_cmd9_mci
                0x0040030c       0x34 src/ASF/common/components/memory/sd_mmc/sd_mmc.o
 .text.sd_mmc_deselect_slot
                0x00400340       0x1c src/ASF/common/components/memory/sd_mmc/sd_mmc.o
 .text.sd_mmc_init
                0x0040035c       0x2c src/ASF/common/components/memory/sd_mmc/sd_mmc.o
                0x0040035c                sd_mmc_init
 .text.sd_mmc_check
                0x00400388      0x884 src/ASF/common/components/memory/sd_mmc/sd_mmc.o
                0x00400388                sd_mmc_check
 .text.sd_mmc_get_type
                0x00400c0c       0x24 src/ASF/common/components/memory/sd_mmc/sd_mmc.o
                0x00400c0c                sd_mmc_get_type
 .text.sd_mmc_get_capacity
                0x00400c30       0x24 src/ASF/common/components/memory/sd_mmc/sd_mmc.o
                0x00400c30                sd_mmc_get_capacity
 .text.sd_mmc_is_write_protected
                0x00400c54        0x4 src/ASF/common/components/memory/sd_mmc/sd_mmc.o
                0x00400c54                sd_mmc_is_write_protected
 .text.sd_mmc_init_read_blocks
                0x00400c58       0xd4 src/ASF/common/components/memory/sd_mmc/sd_mmc.o
                0x00400c58                sd_mmc_init_read_blocks
 .text.sd_mmc_start_read_blocks
                0x00400d2c       0x28 src/ASF/common/components/memory/sd_mmc/sd_mmc.o
                0x00400d2c                sd_mmc_start_read_blocks
 .text.sd_mmc_wait_end_of_read_blocks
                0x00400d54       0x68 src/ASF/common/components/memory/sd_mmc/sd_mmc.o
                0x00400d54                sd_mmc_wait_end_of_read_blocks
 .text.sd_mmc_init_write_blocks
                0x00400dbc       0x8c src/ASF/common/components/memory/sd_mmc/sd_mmc.o
                0x00400dbc                sd_mmc_init_write_blocks
 .text.sd_mmc_start_write_blocks
                0x00400e48       0x28 src/ASF/common/components/memory/sd_mmc/sd_mmc.o
                0x00400e48                sd_mmc_start_write_blocks
 .text.sd_mmc_wait_end_of_write_blocks
                0x00400e70       0x64 src/ASF/common/components/memory/sd_mmc/sd_mmc.o
                0x00400e70                sd_mmc_wait_end_of_write_blocks
 .text.sd_mmc_test_unit_ready
                0x00400ed4       0x50 src/ASF/common/components/memory/sd_mmc/sd_mmc_mem.o
                0x00400ed4                sd_mmc_test_unit_ready
 .text.sd_mmc_test_unit_ready_0
                0x00400f24       0x10 src/ASF/common/components/memory/sd_mmc/sd_mmc_mem.o
                0x00400f24                sd_mmc_test_unit_ready_0
 .text.sd_mmc_read_capacity
                0x00400f34       0x20 src/ASF/common/components/memory/sd_mmc/sd_mmc_mem.o
                0x00400f34                sd_mmc_read_capacity
 .text.sd_mmc_read_capacity_0
                0x00400f54       0x10 src/ASF/common/components/memory/sd_mmc/sd_mmc_mem.o
                0x00400f54                sd_mmc_read_capacity_0
 .text.sd_mmc_wr_protect_0
                0x00400f64       0x10 src/ASF/common/components/memory/sd_mmc/sd_mmc_mem.o
                0x00400f64                sd_mmc_wr_protect_0
 .text.sd_mmc_mem_2_ram
                0x00400f74       0x3c src/ASF/common/components/memory/sd_mmc/sd_mmc_mem.o
                0x00400f74                sd_mmc_mem_2_ram
 .text.sd_mmc_mem_2_ram_0
                0x00400fb0       0x14 src/ASF/common/components/memory/sd_mmc/sd_mmc_mem.o
                0x00400fb0                sd_mmc_mem_2_ram_0
 .text.sd_mmc_ram_2_mem
                0x00400fc4       0x3c src/ASF/common/components/memory/sd_mmc/sd_mmc_mem.o
                0x00400fc4                sd_mmc_ram_2_mem
 .text.sd_mmc_ram_2_mem_0
                0x00401000       0x14 src/ASF/common/components/memory/sd_mmc/sd_mmc_mem.o
                0x00401000                sd_mmc_ram_2_mem_0
 .text.sysclk_init
                0x00401014       0x70 src/ASF/common/services/clock/same70/sysclk.o
                0x00401014                sysclk_init
 .text.mem_test_unit_ready
                0x00401084       0x14 src/ASF/common/services/storage/ctrl_access/ctrl_access.o
                0x00401084                mem_test_unit_ready
 .text.mem_read_capacity
                0x00401098       0x14 src/ASF/common/services/storage/ctrl_access/ctrl_access.o
                0x00401098                mem_read_capacity
 .text.mem_sector_size
                0x004010ac        0x8 src/ASF/common/services/storage/ctrl_access/ctrl_access.o
                0x004010ac                mem_sector_size
 .text.mem_wr_protect
                0x004010b4       0x14 src/ASF/common/services/storage/ctrl_access/ctrl_access.o
                0x004010b4                mem_wr_protect
 .text.memory_2_ram
                0x004010c8       0x18 src/ASF/common/services/storage/ctrl_access/ctrl_access.o
                0x004010c8                memory_2_ram
 .text.ram_2_memory
                0x004010e0       0x18 src/ASF/common/services/storage/ctrl_access/ctrl_access.o
                0x004010e0                ram_2_memory
 .text._read    0x004010f8       0x3c src/ASF/common/utils/stdio/read.o
                0x004010f8                _read
 .text._write   0x00401134       0x50 src/ASF/common/utils/stdio/write.o
                0x00401134                _write
 .text.board_init
                0x00401184      0x398 src/ASF/sam/boards/same70_xplained/init.o
                0x00401184                board_init
 .text.hsmci_reset
                0x0040151c       0x2a src/ASF/sam/drivers/hsmci/hsmci.o
 *fill*         0x00401546        0x2 
 .text.hsmci_send_cmd_execute
                0x00401548       0xa0 src/ASF/sam/drivers/hsmci/hsmci.o
 .text.hsmci_init
                0x004015e8       0x2c src/ASF/sam/drivers/hsmci/hsmci.o
                0x004015e8                hsmci_init
 .text.hsmci_get_bus_width
                0x00401614        0xa src/ASF/sam/drivers/hsmci/hsmci.o
                0x00401614                hsmci_get_bus_width
 .text.hsmci_is_high_speed_capable
                0x0040161e        0x4 src/ASF/sam/drivers/hsmci/hsmci.o
                0x0040161e                hsmci_is_high_speed_capable
 *fill*         0x00401622        0x2 
 .text.hsmci_select_device
                0x00401624       0xc4 src/ASF/sam/drivers/hsmci/hsmci.o
                0x00401624                hsmci_select_device
 .text.hsmci_deselect_device
                0x004016e8        0x2 src/ASF/sam/drivers/hsmci/hsmci.o
                0x004016e8                hsmci_deselect_device
 .text.hsmci_send_clock
                0x004016ea       0x22 src/ASF/sam/drivers/hsmci/hsmci.o
                0x004016ea                hsmci_send_clock
 .text.hsmci_send_cmd
                0x0040170c       0x24 src/ASF/sam/drivers/hsmci/hsmci.o
                0x0040170c                hsmci_send_cmd
 .text.hsmci_get_response
                0x00401730        0x8 src/ASF/sam/drivers/hsmci/hsmci.o
                0x00401730                hsmci_get_response
 .text.hsmci_get_response_128
                0x00401738       0x2e src/ASF/sam/drivers/hsmci/hsmci.o
                0x00401738                hsmci_get_response_128
 *fill*         0x00401766        0x2 
 .text.hsmci_adtc_start
                0x00401768       0xc8 src/ASF/sam/drivers/hsmci/hsmci.o
                0x00401768                hsmci_adtc_start
 .text.hsmci_read_word
                0x00401830       0x74 src/ASF/sam/drivers/hsmci/hsmci.o
                0x00401830                hsmci_read_word
 .text.hsmci_start_read_blocks
                0x004018a4       0xf8 src/ASF/sam/drivers/hsmci/hsmci.o
                0x004018a4                hsmci_start_read_blocks
 .text.hsmci_wait_end_of_read_blocks
                0x0040199c       0x64 src/ASF/sam/drivers/hsmci/hsmci.o
                0x0040199c                hsmci_wait_end_of_read_blocks
 .text.hsmci_start_write_blocks
                0x00401a00       0xf8 src/ASF/sam/drivers/hsmci/hsmci.o
                0x00401a00                hsmci_start_write_blocks
 .text.hsmci_wait_end_of_write_blocks
                0x00401af8       0x64 src/ASF/sam/drivers/hsmci/hsmci.o
                0x00401af8                hsmci_wait_end_of_write_blocks
 .text.mpu_enable
                0x00401b5c        0xc src/ASF/sam/drivers/mpu/mpu.o
                0x00401b5c                mpu_enable
 .text.mpu_set_region
                0x00401b68        0xc src/ASF/sam/drivers/mpu/mpu.o
                0x00401b68                mpu_set_region
 .text.mpu_cal_mpu_region_size
                0x00401b74       0x1c src/ASF/sam/drivers/mpu/mpu.o
                0x00401b74                mpu_cal_mpu_region_size
 .text.pio_get_interrupt_status
                0x00401b90        0x4 src/ASF/sam/drivers/pio/pio.o
                0x00401b90                pio_get_interrupt_status
 .text.pio_get_interrupt_mask
                0x00401b94        0x4 src/ASF/sam/drivers/pio/pio.o
                0x00401b94                pio_get_interrupt_mask
 .text.pio_handler_process
                0x00401b98       0x50 src/ASF/sam/drivers/pio/pio_handler.o
                0x00401b98                pio_handler_process
 .text.PIOA_Handler
                0x00401be8       0x14 src/ASF/sam/drivers/pio/pio_handler.o
                0x00401be8                PIOA_Handler
 .text.PIOB_Handler
                0x00401bfc       0x14 src/ASF/sam/drivers/pio/pio_handler.o
                0x00401bfc                PIOB_Handler
 .text.PIOC_Handler
                0x00401c10       0x14 src/ASF/sam/drivers/pio/pio_handler.o
                0x00401c10                PIOC_Handler
 .text.PIOD_Handler
                0x00401c24       0x14 src/ASF/sam/drivers/pio/pio_handler.o
                0x00401c24                PIOD_Handler
 .text.PIOE_Handler
                0x00401c38       0x14 src/ASF/sam/drivers/pio/pio_handler.o
                0x00401c38                PIOE_Handler
 .text.pmc_mck_set_division
                0x00401c4c       0x38 src/ASF/sam/drivers/pmc/pmc.o
                0x00401c4c                pmc_mck_set_division
 .text.pmc_switch_mck_to_pllack
                0x00401c84       0x64 src/ASF/sam/drivers/pmc/pmc.o
                0x00401c84                pmc_switch_mck_to_pllack
 .text.pmc_switch_mainck_to_xtal
                0x00401ce8       0x54 src/ASF/sam/drivers/pmc/pmc.o
                0x00401ce8                pmc_switch_mainck_to_xtal
 .text.pmc_osc_is_ready_mainck
                0x00401d3c       0x10 src/ASF/sam/drivers/pmc/pmc.o
                0x00401d3c                pmc_osc_is_ready_mainck
 .text.pmc_disable_pllack
                0x00401d4c       0x10 src/ASF/sam/drivers/pmc/pmc.o
                0x00401d4c                pmc_disable_pllack
 .text.pmc_is_locked_pllack
                0x00401d5c       0x10 src/ASF/sam/drivers/pmc/pmc.o
                0x00401d5c                pmc_is_locked_pllack
 .text.pmc_enable_periph_clk
                0x00401d6c       0x54 src/ASF/sam/drivers/pmc/pmc.o
                0x00401d6c                pmc_enable_periph_clk
 .text.rtc_get_time
                0x00401dc0       0x5a src/ASF/sam/drivers/rtc/rtc.o
                0x00401dc0                rtc_get_time
 .text.rtc_get_date
                0x00401e1a       0x72 src/ASF/sam/drivers/rtc/rtc.o
                0x00401e1a                rtc_get_date
 .text.uart_write
                0x00401e8c       0x12 src/ASF/sam/drivers/uart/uart.o
                0x00401e8c                uart_write
 .text.uart_read
                0x00401e9e       0x14 src/ASF/sam/drivers/uart/uart.o
                0x00401e9e                uart_read
 .text.usart_set_async_baudrate
                0x00401eb2       0x5a src/ASF/sam/drivers/usart/usart.o
                0x00401eb2                usart_set_async_baudrate
 .text.usart_reset
                0x00401f0c       0x28 src/ASF/sam/drivers/usart/usart.o
                0x00401f0c                usart_reset
 .text.usart_init_rs232
                0x00401f34       0x54 src/ASF/sam/drivers/usart/usart.o
                0x00401f34                usart_init_rs232
 .text.usart_enable_tx
                0x00401f88        0x6 src/ASF/sam/drivers/usart/usart.o
                0x00401f88                usart_enable_tx
 .text.usart_enable_rx
                0x00401f8e        0x6 src/ASF/sam/drivers/usart/usart.o
                0x00401f8e                usart_enable_rx
 .text.usart_write
                0x00401f94       0x16 src/ASF/sam/drivers/usart/usart.o
                0x00401f94                usart_write
 .text.usart_read
                0x00401faa       0x18 src/ASF/sam/drivers/usart/usart.o
                0x00401faa                usart_read
 .text.xdmac_configure_transfer
                0x00401fc2       0x3c src/ASF/sam/drivers/xdmac/xdmac.o
                0x00401fc2                xdmac_configure_transfer
 .text.Dummy_Handler
                0x00401ffe        0x2 src/ASF/sam/utils/cmsis/same70/source/templates/gcc/startup_same70.o
                0x00401ffe                DACC_Handler
                0x00401ffe                DebugMon_Handler
                0x00401ffe                UART3_Handler
                0x00401ffe                UART2_Handler
                0x00401ffe                TRNG_Handler
                0x00401ffe                HardFault_Handler
                0x00401ffe                TC2_Handler
                0x00401ffe                SysTick_Handler
                0x00401ffe                AFEC1_Handler
                0x00401ffe                PendSV_Handler
                0x00401ffe                NMI_Handler
                0x00401ffe                TC7_Handler
                0x00401ffe                QSPI_Handler
                0x00401ffe                ISI_Handler
                0x00401ffe                TC9_Handler
                0x00401ffe                RSWDT_Handler
                0x00401ffe                MCAN1_Handler
                0x00401ffe                USART0_Handler
                0x00401ffe                RTT_Handler
                0x00401ffe                USBHS_Handler
                0x00401ffe                RTC_Handler
                0x00401ffe                UsageFault_Handler
                0x00401ffe                TC6_Handler
                0x00401ffe                WDT_Handler
                0x00401ffe                TC4_Handler
                0x00401ffe                TC1_Handler
                0x00401ffe                HSMCI_Handler
                0x00401ffe                UART1_Handler
                0x00401ffe                TC3_Handler
                0x00401ffe                Dummy_Handler
                0x00401ffe                TWIHS1_Handler
                0x00401ffe                XDMAC_Handler
                0x00401ffe                UART4_Handler
                0x00401ffe                PWM1_Handler
                0x00401ffe                USART1_Handler
                0x00401ffe                PWM0_Handler
                0x00401ffe                AFEC0_Handler
                0x00401ffe                SSC_Handler
                0x00401ffe                TC11_Handler
                0x00401ffe                ACC_Handler
                0x00401ffe                PMC_Handler
                0x00401ffe                GMAC_Handler
                0x00401ffe                MemManage_Handler
                0x00401ffe                SUPC_Handler
                0x00401ffe                SVC_Handler
                0x00401ffe                TC8_Handler
                0x00401ffe                EFC_Handler
                0x00401ffe                USART2_Handler
                0x00401ffe                SDRAMC_Handler
                0x00401ffe                SPI1_Handler
                0x00401ffe                MCAN0_Handler
                0x00401ffe                TC10_Handler
                0x00401ffe                TWIHS2_Handler
                0x00401ffe                UART0_Handler
                0x00401ffe                BusFault_Handler
                0x00401ffe                RSTC_Handler
                0x00401ffe                TC0_Handler
                0x00401ffe                TC5_Handler
                0x00401ffe                ICM_Handler
                0x00401ffe                AES_Handler
                0x00401ffe                TWIHS0_Handler
                0x00401ffe                SPI0_Handler
 .text.Reset_Handler
                0x00402000       0xc8 src/ASF/sam/utils/cmsis/same70/source/templates/gcc/startup_same70.o
                0x00402000                Reset_Handler
 .text.SystemCoreClockUpdate
                0x004020c8      0x10c src/ASF/sam/utils/cmsis/same70/source/templates/system_same70.o
                0x004020c8                SystemCoreClockUpdate
 .text.system_init_flash
                0x004021d4       0x8c src/ASF/sam/utils/cmsis/same70/source/templates/system_same70.o
                0x004021d4                system_init_flash
 .text._sbrk    0x00402260       0x38 src/ASF/sam/utils/syscalls/gcc/syscalls.o
                0x00402260                _sbrk
 .text._close   0x00402298        0x6 src/ASF/sam/utils/syscalls/gcc/syscalls.o
                0x00402298                _close
 .text._fstat   0x0040229e        0xa src/ASF/sam/utils/syscalls/gcc/syscalls.o
                0x0040229e                _fstat
 .text._isatty  0x004022a8        0x4 src/ASF/sam/utils/syscalls/gcc/syscalls.o
                0x004022a8                _isatty
 .text._lseek   0x004022ac        0x4 src/ASF/sam/utils/syscalls/gcc/syscalls.o
                0x004022ac                _lseek
 .text.disk_initialize
                0x004022b0       0x40 src/ASF/thirdparty/fatfs/fatfs-port-r0.09/diskio.o
                0x004022b0                disk_initialize
 .text.disk_status
                0x004022f0       0x1c src/ASF/thirdparty/fatfs/fatfs-port-r0.09/diskio.o
                0x004022f0                disk_status
 .text.disk_read
                0x0040230c       0x70 src/ASF/thirdparty/fatfs/fatfs-port-r0.09/diskio.o
                0x0040230c                disk_read
 .text.disk_write
                0x0040237c       0x70 src/ASF/thirdparty/fatfs/fatfs-port-r0.09/diskio.o
                0x0040237c                disk_write
 .text.disk_ioctl
                0x004023ec       0x70 src/ASF/thirdparty/fatfs/fatfs-port-r0.09/diskio.o
                0x004023ec                disk_ioctl
 .text.get_fattime
                0x0040245c       0x58 src/ASF/thirdparty/fatfs/fatfs-port-r0.09/sam/fattime_rtc.o
                0x0040245c                get_fattime
 .text.mem_cpy  0x004024b4       0x14 src/ASF/thirdparty/fatfs/fatfs-r0.09/src/ff.o
 .text.mem_set  0x004024c8        0xe src/ASF/thirdparty/fatfs/fatfs-r0.09/src/ff.o
 .text.clust2sect
                0x004024d6       0x18 src/ASF/thirdparty/fatfs/fatfs-r0.09/src/ff.o
 .text.sum_sfn  0x004024ee       0x1e src/ASF/thirdparty/fatfs/fatfs-r0.09/src/ff.o
 .text.validate
                0x0040250c       0x34 src/ASF/thirdparty/fatfs/fatfs-r0.09/src/ff.o
 .text.check_fs
                0x00402540       0x90 src/ASF/thirdparty/fatfs/fatfs-r0.09/src/ff.o
 .text.chk_mounted
                0x004025d0      0x370 src/ASF/thirdparty/fatfs/fatfs-r0.09/src/ff.o
 .text.move_window
                0x00402940       0x90 src/ASF/thirdparty/fatfs/fatfs-r0.09/src/ff.o
 .text.get_fat  0x004029d0       0xe8 src/ASF/thirdparty/fatfs/fatfs-r0.09/src/ff.o
 .text.dir_sdi  0x00402ab8       0xa4 src/ASF/thirdparty/fatfs/fatfs-r0.09/src/ff.o
 .text.put_fat  0x00402b5c      0x134 src/ASF/thirdparty/fatfs/fatfs-r0.09/src/ff.o
 .text.create_chain
                0x00402c90       0xc0 src/ASF/thirdparty/fatfs/fatfs-r0.09/src/ff.o
 .text.remove_chain
                0x00402d50       0x7c src/ASF/thirdparty/fatfs/fatfs-r0.09/src/ff.o
 .text.dir_next
                0x00402dcc      0x138 src/ASF/thirdparty/fatfs/fatfs-r0.09/src/ff.o
 .text.dir_find
                0x00402f04      0x1a8 src/ASF/thirdparty/fatfs/fatfs-r0.09/src/ff.o
 .text.dir_register
                0x004030ac      0x2dc src/ASF/thirdparty/fatfs/fatfs-r0.09/src/ff.o
 .text.sync     0x00403388       0xcc src/ASF/thirdparty/fatfs/fatfs-r0.09/src/ff.o
 .text.follow_path
                0x00403454      0x324 src/ASF/thirdparty/fatfs/fatfs-r0.09/src/ff.o
 .text.f_mount  0x00403778       0x28 src/ASF/thirdparty/fatfs/fatfs-r0.09/src/ff.o
                0x00403778                f_mount
 .text.f_open   0x004037a0      0x198 src/ASF/thirdparty/fatfs/fatfs-r0.09/src/ff.o
                0x004037a0                f_open
 .text.f_write  0x00403938      0x208 src/ASF/thirdparty/fatfs/fatfs-r0.09/src/ff.o
                0x00403938                f_write
 .text.f_sync   0x00403b40       0x98 src/ASF/thirdparty/fatfs/fatfs-r0.09/src/ff.o
                0x00403b40                f_sync
 .text.f_close  0x00403bd8       0x18 src/ASF/thirdparty/fatfs/fatfs-r0.09/src/ff.o
                0x00403bd8                f_close
 .text.f_putc   0x00403bf0       0x2c src/ASF/thirdparty/fatfs/fatfs-r0.09/src/ff.o
                0x00403bf0                f_putc
 .text.f_puts   0x00403c1c       0x30 src/ASF/thirdparty/fatfs/fatfs-r0.09/src/ff.o
                0x00403c1c                f_puts
 .text.ff_convert
                0x00403c4c       0x40 src/ASF/thirdparty/fatfs/fatfs-r0.09/src/option/ccsbcs.o
                0x00403c4c                ff_convert
 .text.ff_wtoupper
                0x00403c8c       0x30 src/ASF/thirdparty/fatfs/fatfs-r0.09/src/option/ccsbcs.o
                0x00403c8c                ff_wtoupper
 .text.usart_serial_getchar
                0x00403cbc       0xdc src/example.o
 .text.usart_serial_putchar
                0x00403d98       0xd4 src/example.o
 .text.main     0x00403e6c      0x1f0 src/example.o
                0x00403e6c                main
 .text.__libc_init_array
                0x0040405c       0x50 c:/program files (x86)/atmel/studio/7.0/toolchain/arm/arm-gnu-toolchain/bin/../lib/gcc/arm-none-eabi/6.2.1/../../../../arm-none-eabi/lib/thumb/v7e-m\libc.a(lib_a-init.o)
                0x0040405c                __libc_init_array
 .text.iprintf  0x004040ac       0x28 c:/program files (x86)/atmel/studio/7.0/toolchain/arm/arm-gnu-toolchain/bin/../lib/gcc/arm-none-eabi/6.2.1/../../../../arm-none-eabi/lib/thumb/v7e-m\libc.a(lib_a-iprintf.o)
                0x004040ac                iprintf
 .text.memset   0x004040d4       0x9c c:/program files (x86)/atmel/studio/7.0/toolchain/arm/arm-gnu-toolchain/bin/../lib/gcc/arm-none-eabi/6.2.1/../../../../arm-none-eabi/lib/thumb/v7e-m\libc.a(lib_a-memset.o)
                0x004040d4                memset
 .text.setbuf   0x00404170       0x10 c:/program files (x86)/atmel/studio/7.0/toolchain/arm/arm-gnu-toolchain/bin/../lib/gcc/arm-none-eabi/6.2.1/../../../../arm-none-eabi/lib/thumb/v7e-m\libc.a(lib_a-setbuf.o)
                0x00404170                setbuf
 .text.setvbuf  0x00404180      0x14c c:/program files (x86)/atmel/studio/7.0/toolchain/arm/arm-gnu-toolchain/bin/../lib/gcc/arm-none-eabi/6.2.1/../../../../arm-none-eabi/lib/thumb/v7e-m\libc.a(lib_a-setvbuf.o)
                0x00404180                setvbuf
 .text.__sprint_r.part.0
                0x004042cc       0x80 c:/program files (x86)/atmel/studio/7.0/toolchain/arm/arm-gnu-toolchain/bin/../lib/gcc/arm-none-eabi/6.2.1/../../../../arm-none-eabi/lib/thumb/v7e-m\libc.a(lib_a-vfiprintf.o)
 .text._vfiprintf_r
                0x0040434c      0xc00 c:/program files (x86)/atmel/studio/7.0/toolchain/arm/arm-gnu-toolchain/bin/../lib/gcc/arm-none-eabi/6.2.1/../../../../arm-none-eabi/lib/thumb/v7e-m\libc.a(lib_a-vfiprintf.o)
                0x0040434c                _vfiprintf_r
 .text.__sbprintf
                0x00404f4c       0x6c c:/program files (x86)/atmel/studio/7.0/toolchain/arm/arm-gnu-toolchain/bin/../lib/gcc/arm-none-eabi/6.2.1/../../../../arm-none-eabi/lib/thumb/v7e-m\libc.a(lib_a-vfiprintf.o)
 .text.__swsetup_r
                0x00404fb8       0xc8 c:/program files (x86)/atmel/studio/7.0/toolchain/arm/arm-gnu-toolchain/bin/../lib/gcc/arm-none-eabi/6.2.1/../../../../arm-none-eabi/lib/thumb/v7e-m\libc.a(lib_a-wsetup.o)
                0x00404fb8                __swsetup_r
 .text.startup.register_fini
                0x00405080       0x14 c:/program files (x86)/atmel/studio/7.0/toolchain/arm/arm-gnu-toolchain/bin/../lib/gcc/arm-none-eabi/6.2.1/../../../../arm-none-eabi/lib/thumb/v7e-m\libc.a(lib_a-__call_atexit.o)
 .text.atexit   0x00405094        0xc c:/program files (x86)/atmel/studio/7.0/toolchain/arm/arm-gnu-toolchain/bin/../lib/gcc/arm-none-eabi/6.2.1/../../../../arm-none-eabi/lib/thumb/v7e-m\libc.a(lib_a-atexit.o)
                0x00405094                atexit
 .text.__sflush_r
                0x004050a0      0x140 c:/program files (x86)/atmel/studio/7.0/toolchain/arm/arm-gnu-toolchain/bin/../lib/gcc/arm-none-eabi/6.2.1/../../../../arm-none-eabi/lib/thumb/v7e-m\libc.a(lib_a-fflush.o)
                0x004050a0                __sflush_r
 .text._fflush_r
                0x004051e0       0x2c c:/program files (x86)/atmel/studio/7.0/toolchain/arm/arm-gnu-toolchain/bin/../lib/gcc/arm-none-eabi/6.2.1/../../../../arm-none-eabi/lib/thumb/v7e-m\libc.a(lib_a-fflush.o)
                0x004051e0                _fflush_r
 .text._cleanup_r
                0x0040520c        0xc c:/program files (x86)/atmel/studio/7.0/toolchain/arm/arm-gnu-toolchain/bin/../lib/gcc/arm-none-eabi/6.2.1/../../../../arm-none-eabi/lib/thumb/v7e-m\libc.a(lib_a-findfp.o)
                0x0040520c                _cleanup_r
 .text.__sinit.part.1
                0x00405218       0xf0 c:/program files (x86)/atmel/studio/7.0/toolchain/arm/arm-gnu-toolchain/bin/../lib/gcc/arm-none-eabi/6.2.1/../../../../arm-none-eabi/lib/thumb/v7e-m\libc.a(lib_a-findfp.o)
 .text.__sinit  0x00405308        0xc c:/program files (x86)/atmel/studio/7.0/toolchain/arm/arm-gnu-toolchain/bin/../lib/gcc/arm-none-eabi/6.2.1/../../../../arm-none-eabi/lib/thumb/v7e-m\libc.a(lib_a-findfp.o)
                0x00405308                __sinit
 .text.__sfp_lock_acquire
                0x00405314        0x4 c:/program files (x86)/atmel/studio/7.0/toolchain/arm/arm-gnu-toolchain/bin/../lib/gcc/arm-none-eabi/6.2.1/../../../../arm-none-eabi/lib/thumb/v7e-m\libc.a(lib_a-findfp.o)
                0x00405314                __sfp_lock_acquire
 .text.__sfp_lock_release
                0x00405318        0x4 c:/program files (x86)/atmel/studio/7.0/toolchain/arm/arm-gnu-toolchain/bin/../lib/gcc/arm-none-eabi/6.2.1/../../../../arm-none-eabi/lib/thumb/v7e-m\libc.a(lib_a-findfp.o)
                0x00405318                __sfp_lock_release
 .text.__libc_fini_array
                0x0040531c       0x34 c:/program files (x86)/atmel/studio/7.0/toolchain/arm/arm-gnu-toolchain/bin/../lib/gcc/arm-none-eabi/6.2.1/../../../../arm-none-eabi/lib/thumb/v7e-m\libc.a(lib_a-fini.o)
                0x0040531c                __libc_fini_array
 .text.__fputwc
                0x00405350       0xa0 c:/program files (x86)/atmel/studio/7.0/toolchain/arm/arm-gnu-toolchain/bin/../lib/gcc/arm-none-eabi/6.2.1/../../../../arm-none-eabi/lib/thumb/v7e-m\libc.a(lib_a-fputwc.o)
                0x00405350                __fputwc
 .text._fputwc_r
                0x004053f0       0x24 c:/program files (x86)/atmel/studio/7.0/toolchain/arm/arm-gnu-toolchain/bin/../lib/gcc/arm-none-eabi/6.2.1/../../../../arm-none-eabi/lib/thumb/v7e-m\libc.a(lib_a-fputwc.o)
                0x004053f0                _fputwc_r
 .text._malloc_trim_r
                0x00405414       0xa0 c:/program files (x86)/atmel/studio/7.0/toolchain/arm/arm-gnu-toolchain/bin/../lib/gcc/arm-none-eabi/6.2.1/../../../../arm-none-eabi/lib/thumb/v7e-m\libc.a(lib_a-freer.o)
                0x00405414                _malloc_trim_r
 .text._free_r  0x004054b4      0x1cc c:/program files (x86)/atmel/studio/7.0/toolchain/arm/arm-gnu-toolchain/bin/../lib/gcc/arm-none-eabi/6.2.1/../../../../arm-none-eabi/lib/thumb/v7e-m\libc.a(lib_a-freer.o)
                0x004054b4                _free_r
 .text.__sfvwrite_r
                0x00405680      0x2f0 c:/program files (x86)/atmel/studio/7.0/toolchain/arm/arm-gnu-toolchain/bin/../lib/gcc/arm-none-eabi/6.2.1/../../../../arm-none-eabi/lib/thumb/v7e-m\libc.a(lib_a-fvwrite.o)
                0x00405680                __sfvwrite_r
 .text._fwalk_reent
                0x00405970       0x54 c:/program files (x86)/atmel/studio/7.0/toolchain/arm/arm-gnu-toolchain/bin/../lib/gcc/arm-none-eabi/6.2.1/../../../../arm-none-eabi/lib/thumb/v7e-m\libc.a(lib_a-fwalk.o)
                0x00405970                _fwalk_reent
 .text.__locale_mb_cur_max
                0x004059c4       0x1c c:/program files (x86)/atmel/studio/7.0/toolchain/arm/arm-gnu-toolchain/bin/../lib/gcc/arm-none-eabi/6.2.1/../../../../arm-none-eabi/lib/thumb/v7e-m\libc.a(lib_a-locale.o)
                0x004059c4                __locale_mb_cur_max
 .text.__swhatbuf_r
                0x004059e0       0x5c c:/program files (x86)/atmel/studio/7.0/toolchain/arm/arm-gnu-toolchain/bin/../lib/gcc/arm-none-eabi/6.2.1/../../../../arm-none-eabi/lib/thumb/v7e-m\libc.a(lib_a-makebuf.o)
                0x004059e0                __swhatbuf_r
 .text.__smakebuf_r
                0x00405a3c       0x88 c:/program files (x86)/atmel/studio/7.0/toolchain/arm/arm-gnu-toolchain/bin/../lib/gcc/arm-none-eabi/6.2.1/../../../../arm-none-eabi/lib/thumb/v7e-m\libc.a(lib_a-makebuf.o)
                0x00405a3c                __smakebuf_r
 .text.malloc   0x00405ac4       0x10 c:/program files (x86)/atmel/studio/7.0/toolchain/arm/arm-gnu-toolchain/bin/../lib/gcc/arm-none-eabi/6.2.1/../../../../arm-none-eabi/lib/thumb/v7e-m\libc.a(lib_a-malloc.o)
                0x00405ac4                malloc
 .text._malloc_r
                0x00405ad4      0x560 c:/program files (x86)/atmel/studio/7.0/toolchain/arm/arm-gnu-toolchain/bin/../lib/gcc/arm-none-eabi/6.2.1/../../../../arm-none-eabi/lib/thumb/v7e-m\libc.a(lib_a-mallocr.o)
                0x00405ad4                _malloc_r
 .text.__ascii_mbtowc
                0x00406034       0x2c c:/program files (x86)/atmel/studio/7.0/toolchain/arm/arm-gnu-toolchain/bin/../lib/gcc/arm-none-eabi/6.2.1/../../../../arm-none-eabi/lib/thumb/v7e-m\libc.a(lib_a-mbtowc_r.o)
                0x00406034                __ascii_mbtowc
 .text          0x00406060       0xa0 c:/program files (x86)/atmel/studio/7.0/toolchain/arm/arm-gnu-toolchain/bin/../lib/gcc/arm-none-eabi/6.2.1/../../../../arm-none-eabi/lib/thumb/v7e-m\libc.a(lib_a-memchr.o)
                0x00406060                memchr
 .text          0x00406100      0x134 c:/program files (x86)/atmel/studio/7.0/toolchain/arm/arm-gnu-toolchain/bin/../lib/gcc/arm-none-eabi/6.2.1/../../../../arm-none-eabi/lib/thumb/v7e-m\libc.a(lib_a-memcpy.o)
                0x00406100                memcpy
 .text.memmove  0x00406234       0xc8 c:/program files (x86)/atmel/studio/7.0/toolchain/arm/arm-gnu-toolchain/bin/../lib/gcc/arm-none-eabi/6.2.1/../../../../arm-none-eabi/lib/thumb/v7e-m\libc.a(lib_a-memmove.o)
                0x00406234                memmove
 .text.__malloc_lock
                0x004062fc        0x4 c:/program files (x86)/atmel/studio/7.0/toolchain/arm/arm-gnu-toolchain/bin/../lib/gcc/arm-none-eabi/6.2.1/../../../../arm-none-eabi/lib/thumb/v7e-m\libc.a(lib_a-mlock.o)
                0x004062fc                __malloc_lock
 .text.__malloc_unlock
                0x00406300        0x4 c:/program files (x86)/atmel/studio/7.0/toolchain/arm/arm-gnu-toolchain/bin/../lib/gcc/arm-none-eabi/6.2.1/../../../../arm-none-eabi/lib/thumb/v7e-m\libc.a(lib_a-mlock.o)
                0x00406300                __malloc_unlock
 .text._realloc_r
                0x00406304      0x34c c:/program files (x86)/atmel/studio/7.0/toolchain/arm/arm-gnu-toolchain/bin/../lib/gcc/arm-none-eabi/6.2.1/../../../../arm-none-eabi/lib/thumb/v7e-m\libc.a(lib_a-reallocr.o)
                0x00406304                _realloc_r
 .text._sbrk_r  0x00406650       0x24 c:/program files (x86)/atmel/studio/7.0/toolchain/arm/arm-gnu-toolchain/bin/../lib/gcc/arm-none-eabi/6.2.1/../../../../arm-none-eabi/lib/thumb/v7e-m\libc.a(lib_a-sbrkr.o)
                0x00406650                _sbrk_r
 .text.__sread  0x00406674       0x24 c:/program files (x86)/atmel/studio/7.0/toolchain/arm/arm-gnu-toolchain/bin/../lib/gcc/arm-none-eabi/6.2.1/../../../../arm-none-eabi/lib/thumb/v7e-m\libc.a(lib_a-stdio.o)
                0x00406674                __sread
 .text.__swrite
                0x00406698       0x3c c:/program files (x86)/atmel/studio/7.0/toolchain/arm/arm-gnu-toolchain/bin/../lib/gcc/arm-none-eabi/6.2.1/../../../../arm-none-eabi/lib/thumb/v7e-m\libc.a(lib_a-stdio.o)
                0x00406698                __swrite
 .text.__sseek  0x004066d4       0x20 c:/program files (x86)/atmel/studio/7.0/toolchain/arm/arm-gnu-toolchain/bin/../lib/gcc/arm-none-eabi/6.2.1/../../../../arm-none-eabi/lib/thumb/v7e-m\libc.a(lib_a-stdio.o)
                0x004066d4                __sseek
 .text.__sclose
                0x004066f4        0x8 c:/program files (x86)/atmel/studio/7.0/toolchain/arm/arm-gnu-toolchain/bin/../lib/gcc/arm-none-eabi/6.2.1/../../../../arm-none-eabi/lib/thumb/v7e-m\libc.a(lib_a-stdio.o)
                0x004066f4                __sclose
 *fill*         0x004066fc        0x4 
 .text          0x00406700       0xdc c:/program files (x86)/atmel/studio/7.0/toolchain/arm/arm-gnu-toolchain/bin/../lib/gcc/arm-none-eabi/6.2.1/../../../../arm-none-eabi/lib/thumb/v7e-m\libc.a(lib_a-strlen.o)
                0x00406700                strlen
 .text.__swbuf_r
                0x004067dc       0xb0 c:/program files (x86)/atmel/studio/7.0/toolchain/arm/arm-gnu-toolchain/bin/../lib/gcc/arm-none-eabi/6.2.1/../../../../arm-none-eabi/lib/thumb/v7e-m\libc.a(lib_a-wbuf.o)
                0x004067dc                __swbuf_r
 .text._wcrtomb_r
                0x0040688c       0x54 c:/program files (x86)/atmel/studio/7.0/toolchain/arm/arm-gnu-toolchain/bin/../lib/gcc/arm-none-eabi/6.2.1/../../../../arm-none-eabi/lib/thumb/v7e-m\libc.a(lib_a-wcrtomb.o)
                0x0040688c                _wcrtomb_r
 .text.__ascii_wctomb
                0x004068e0       0x1c c:/program files (x86)/atmel/studio/7.0/toolchain/arm/arm-gnu-toolchain/bin/../lib/gcc/arm-none-eabi/6.2.1/../../../../arm-none-eabi/lib/thumb/v7e-m\libc.a(lib_a-wctomb_r.o)
                0x004068e0                __ascii_wctomb
 .text._write_r
                0x004068fc       0x2c c:/program files (x86)/atmel/studio/7.0/toolchain/arm/arm-gnu-toolchain/bin/../lib/gcc/arm-none-eabi/6.2.1/../../../../arm-none-eabi/lib/thumb/v7e-m\libc.a(lib_a-writer.o)
                0x004068fc                _write_r
 .text.__register_exitproc
                0x00406928       0xa4 c:/program files (x86)/atmel/studio/7.0/toolchain/arm/arm-gnu-toolchain/bin/../lib/gcc/arm-none-eabi/6.2.1/../../../../arm-none-eabi/lib/thumb/v7e-m\libc.a(lib_a-__atexit.o)
                0x00406928                __register_exitproc
 .text._close_r
                0x004069cc       0x24 c:/program files (x86)/atmel/studio/7.0/toolchain/arm/arm-gnu-toolchain/bin/../lib/gcc/arm-none-eabi/6.2.1/../../../../arm-none-eabi/lib/thumb/v7e-m\libc.a(lib_a-closer.o)
                0x004069cc                _close_r
 .text._fclose_r
                0x004069f0       0x80 c:/program files (x86)/atmel/studio/7.0/toolchain/arm/arm-gnu-toolchain/bin/../lib/gcc/arm-none-eabi/6.2.1/../../../../arm-none-eabi/lib/thumb/v7e-m\libc.a(lib_a-fclose.o)
                0x004069f0                _fclose_r
 .text._fstat_r
                0x00406a70       0x28 c:/program files (x86)/atmel/studio/7.0/toolchain/arm/arm-gnu-toolchain/bin/../lib/gcc/arm-none-eabi/6.2.1/../../../../arm-none-eabi/lib/thumb/v7e-m\libc.a(lib_a-fstatr.o)
                0x00406a70                _fstat_r
 .text._isatty_r
                0x00406a98       0x24 c:/program files (x86)/atmel/studio/7.0/toolchain/arm/arm-gnu-toolchain/bin/../lib/gcc/arm-none-eabi/6.2.1/../../../../arm-none-eabi/lib/thumb/v7e-m\libc.a(lib_a-isattyr.o)
                0x00406a98                _isatty_r
 .text._lseek_r
                0x00406abc       0x2c c:/program files (x86)/atmel/studio/7.0/toolchain/arm/arm-gnu-toolchain/bin/../lib/gcc/arm-none-eabi/6.2.1/../../../../arm-none-eabi/lib/thumb/v7e-m\libc.a(lib_a-lseekr.o)
                0x00406abc                _lseek_r
 .text._read_r  0x00406ae8       0x2c c:/program files (x86)/atmel/studio/7.0/toolchain/arm/arm-gnu-toolchain/bin/../lib/gcc/arm-none-eabi/6.2.1/../../../../arm-none-eabi/lib/thumb/v7e-m\libc.a(lib_a-readr.o)
                0x00406ae8                _read_r
 .text          0x00406b14       0x30 c:/program files (x86)/atmel/studio/7.0/toolchain/arm/arm-gnu-toolchain/bin/../lib/gcc/arm-none-eabi/6.2.1/thumb/v7e-m\libgcc.a(_aeabi_uldivmod.o)
                0x00406b14                __aeabi_uldivmod
 .text          0x00406b44      0x2dc c:/program files (x86)/atmel/studio/7.0/toolchain/arm/arm-gnu-toolchain/bin/../lib/gcc/arm-none-eabi/6.2.1/thumb/v7e-m\libgcc.a(_udivmoddi4.o)
                0x00406b44                __udivmoddi4
 .text          0x00406e20        0x4 c:/program files (x86)/atmel/studio/7.0/toolchain/arm/arm-gnu-toolchain/bin/../lib/gcc/arm-none-eabi/6.2.1/thumb/v7e-m\libgcc.a(_dvmd_tls.o)
                0x00406e20                __aeabi_idiv0
                0x00406e20                __aeabi_ldiv0
 *(.glue_7t)
 .glue_7t       0x00406e24        0x0 linker stubs
 *(.glue_7)
 .glue_7        0x00406e24        0x0 linker stubs
 *(.rodata .rodata* .gnu.linkonce.r.*)
 .rodata.mmc_trans_multipliers
                0x00406e24       0x40 src/ASF/common/components/memory/sd_mmc/sd_mmc.o
                0x00406e24                mmc_trans_multipliers
 .rodata.sd_mmc_trans_units
                0x00406e64       0x1c src/ASF/common/components/memory/sd_mmc/sd_mmc.o
                0x00406e64                sd_mmc_trans_units
 .rodata.sd_trans_multipliers
                0x00406e80       0x40 src/ASF/common/components/memory/sd_mmc/sd_mmc.o
                0x00406e80                sd_trans_multipliers
 .rodata.LfnOfs
                0x00406ec0        0xd src/ASF/thirdparty/fatfs/fatfs-r0.09/src/ff.o
 *fill*         0x00406ecd        0x3 
 .rodata.excvt.5681
                0x00406ed0       0x80 src/ASF/thirdparty/fatfs/fatfs-r0.09/src/ff.o
 .rodata.follow_path.str1.4
                0x00406f50       0x13 src/ASF/thirdparty/fatfs/fatfs-r0.09/src/ff.o
 *fill*         0x00406f63        0x1 
 .rodata.Tbl    0x00406f64      0x100 src/ASF/thirdparty/fatfs/fatfs-r0.09/src/option/ccsbcs.o
 .rodata.tbl_lower.5431
                0x00407064      0x1e0 src/ASF/thirdparty/fatfs/fatfs-r0.09/src/option/ccsbcs.o
 .rodata.tbl_upper.5432
                0x00407244      0x1e0 src/ASF/thirdparty/fatfs/fatfs-r0.09/src/option/ccsbcs.o
 .rodata.main.str1.4
                0x00407424      0x1a6 src/example.o
 *fill*         0x004075ca        0x2 
 .rodata._global_impure_ptr
                0x004075cc        0x4 c:/program files (x86)/atmel/studio/7.0/toolchain/arm/arm-gnu-toolchain/bin/../lib/gcc/arm-none-eabi/6.2.1/../../../../arm-none-eabi/lib/thumb/v7e-m\libc.a(lib_a-impure.o)
                0x004075cc                _global_impure_ptr
 .rodata._vfiprintf_r.str1.4
                0x004075d0       0x2f c:/program files (x86)/atmel/studio/7.0/toolchain/arm/arm-gnu-toolchain/bin/../lib/gcc/arm-none-eabi/6.2.1/../../../../arm-none-eabi/lib/thumb/v7e-m\libc.a(lib_a-vfiprintf.o)
 *fill*         0x004075ff        0x1 
 .rodata.blanks.7202
                0x00407600       0x10 c:/program files (x86)/atmel/studio/7.0/toolchain/arm/arm-gnu-toolchain/bin/../lib/gcc/arm-none-eabi/6.2.1/../../../../arm-none-eabi/lib/thumb/v7e-m\libc.a(lib_a-vfiprintf.o)
 .rodata.zeroes.7203
                0x00407610       0x10 c:/program files (x86)/atmel/studio/7.0/toolchain/arm/arm-gnu-toolchain/bin/../lib/gcc/arm-none-eabi/6.2.1/../../../../arm-none-eabi/lib/thumb/v7e-m\libc.a(lib_a-vfiprintf.o)
 .rodata._setlocale_r.str1.4
                0x00407620        0xa c:/program files (x86)/atmel/studio/7.0/toolchain/arm/arm-gnu-toolchain/bin/../lib/gcc/arm-none-eabi/6.2.1/../../../../arm-none-eabi/lib/thumb/v7e-m\libc.a(lib_a-locale.o)
                                  0xd (size before relaxing)
 *fill*         0x0040762a        0x2 
 .rodata.str1.4
                0x0040762c        0x4 c:/program files (x86)/atmel/studio/7.0/toolchain/arm/arm-gnu-toolchain/bin/../lib/gcc/arm-none-eabi/6.2.1/../../../../arm-none-eabi/lib/thumb/v7e-m\libc.a(lib_a-locale.o)
                                  0x2 (size before relaxing)
 .rodata._ctype_
                0x00407630      0x101 c:/program files (x86)/atmel/studio/7.0/toolchain/arm/arm-gnu-toolchain/bin/../lib/gcc/arm-none-eabi/6.2.1/../../../../arm-none-eabi/lib/thumb/v7e-m\libc.a(lib_a-ctype_.o)
                0x00407630                _ctype_
 *(.ARM.extab* .gnu.linkonce.armextab.*)
                0x00407734                . = ALIGN (0x4)
 *fill*         0x00407731        0x3 
 *(.init)
 .init          0x00407734        0x4 c:/program files (x86)/atmel/studio/7.0/toolchain/arm/arm-gnu-toolchain/bin/../lib/gcc/arm-none-eabi/6.2.1/thumb/v7e-m/crti.o
                0x00407734                _init
 .init          0x00407738        0x8 c:/program files (x86)/atmel/studio/7.0/toolchain/arm/arm-gnu-toolchain/bin/../lib/gcc/arm-none-eabi/6.2.1/thumb/v7e-m/crtn.o
                0x00407740                . = ALIGN (0x4)
                0x00407740                __preinit_array_start = .
 *(.preinit_array)
                0x00407740                __preinit_array_end = .
                0x00407740                . = ALIGN (0x4)
                0x00407740                __init_array_start = .
 *(SORT(.init_array.*))
 .init_array.00000
                0x00407740        0x4 c:/program files (x86)/atmel/studio/7.0/toolchain/arm/arm-gnu-toolchain/bin/../lib/gcc/arm-none-eabi/6.2.1/../../../../arm-none-eabi/lib/thumb/v7e-m\libc.a(lib_a-__call_atexit.o)
 *(.init_array)
 .init_array    0x00407744        0x4 c:/program files (x86)/atmel/studio/7.0/toolchain/arm/arm-gnu-toolchain/bin/../lib/gcc/arm-none-eabi/6.2.1/thumb/v7e-m/crtbegin.o
                0x00407748                __init_array_end = .
                0x00407748                . = ALIGN (0x4)
 *crtbegin.o(.ctors)
 *(EXCLUDE_FILE(*crtend.o) .ctors)
 *(SORT(.ctors.*))
 *crtend.o(.ctors)
                0x00407748                . = ALIGN (0x4)
 *(.fini)
 .fini          0x00407748        0x4 c:/program files (x86)/atmel/studio/7.0/toolchain/arm/arm-gnu-toolchain/bin/../lib/gcc/arm-none-eabi/6.2.1/thumb/v7e-m/crti.o
                0x00407748                _fini
 .fini          0x0040774c        0x8 c:/program files (x86)/atmel/studio/7.0/toolchain/arm/arm-gnu-toolchain/bin/../lib/gcc/arm-none-eabi/6.2.1/thumb/v7e-m/crtn.o
                0x00407754                . = ALIGN (0x4)
                0x00407754                __fini_array_start = .
 *(.fini_array)
 .fini_array    0x00407754        0x4 c:/program files (x86)/atmel/studio/7.0/toolchain/arm/arm-gnu-toolchain/bin/../lib/gcc/arm-none-eabi/6.2.1/thumb/v7e-m/crtbegin.o
 *(SORT(.fini_array.*))
                0x00407758                __fini_array_end = .
 *crtbegin.o(.dtors)
 *(EXCLUDE_FILE(*crtend.o) .dtors)
 *(SORT(.dtors.*))
 *crtend.o(.dtors)
                0x00407758                . = ALIGN (0x4)
                0x00407758                _efixed = .
                [!provide]                PROVIDE (__exidx_start, .)

.vfp11_veneer   0x00407758        0x0
 .vfp11_veneer  0x00407758        0x0 linker stubs

.v4_bx          0x00407758        0x0
 .v4_bx         0x00407758        0x0 linker stubs

.iplt           0x00407758        0x0
 .iplt          0x00407758        0x0 c:/program files (x86)/atmel/studio/7.0/toolchain/arm/arm-gnu-toolchain/bin/../lib/gcc/arm-none-eabi/6.2.1/thumb/v7e-m/crtbegin.o

.ARM.exidx      0x00407758        0x8
 *(.ARM.exidx* .gnu.linkonce.armexidx.*)
 .ARM.exidx     0x00407758        0x8 c:/program files (x86)/atmel/studio/7.0/toolchain/arm/arm-gnu-toolchain/bin/../lib/gcc/arm-none-eabi/6.2.1/thumb/v7e-m\libgcc.a(_udivmoddi4.o)
                [!provide]                PROVIDE (__exidx_end, .)

.eh_frame       0x00407760        0x0
 .eh_frame      0x00407760        0x0 c:/program files (x86)/atmel/studio/7.0/toolchain/arm/arm-gnu-toolchain/bin/../lib/gcc/arm-none-eabi/6.2.1/thumb/v7e-m/crtbegin.o

.rel.dyn        0x00407760        0x0
 .rel.iplt      0x00407760        0x0 c:/program files (x86)/atmel/studio/7.0/toolchain/arm/arm-gnu-toolchain/bin/../lib/gcc/arm-none-eabi/6.2.1/thumb/v7e-m/crtbegin.o

.jcr            0x00407760        0x0
 .jcr           0x00407760        0x0 c:/program files (x86)/atmel/studio/7.0/toolchain/arm/arm-gnu-toolchain/bin/../lib/gcc/arm-none-eabi/6.2.1/thumb/v7e-m/crtbegin.o

.igot.plt       0x00407760        0x0
 .igot.plt      0x00407760        0x0 c:/program files (x86)/atmel/studio/7.0/toolchain/arm/arm-gnu-toolchain/bin/../lib/gcc/arm-none-eabi/6.2.1/thumb/v7e-m/crtbegin.o
                0x00407760                . = ALIGN (0x4)
                0x00407760                _etext = .

.relocate       0x20400000      0x9e4 load address 0x00407760
                0x20400000                . = ALIGN (0x4)
                0x20400000                _srelocate = .
 *(.ramfunc .ramfunc.*)
 .ramfunc       0x20400000        0xa src/ASF/common/services/delay/sam/cycle_counter.o
                0x20400000                portable_delay_cycles
 *(.data .data.*)
 *fill*         0x2040000a        0x2 
 .data.sd_mmc_cards
                0x2040000c       0x24 src/ASF/common/components/memory/sd_mmc/sd_mmc.o
 .data.g_interrupt_enabled
                0x20400030        0x1 src/ASF/common/utils/interrupt/interrupt_sam_nvic.o
                0x20400030                g_interrupt_enabled
 *fill*         0x20400031        0x3 
 .data.SystemCoreClock
                0x20400034        0x4 src/ASF/sam/utils/cmsis/same70/source/templates/system_same70.o
                0x20400034                SystemCoreClock
 .data._impure_ptr
                0x20400038        0x4 c:/program files (x86)/atmel/studio/7.0/toolchain/arm/arm-gnu-toolchain/bin/../lib/gcc/arm-none-eabi/6.2.1/../../../../arm-none-eabi/lib/thumb/v7e-m\libc.a(lib_a-impure.o)
                0x20400038                _impure_ptr
 *fill*         0x2040003c        0x4 
 .data.impure_data
                0x20400040      0x428 c:/program files (x86)/atmel/studio/7.0/toolchain/arm/arm-gnu-toolchain/bin/../lib/gcc/arm-none-eabi/6.2.1/../../../../arm-none-eabi/lib/thumb/v7e-m\libc.a(lib_a-impure.o)
 .data.__global_locale
                0x20400468      0x16c c:/program files (x86)/atmel/studio/7.0/toolchain/arm/arm-gnu-toolchain/bin/../lib/gcc/arm-none-eabi/6.2.1/../../../../arm-none-eabi/lib/thumb/v7e-m\libc.a(lib_a-locale.o)
                0x20400468                __global_locale
 .data.__malloc_av_
                0x204005d4      0x408 c:/program files (x86)/atmel/studio/7.0/toolchain/arm/arm-gnu-toolchain/bin/../lib/gcc/arm-none-eabi/6.2.1/../../../../arm-none-eabi/lib/thumb/v7e-m\libc.a(lib_a-mallocr.o)
                0x204005d4                __malloc_av_
 .data.__malloc_sbrk_base
                0x204009dc        0x4 c:/program files (x86)/atmel/studio/7.0/toolchain/arm/arm-gnu-toolchain/bin/../lib/gcc/arm-none-eabi/6.2.1/../../../../arm-none-eabi/lib/thumb/v7e-m\libc.a(lib_a-mallocr.o)
                0x204009dc                __malloc_sbrk_base
 .data.__malloc_trim_threshold
                0x204009e0        0x4 c:/program files (x86)/atmel/studio/7.0/toolchain/arm/arm-gnu-toolchain/bin/../lib/gcc/arm-none-eabi/6.2.1/../../../../arm-none-eabi/lib/thumb/v7e-m\libc.a(lib_a-mallocr.o)
                0x204009e0                __malloc_trim_threshold
                0x204009e4                . = ALIGN (0x4)
                0x204009e4                _erelocate = .

.bss            0x204009e4      0x114 load address 0x00408144
                0x204009e4                . = ALIGN (0x4)
                0x204009e4                _sbss = .
                0x204009e4                _szero = .
 *(.bss .bss.*)
 .bss           0x204009e4       0x1c c:/program files (x86)/atmel/studio/7.0/toolchain/arm/arm-gnu-toolchain/bin/../lib/gcc/arm-none-eabi/6.2.1/thumb/v7e-m/crtbegin.o
 .bss.sd_mmc_card
                0x20400a00        0x4 src/ASF/common/components/memory/sd_mmc/sd_mmc.o
 .bss.sd_mmc_nb_block_remaining
                0x20400a04        0x2 src/ASF/common/components/memory/sd_mmc/sd_mmc.o
 .bss.sd_mmc_nb_block_to_tranfer
                0x20400a06        0x2 src/ASF/common/components/memory/sd_mmc/sd_mmc.o
 .bss.sd_mmc_sam_systick_used
                0x20400a08        0x1 src/ASF/common/components/memory/sd_mmc/sd_mmc.o
 .bss.sd_mmc_slot_sel
                0x20400a09        0x1 src/ASF/common/components/memory/sd_mmc/sd_mmc.o
 *fill*         0x20400a0a        0x2 
 .bss.sd_mmc_ejected
                0x20400a0c        0x2 src/ASF/common/components/memory/sd_mmc/sd_mmc_mem.o
 .bss.hsmci_block_size
                0x20400a0e        0x2 src/ASF/sam/drivers/hsmci/hsmci.o
 .bss.hsmci_nb_block
                0x20400a10        0x2 src/ASF/sam/drivers/hsmci/hsmci.o
 *fill*         0x20400a12        0x2 
 .bss.hsmci_transfert_pos
                0x20400a14        0x4 src/ASF/sam/drivers/hsmci/hsmci.o
 .bss.gs_interrupt_sources
                0x20400a18       0x70 src/ASF/sam/drivers/pio/pio_handler.o
 .bss.ul_reg_val.9301
                0x20400a88        0x4 src/ASF/sam/drivers/usart/usart.o
 .bss.heap.6400
                0x20400a8c        0x4 src/ASF/sam/utils/syscalls/gcc/syscalls.o
 .bss.FatFs     0x20400a90       0x20 src/ASF/thirdparty/fatfs/fatfs-r0.09/src/ff.o
 .bss.Fsid      0x20400ab0        0x2 src/ASF/thirdparty/fatfs/fatfs-r0.09/src/ff.o
 *fill*         0x20400ab2        0x2 
 .bss.__malloc_current_mallinfo
                0x20400ab4       0x28 c:/program files (x86)/atmel/studio/7.0/toolchain/arm/arm-gnu-toolchain/bin/../lib/gcc/arm-none-eabi/6.2.1/../../../../arm-none-eabi/lib/thumb/v7e-m\libc.a(lib_a-mallocr.o)
                0x20400ab4                __malloc_current_mallinfo
 .bss.__malloc_max_sbrked_mem
                0x20400adc        0x4 c:/program files (x86)/atmel/studio/7.0/toolchain/arm/arm-gnu-toolchain/bin/../lib/gcc/arm-none-eabi/6.2.1/../../../../arm-none-eabi/lib/thumb/v7e-m\libc.a(lib_a-mallocr.o)
                0x20400adc                __malloc_max_sbrked_mem
 .bss.__malloc_max_total_mem
                0x20400ae0        0x4 c:/program files (x86)/atmel/studio/7.0/toolchain/arm/arm-gnu-toolchain/bin/../lib/gcc/arm-none-eabi/6.2.1/../../../../arm-none-eabi/lib/thumb/v7e-m\libc.a(lib_a-mallocr.o)
                0x20400ae0                __malloc_max_total_mem
 .bss.__malloc_top_pad
                0x20400ae4        0x4 c:/program files (x86)/atmel/studio/7.0/toolchain/arm/arm-gnu-toolchain/bin/../lib/gcc/arm-none-eabi/6.2.1/../../../../arm-none-eabi/lib/thumb/v7e-m\libc.a(lib_a-mallocr.o)
                0x20400ae4                __malloc_top_pad
 *(COMMON)
 COMMON         0x20400ae8        0x4 src/ASF/common/utils/stdio/read.o
                0x20400ae8                ptr_get
 COMMON         0x20400aec        0x8 src/ASF/common/utils/stdio/write.o
                0x20400aec                ptr_put
                0x20400af0                stdio_base
 COMMON         0x20400af4        0x4 c:/program files (x86)/atmel/studio/7.0/toolchain/arm/arm-gnu-toolchain/bin/../lib/gcc/arm-none-eabi/6.2.1/../../../../arm-none-eabi/lib/thumb/v7e-m\libc.a(lib_a-reent.o)
                0x20400af4                errno
                0x20400af8                . = ALIGN (0x4)
                0x20400af8                _ebss = .
                0x20400af8                _ezero = .

.stack          0x20400af8     0x2000 load address 0x00408258
                0x20400af8                . = ALIGN (0x8)
                0x20400af8                _sstack = .
                0x20402af8                . = (. + STACK_SIZE)
 *fill*         0x20400af8     0x2000 
                0x20402af8                . = ALIGN (0x8)
                0x20402af8                _estack = .

.heap           0x20402af8      0x200 load address 0x0040a258
                0x20402af8                . = ALIGN (0x8)
                0x20402af8                _sheap = .
                0x20402cf8                . = (. + HEAP_SIZE)
 *fill*         0x20402af8      0x200 
                0x20402cf8                . = ALIGN (0x8)
                0x20402cf8                _eheap = .
                0x20402cf8                . = ALIGN (0x4)
                0x20402cf8                _end = .
                0x2045ffff                _ram_end_ = ((ORIGIN (ram) + LENGTH (ram)) - 0x1)
OUTPUT(SD_MMC_EXAMPLE23.elf elf32-littlearm)

.ARM.attributes
                0x00000000       0x2e
 .ARM.attributes
                0x00000000       0x1e c:/program files (x86)/atmel/studio/7.0/toolchain/arm/arm-gnu-toolchain/bin/../lib/gcc/arm-none-eabi/6.2.1/thumb/v7e-m/crti.o
 .ARM.attributes
                0x0000001e       0x2e c:/program files (x86)/atmel/studio/7.0/toolchain/arm/arm-gnu-toolchain/bin/../lib/gcc/arm-none-eabi/6.2.1/thumb/v7e-m/crtbegin.o
 .ARM.attributes
                0x0000004c       0x37 src/ASF/common/components/memory/sd_mmc/sd_mmc.o
 .ARM.attributes
                0x00000083       0x37 src/ASF/common/components/memory/sd_mmc/sd_mmc_mem.o
 .ARM.attributes
                0x000000ba       0x37 src/ASF/common/services/clock/same70/sysclk.o
 .ARM.attributes
                0x000000f1       0x37 src/ASF/common/services/delay/sam/cycle_counter.o
 .ARM.attributes
                0x00000128       0x37 src/ASF/common/services/storage/ctrl_access/ctrl_access.o
 .ARM.attributes
                0x0000015f       0x37 src/ASF/common/utils/interrupt/interrupt_sam_nvic.o
 .ARM.attributes
                0x00000196       0x37 src/ASF/common/utils/stdio/read.o
 .ARM.attributes
                0x000001cd       0x37 src/ASF/common/utils/stdio/write.o
 .ARM.attributes
                0x00000204       0x37 src/ASF/sam/boards/same70_xplained/init.o
 .ARM.attributes
                0x0000023b       0x37 src/ASF/sam/drivers/hsmci/hsmci.o
 .ARM.attributes
                0x00000272       0x37 src/ASF/sam/drivers/mpu/mpu.o
 .ARM.attributes
                0x000002a9       0x37 src/ASF/sam/drivers/pio/pio.o
 .ARM.attributes
                0x000002e0       0x37 src/ASF/sam/drivers/pio/pio_handler.o
 .ARM.attributes
                0x00000317       0x37 src/ASF/sam/drivers/pmc/pmc.o
 .ARM.attributes
                0x0000034e       0x37 src/ASF/sam/drivers/rtc/rtc.o
 .ARM.attributes
                0x00000385       0x37 src/ASF/sam/drivers/uart/uart.o
 .ARM.attributes
                0x000003bc       0x37 src/ASF/sam/drivers/usart/usart.o
 .ARM.attributes
                0x000003f3       0x37 src/ASF/sam/drivers/xdmac/xdmac.o
 .ARM.attributes
                0x0000042a       0x37 src/ASF/sam/utils/cmsis/same70/source/templates/gcc/startup_same70.o
 .ARM.attributes
                0x00000461       0x37 src/ASF/sam/utils/cmsis/same70/source/templates/system_same70.o
 .ARM.attributes
                0x00000498       0x37 src/ASF/sam/utils/syscalls/gcc/syscalls.o
 .ARM.attributes
                0x000004cf       0x37 src/ASF/thirdparty/fatfs/fatfs-port-r0.09/diskio.o
 .ARM.attributes
                0x00000506       0x37 src/ASF/thirdparty/fatfs/fatfs-port-r0.09/sam/fattime_rtc.o
 .ARM.attributes
                0x0000053d       0x37 src/ASF/thirdparty/fatfs/fatfs-r0.09/src/ff.o
 .ARM.attributes
                0x00000574       0x37 src/ASF/thirdparty/fatfs/fatfs-r0.09/src/option/ccsbcs.o
 .ARM.attributes
                0x000005ab       0x37 src/example.o
 .ARM.attributes
                0x000005e2       0x2e c:/program files (x86)/atmel/studio/7.0/toolchain/arm/arm-gnu-toolchain/bin/../lib/gcc/arm-none-eabi/6.2.1/../../../../arm-none-eabi/lib/thumb/v7e-m\libc.a(lib_a-impure.o)
 .ARM.attributes
                0x00000610       0x2e c:/program files (x86)/atmel/studio/7.0/toolchain/arm/arm-gnu-toolchain/bin/../lib/gcc/arm-none-eabi/6.2.1/../../../../arm-none-eabi/lib/thumb/v7e-m\libc.a(lib_a-init.o)
 .ARM.attributes
                0x0000063e       0x2e c:/program files (x86)/atmel/studio/7.0/toolchain/arm/arm-gnu-toolchain/bin/../lib/gcc/arm-none-eabi/6.2.1/../../../../arm-none-eabi/lib/thumb/v7e-m\libc.a(lib_a-iprintf.o)
 .ARM.attributes
                0x0000066c       0x2e c:/program files (x86)/atmel/studio/7.0/toolchain/arm/arm-gnu-toolchain/bin/../lib/gcc/arm-none-eabi/6.2.1/../../../../arm-none-eabi/lib/thumb/v7e-m\libc.a(lib_a-memset.o)
 .ARM.attributes
                0x0000069a       0x2e c:/program files (x86)/atmel/studio/7.0/toolchain/arm/arm-gnu-toolchain/bin/../lib/gcc/arm-none-eabi/6.2.1/../../../../arm-none-eabi/lib/thumb/v7e-m\libc.a(lib_a-setbuf.o)
 .ARM.attributes
                0x000006c8       0x2e c:/program files (x86)/atmel/studio/7.0/toolchain/arm/arm-gnu-toolchain/bin/../lib/gcc/arm-none-eabi/6.2.1/../../../../arm-none-eabi/lib/thumb/v7e-m\libc.a(lib_a-setvbuf.o)
 .ARM.attributes
                0x000006f6       0x2e c:/program files (x86)/atmel/studio/7.0/toolchain/arm/arm-gnu-toolchain/bin/../lib/gcc/arm-none-eabi/6.2.1/../../../../arm-none-eabi/lib/thumb/v7e-m\libc.a(lib_a-vfiprintf.o)
 .ARM.attributes
                0x00000724       0x2e c:/program files (x86)/atmel/studio/7.0/toolchain/arm/arm-gnu-toolchain/bin/../lib/gcc/arm-none-eabi/6.2.1/../../../../arm-none-eabi/lib/thumb/v7e-m\libc.a(lib_a-wsetup.o)
 .ARM.attributes
                0x00000752       0x2e c:/program files (x86)/atmel/studio/7.0/toolchain/arm/arm-gnu-toolchain/bin/../lib/gcc/arm-none-eabi/6.2.1/../../../../arm-none-eabi/lib/thumb/v7e-m\libc.a(lib_a-__call_atexit.o)
 .ARM.attributes
                0x00000780       0x2e c:/program files (x86)/atmel/studio/7.0/toolchain/arm/arm-gnu-toolchain/bin/../lib/gcc/arm-none-eabi/6.2.1/../../../../arm-none-eabi/lib/thumb/v7e-m\libc.a(lib_a-atexit.o)
 .ARM.attributes
                0x000007ae       0x2e c:/program files (x86)/atmel/studio/7.0/toolchain/arm/arm-gnu-toolchain/bin/../lib/gcc/arm-none-eabi/6.2.1/../../../../arm-none-eabi/lib/thumb/v7e-m\libc.a(lib_a-fflush.o)
 .ARM.attributes
                0x000007dc       0x2e c:/program files (x86)/atmel/studio/7.0/toolchain/arm/arm-gnu-toolchain/bin/../lib/gcc/arm-none-eabi/6.2.1/../../../../arm-none-eabi/lib/thumb/v7e-m\libc.a(lib_a-findfp.o)
 .ARM.attributes
                0x0000080a       0x2e c:/program files (x86)/atmel/studio/7.0/toolchain/arm/arm-gnu-toolchain/bin/../lib/gcc/arm-none-eabi/6.2.1/../../../../arm-none-eabi/lib/thumb/v7e-m\libc.a(lib_a-fini.o)
 .ARM.attributes
                0x00000838       0x2e c:/program files (x86)/atmel/studio/7.0/toolchain/arm/arm-gnu-toolchain/bin/../lib/gcc/arm-none-eabi/6.2.1/../../../../arm-none-eabi/lib/thumb/v7e-m\libc.a(lib_a-fputwc.o)
 .ARM.attributes
                0x00000866       0x2e c:/program files (x86)/atmel/studio/7.0/toolchain/arm/arm-gnu-toolchain/bin/../lib/gcc/arm-none-eabi/6.2.1/../../../../arm-none-eabi/lib/thumb/v7e-m\libc.a(lib_a-freer.o)
 .ARM.attributes
                0x00000894       0x2e c:/program files (x86)/atmel/studio/7.0/toolchain/arm/arm-gnu-toolchain/bin/../lib/gcc/arm-none-eabi/6.2.1/../../../../arm-none-eabi/lib/thumb/v7e-m\libc.a(lib_a-fvwrite.o)
 .ARM.attributes
                0x000008c2       0x2e c:/program files (x86)/atmel/studio/7.0/toolchain/arm/arm-gnu-toolchain/bin/../lib/gcc/arm-none-eabi/6.2.1/../../../../arm-none-eabi/lib/thumb/v7e-m\libc.a(lib_a-fwalk.o)
 .ARM.attributes
                0x000008f0       0x2e c:/program files (x86)/atmel/studio/7.0/toolchain/arm/arm-gnu-toolchain/bin/../lib/gcc/arm-none-eabi/6.2.1/../../../../arm-none-eabi/lib/thumb/v7e-m\libc.a(lib_a-locale.o)
 .ARM.attributes
                0x0000091e       0x2e c:/program files (x86)/atmel/studio/7.0/toolchain/arm/arm-gnu-toolchain/bin/../lib/gcc/arm-none-eabi/6.2.1/../../../../arm-none-eabi/lib/thumb/v7e-m\libc.a(lib_a-makebuf.o)
 .ARM.attributes
                0x0000094c       0x2e c:/program files (x86)/atmel/studio/7.0/toolchain/arm/arm-gnu-toolchain/bin/../lib/gcc/arm-none-eabi/6.2.1/../../../../arm-none-eabi/lib/thumb/v7e-m\libc.a(lib_a-malloc.o)
 .ARM.attributes
                0x0000097a       0x2e c:/program files (x86)/atmel/studio/7.0/toolchain/arm/arm-gnu-toolchain/bin/../lib/gcc/arm-none-eabi/6.2.1/../../../../arm-none-eabi/lib/thumb/v7e-m\libc.a(lib_a-mallocr.o)
 .ARM.attributes
                0x000009a8       0x2e c:/program files (x86)/atmel/studio/7.0/toolchain/arm/arm-gnu-toolchain/bin/../lib/gcc/arm-none-eabi/6.2.1/../../../../arm-none-eabi/lib/thumb/v7e-m\libc.a(lib_a-mbtowc_r.o)
 .ARM.attributes
                0x000009d6       0x1c c:/program files (x86)/atmel/studio/7.0/toolchain/arm/arm-gnu-toolchain/bin/../lib/gcc/arm-none-eabi/6.2.1/../../../../arm-none-eabi/lib/thumb/v7e-m\libc.a(lib_a-memchr.o)
 .ARM.attributes
                0x000009f2       0x1c c:/program files (x86)/atmel/studio/7.0/toolchain/arm/arm-gnu-toolchain/bin/../lib/gcc/arm-none-eabi/6.2.1/../../../../arm-none-eabi/lib/thumb/v7e-m\libc.a(lib_a-memcpy.o)
 .ARM.attributes
                0x00000a0e       0x2e c:/program files (x86)/atmel/studio/7.0/toolchain/arm/arm-gnu-toolchain/bin/../lib/gcc/arm-none-eabi/6.2.1/../../../../arm-none-eabi/lib/thumb/v7e-m\libc.a(lib_a-memmove.o)
 .ARM.attributes
                0x00000a3c       0x2e c:/program files (x86)/atmel/studio/7.0/toolchain/arm/arm-gnu-toolchain/bin/../lib/gcc/arm-none-eabi/6.2.1/../../../../arm-none-eabi/lib/thumb/v7e-m\libc.a(lib_a-mlock.o)
 .ARM.attributes
                0x00000a6a       0x2e c:/program files (x86)/atmel/studio/7.0/toolchain/arm/arm-gnu-toolchain/bin/../lib/gcc/arm-none-eabi/6.2.1/../../../../arm-none-eabi/lib/thumb/v7e-m\libc.a(lib_a-reallocr.o)
 .ARM.attributes
                0x00000a98       0x2e c:/program files (x86)/atmel/studio/7.0/toolchain/arm/arm-gnu-toolchain/bin/../lib/gcc/arm-none-eabi/6.2.1/../../../../arm-none-eabi/lib/thumb/v7e-m\libc.a(lib_a-sbrkr.o)
 .ARM.attributes
                0x00000ac6       0x2e c:/program files (x86)/atmel/studio/7.0/toolchain/arm/arm-gnu-toolchain/bin/../lib/gcc/arm-none-eabi/6.2.1/../../../../arm-none-eabi/lib/thumb/v7e-m\libc.a(lib_a-stdio.o)
 .ARM.attributes
                0x00000af4       0x1c c:/program files (x86)/atmel/studio/7.0/toolchain/arm/arm-gnu-toolchain/bin/../lib/gcc/arm-none-eabi/6.2.1/../../../../arm-none-eabi/lib/thumb/v7e-m\libc.a(lib_a-strlen.o)
 .ARM.attributes
                0x00000b10       0x2e c:/program files (x86)/atmel/studio/7.0/toolchain/arm/arm-gnu-toolchain/bin/../lib/gcc/arm-none-eabi/6.2.1/../../../../arm-none-eabi/lib/thumb/v7e-m\libc.a(lib_a-wbuf.o)
 .ARM.attributes
                0x00000b3e       0x2e c:/program files (x86)/atmel/studio/7.0/toolchain/arm/arm-gnu-toolchain/bin/../lib/gcc/arm-none-eabi/6.2.1/../../../../arm-none-eabi/lib/thumb/v7e-m\libc.a(lib_a-wcrtomb.o)
 .ARM.attributes
                0x00000b6c       0x2e c:/program files (x86)/atmel/studio/7.0/toolchain/arm/arm-gnu-toolchain/bin/../lib/gcc/arm-none-eabi/6.2.1/../../../../arm-none-eabi/lib/thumb/v7e-m\libc.a(lib_a-wctomb_r.o)
 .ARM.attributes
                0x00000b9a       0x2e c:/program files (x86)/atmel/studio/7.0/toolchain/arm/arm-gnu-toolchain/bin/../lib/gcc/arm-none-eabi/6.2.1/../../../../arm-none-eabi/lib/thumb/v7e-m\libc.a(lib_a-writer.o)
 .ARM.attributes
                0x00000bc8       0x2e c:/program files (x86)/atmel/studio/7.0/toolchain/arm/arm-gnu-toolchain/bin/../lib/gcc/arm-none-eabi/6.2.1/../../../../arm-none-eabi/lib/thumb/v7e-m\libc.a(lib_a-__atexit.o)
 .ARM.attributes
                0x00000bf6       0x2e c:/program files (x86)/atmel/studio/7.0/toolchain/arm/arm-gnu-toolchain/bin/../lib/gcc/arm-none-eabi/6.2.1/../../../../arm-none-eabi/lib/thumb/v7e-m\libc.a(lib_a-closer.o)
 .ARM.attributes
                0x00000c24       0x2e c:/program files (x86)/atmel/studio/7.0/toolchain/arm/arm-gnu-toolchain/bin/../lib/gcc/arm-none-eabi/6.2.1/../../../../arm-none-eabi/lib/thumb/v7e-m\libc.a(lib_a-ctype_.o)
 .ARM.attributes
                0x00000c52       0x2e c:/program files (x86)/atmel/studio/7.0/toolchain/arm/arm-gnu-toolchain/bin/../lib/gcc/arm-none-eabi/6.2.1/../../../../arm-none-eabi/lib/thumb/v7e-m\libc.a(lib_a-fclose.o)
 .ARM.attributes
                0x00000c80       0x2e c:/program files (x86)/atmel/studio/7.0/toolchain/arm/arm-gnu-toolchain/bin/../lib/gcc/arm-none-eabi/6.2.1/../../../../arm-none-eabi/lib/thumb/v7e-m\libc.a(lib_a-fstatr.o)
 .ARM.attributes
                0x00000cae       0x2e c:/program files (x86)/atmel/studio/7.0/toolchain/arm/arm-gnu-toolchain/bin/../lib/gcc/arm-none-eabi/6.2.1/../../../../arm-none-eabi/lib/thumb/v7e-m\libc.a(lib_a-isattyr.o)
 .ARM.attributes
                0x00000cdc       0x2e c:/program files (x86)/atmel/studio/7.0/toolchain/arm/arm-gnu-toolchain/bin/../lib/gcc/arm-none-eabi/6.2.1/../../../../arm-none-eabi/lib/thumb/v7e-m\libc.a(lib_a-lseekr.o)
 .ARM.attributes
                0x00000d0a       0x2e c:/program files (x86)/atmel/studio/7.0/toolchain/arm/arm-gnu-toolchain/bin/../lib/gcc/arm-none-eabi/6.2.1/../../../../arm-none-eabi/lib/thumb/v7e-m\libc.a(lib_a-readr.o)
 .ARM.attributes
                0x00000d38       0x2e c:/program files (x86)/atmel/studio/7.0/toolchain/arm/arm-gnu-toolchain/bin/../lib/gcc/arm-none-eabi/6.2.1/../../../../arm-none-eabi/lib/thumb/v7e-m\libc.a(lib_a-reent.o)
 .ARM.attributes
                0x00000d66       0x1e c:/program files (x86)/atmel/studio/7.0/toolchain/arm/arm-gnu-toolchain/bin/../lib/gcc/arm-none-eabi/6.2.1/thumb/v7e-m\libgcc.a(_aeabi_uldivmod.o)
 .ARM.attributes
                0x00000d84       0x2e c:/program files (x86)/atmel/studio/7.0/toolchain/arm/arm-gnu-toolchain/bin/../lib/gcc/arm-none-eabi/6.2.1/thumb/v7e-m\libgcc.a(_udivmoddi4.o)
 .ARM.attributes
                0x00000db2       0x1e c:/program files (x86)/atmel/studio/7.0/toolchain/arm/arm-gnu-toolchain/bin/../lib/gcc/arm-none-eabi/6.2.1/thumb/v7e-m\libgcc.a(_dvmd_tls.o)
 .ARM.attributes
                0x00000dd0       0x1e c:/program files (x86)/atmel/studio/7.0/toolchain/arm/arm-gnu-toolchain/bin/../lib/gcc/arm-none-eabi/6.2.1/thumb/v7e-m/crtn.o

.comment        0x00000000       0x59
 .comment       0x00000000       0x59 src/ASF/common/components/memory/sd_mmc/sd_mmc.o
                                 0x5a (size before relaxing)
 .comment       0x00000059       0x5a src/ASF/common/components/memory/sd_mmc/sd_mmc_mem.o
 .comment       0x00000059       0x5a src/ASF/common/services/clock/same70/sysclk.o
 .comment       0x00000059       0x5a src/ASF/common/services/delay/sam/cycle_counter.o
 .comment       0x00000059       0x5a src/ASF/common/services/storage/ctrl_access/ctrl_access.o
 .comment       0x00000059       0x5a src/ASF/common/utils/interrupt/interrupt_sam_nvic.o
 .comment       0x00000059       0x5a src/ASF/common/utils/stdio/read.o
 .comment       0x00000059       0x5a src/ASF/common/utils/stdio/write.o
 .comment       0x00000059       0x5a src/ASF/sam/boards/same70_xplained/init.o
 .comment       0x00000059       0x5a src/ASF/sam/drivers/hsmci/hsmci.o
 .comment       0x00000059       0x5a src/ASF/sam/drivers/mpu/mpu.o
 .comment       0x00000059       0x5a src/ASF/sam/drivers/pio/pio.o
 .comment       0x00000059       0x5a src/ASF/sam/drivers/pio/pio_handler.o
 .comment       0x00000059       0x5a src/ASF/sam/drivers/pmc/pmc.o
 .comment       0x00000059       0x5a src/ASF/sam/drivers/rtc/rtc.o
 .comment       0x00000059       0x5a src/ASF/sam/drivers/uart/uart.o
 .comment       0x00000059       0x5a src/ASF/sam/drivers/usart/usart.o
 .comment       0x00000059       0x5a src/ASF/sam/drivers/xdmac/xdmac.o
 .comment       0x00000059       0x5a src/ASF/sam/utils/cmsis/same70/source/templates/gcc/startup_same70.o
 .comment       0x00000059       0x5a src/ASF/sam/utils/cmsis/same70/source/templates/system_same70.o
 .comment       0x00000059       0x5a src/ASF/sam/utils/syscalls/gcc/syscalls.o
 .comment       0x00000059       0x5a src/ASF/thirdparty/fatfs/fatfs-port-r0.09/diskio.o
 .comment       0x00000059       0x5a src/ASF/thirdparty/fatfs/fatfs-port-r0.09/sam/fattime_rtc.o
 .comment       0x00000059       0x5a src/ASF/thirdparty/fatfs/fatfs-r0.09/src/ff.o
 .comment       0x00000059       0x5a src/ASF/thirdparty/fatfs/fatfs-r0.09/src/option/ccsbcs.o
 .comment       0x00000059       0x5a src/example.o

.debug_info     0x00000000    0x22206
 .debug_info    0x00000000     0x2f9a src/ASF/common/components/memory/sd_mmc/sd_mmc.o
 .debug_info    0x00002f9a     0x1162 src/ASF/common/components/memory/sd_mmc/sd_mmc_mem.o
 .debug_info    0x000040fc     0x125b src/ASF/common/services/clock/same70/sysclk.o
 .debug_info    0x00005357      0xa39 src/ASF/common/services/delay/sam/cycle_counter.o
 .debug_info    0x00005d90      0xf00 src/ASF/common/services/storage/ctrl_access/ctrl_access.o
 .debug_info    0x00006c90      0xaf5 src/ASF/common/utils/interrupt/interrupt_sam_nvic.o
 .debug_info    0x00007785      0xabd src/ASF/common/utils/stdio/read.o
 .debug_info    0x00008242      0xaba src/ASF/common/utils/stdio/write.o
 .debug_info    0x00008cfc     0x283e src/ASF/sam/boards/same70_xplained/init.o
 .debug_info    0x0000b53a     0x1ec0 src/ASF/sam/drivers/hsmci/hsmci.o
 .debug_info    0x0000d3fa      0xe0f src/ASF/sam/drivers/mpu/mpu.o
 .debug_info    0x0000e209     0x2144 src/ASF/sam/drivers/pio/pio.o
 .debug_info    0x0001034d     0x1b16 src/ASF/sam/drivers/pio/pio_handler.o
 .debug_info    0x00011e63     0x1e02 src/ASF/sam/drivers/pmc/pmc.o
 .debug_info    0x00013c65     0x10eb src/ASF/sam/drivers/rtc/rtc.o
 .debug_info    0x00014d50     0x102f src/ASF/sam/drivers/uart/uart.o
 .debug_info    0x00015d7f     0x2318 src/ASF/sam/drivers/usart/usart.o
 .debug_info    0x00018097     0x1092 src/ASF/sam/drivers/xdmac/xdmac.o
 .debug_info    0x00019129     0x155e src/ASF/sam/utils/cmsis/same70/source/templates/gcc/startup_same70.o
 .debug_info    0x0001a687      0x55b src/ASF/sam/utils/cmsis/same70/source/templates/system_same70.o
 .debug_info    0x0001abe2      0xda4 src/ASF/sam/utils/syscalls/gcc/syscalls.o
 .debug_info    0x0001b986      0xe32 src/ASF/thirdparty/fatfs/fatfs-port-r0.09/diskio.o
 .debug_info    0x0001c7b8      0xbd5 src/ASF/thirdparty/fatfs/fatfs-port-r0.09/sam/fattime_rtc.o
 .debug_info    0x0001d38d     0x339c src/ASF/thirdparty/fatfs/fatfs-r0.09/src/ff.o
 .debug_info    0x00020729      0x16d src/ASF/thirdparty/fatfs/fatfs-r0.09/src/option/ccsbcs.o
 .debug_info    0x00020896     0x1970 src/example.o

.debug_abbrev   0x00000000     0x48fd
 .debug_abbrev  0x00000000      0x465 src/ASF/common/components/memory/sd_mmc/sd_mmc.o
 .debug_abbrev  0x00000465      0x2ec src/ASF/common/components/memory/sd_mmc/sd_mmc_mem.o
 .debug_abbrev  0x00000751      0x31f src/ASF/common/services/clock/same70/sysclk.o
 .debug_abbrev  0x00000a70      0x1b3 src/ASF/common/services/delay/sam/cycle_counter.o
 .debug_abbrev  0x00000c23      0x28c src/ASF/common/services/storage/ctrl_access/ctrl_access.o
 .debug_abbrev  0x00000eaf      0x212 src/ASF/common/utils/interrupt/interrupt_sam_nvic.o
 .debug_abbrev  0x000010c1      0x1fe src/ASF/common/utils/stdio/read.o
 .debug_abbrev  0x000012bf      0x1e9 src/ASF/common/utils/stdio/write.o
 .debug_abbrev  0x000014a8      0x384 src/ASF/sam/boards/same70_xplained/init.o
 .debug_abbrev  0x0000182c      0x4fa src/ASF/sam/drivers/hsmci/hsmci.o
 .debug_abbrev  0x00001d26      0x328 src/ASF/sam/drivers/mpu/mpu.o
 .debug_abbrev  0x0000204e      0x410 src/ASF/sam/drivers/pio/pio.o
 .debug_abbrev  0x0000245e      0x32f src/ASF/sam/drivers/pio/pio_handler.o
 .debug_abbrev  0x0000278d      0x369 src/ASF/sam/drivers/pmc/pmc.o
 .debug_abbrev  0x00002af6      0x2e3 src/ASF/sam/drivers/rtc/rtc.o
 .debug_abbrev  0x00002dd9      0x26e src/ASF/sam/drivers/uart/uart.o
 .debug_abbrev  0x00003047      0x3bd src/ASF/sam/drivers/usart/usart.o
 .debug_abbrev  0x00003404      0x238 src/ASF/sam/drivers/xdmac/xdmac.o
 .debug_abbrev  0x0000363c      0x2e4 src/ASF/sam/utils/cmsis/same70/source/templates/gcc/startup_same70.o
 .debug_abbrev  0x00003920      0x102 src/ASF/sam/utils/cmsis/same70/source/templates/system_same70.o
 .debug_abbrev  0x00003a22      0x264 src/ASF/sam/utils/syscalls/gcc/syscalls.o
 .debug_abbrev  0x00003c86      0x2d7 src/ASF/thirdparty/fatfs/fatfs-port-r0.09/diskio.o
 .debug_abbrev  0x00003f5d      0x1fa src/ASF/thirdparty/fatfs/fatfs-port-r0.09/sam/fattime_rtc.o
 .debug_abbrev  0x00004157      0x321 src/ASF/thirdparty/fatfs/fatfs-r0.09/src/ff.o
 .debug_abbrev  0x00004478       0xc7 src/ASF/thirdparty/fatfs/fatfs-r0.09/src/option/ccsbcs.o
 .debug_abbrev  0x0000453f      0x3be src/example.o

.debug_loc      0x00000000     0xe382
 .debug_loc     0x00000000     0x1a36 src/ASF/common/components/memory/sd_mmc/sd_mmc.o
 .debug_loc     0x00001a36      0x5ff src/ASF/common/components/memory/sd_mmc/sd_mmc_mem.o
 .debug_loc     0x00002035      0x183 src/ASF/common/services/clock/same70/sysclk.o
 .debug_loc     0x000021b8      0x3d6 src/ASF/common/services/storage/ctrl_access/ctrl_access.o
 .debug_loc     0x0000258e       0xb3 src/ASF/common/utils/stdio/read.o
 .debug_loc     0x00002641      0x12b src/ASF/common/utils/stdio/write.o
 .debug_loc     0x0000276c      0x5dd src/ASF/sam/boards/same70_xplained/init.o
 .debug_loc     0x00002d49      0xea8 src/ASF/sam/drivers/hsmci/hsmci.o
 .debug_loc     0x00003bf1      0x181 src/ASF/sam/drivers/mpu/mpu.o
 .debug_loc     0x00003d72      0xea4 src/ASF/sam/drivers/pio/pio.o
 .debug_loc     0x00004c16      0x588 src/ASF/sam/drivers/pio/pio_handler.o
 .debug_loc     0x0000519e      0xce3 src/ASF/sam/drivers/pmc/pmc.o
 .debug_loc     0x00005e81      0x8d0 src/ASF/sam/drivers/rtc/rtc.o
 .debug_loc     0x00006751      0x2a3 src/ASF/sam/drivers/uart/uart.o
 .debug_loc     0x000069f4      0xf35 src/ASF/sam/drivers/usart/usart.o
 .debug_loc     0x00007929      0x239 src/ASF/sam/drivers/xdmac/xdmac.o
 .debug_loc     0x00007b62       0x77 src/ASF/sam/utils/cmsis/same70/source/templates/gcc/startup_same70.o
 .debug_loc     0x00007bd9       0xfd src/ASF/sam/utils/syscalls/gcc/syscalls.o
 .debug_loc     0x00007cd6      0x659 src/ASF/thirdparty/fatfs/fatfs-port-r0.09/diskio.o
 .debug_loc     0x0000832f       0x5d src/ASF/thirdparty/fatfs/fatfs-port-r0.09/sam/fattime_rtc.o
 .debug_loc     0x0000838c     0x5add src/ASF/thirdparty/fatfs/fatfs-r0.09/src/ff.o
 .debug_loc     0x0000de69      0x12d src/ASF/thirdparty/fatfs/fatfs-r0.09/src/option/ccsbcs.o
 .debug_loc     0x0000df96      0x3ec src/example.o

.debug_aranges  0x00000000      0xf68
 .debug_aranges
                0x00000000       0xc8 src/ASF/common/components/memory/sd_mmc/sd_mmc.o
 .debug_aranges
                0x000000c8       0xc0 src/ASF/common/components/memory/sd_mmc/sd_mmc_mem.o
 .debug_aranges
                0x00000188       0x40 src/ASF/common/services/clock/same70/sysclk.o
 .debug_aranges
                0x000001c8       0x20 src/ASF/common/services/delay/sam/cycle_counter.o
 .debug_aranges
                0x000001e8       0x70 src/ASF/common/services/storage/ctrl_access/ctrl_access.o
 .debug_aranges
                0x00000258       0x28 src/ASF/common/utils/interrupt/interrupt_sam_nvic.o
 .debug_aranges
                0x00000280       0x20 src/ASF/common/utils/stdio/read.o
 .debug_aranges
                0x000002a0       0x20 src/ASF/common/utils/stdio/write.o
 .debug_aranges
                0x000002c0       0x20 src/ASF/sam/boards/same70_xplained/init.o
 .debug_aranges
                0x000002e0       0xb0 src/ASF/sam/drivers/hsmci/hsmci.o
 .debug_aranges
                0x00000390       0x48 src/ASF/sam/drivers/mpu/mpu.o
 .debug_aranges
                0x000003d8      0x1a8 src/ASF/sam/drivers/pio/pio.o
 .debug_aranges
                0x00000580       0x60 src/ASF/sam/drivers/pio/pio_handler.o
 .debug_aranges
                0x000005e0      0x250 src/ASF/sam/drivers/pmc/pmc.o
 .debug_aranges
                0x00000830       0xb8 src/ASF/sam/drivers/rtc/rtc.o
 .debug_aranges
                0x000008e8       0xd8 src/ASF/sam/drivers/uart/uart.o
 .debug_aranges
                0x000009c0      0x2a8 src/ASF/sam/drivers/usart/usart.o
 .debug_aranges
                0x00000c68       0x20 src/ASF/sam/drivers/xdmac/xdmac.o
 .debug_aranges
                0x00000c88       0x28 src/ASF/sam/utils/cmsis/same70/source/templates/gcc/startup_same70.o
 .debug_aranges
                0x00000cb0       0x30 src/ASF/sam/utils/cmsis/same70/source/templates/system_same70.o
 .debug_aranges
                0x00000ce0       0x60 src/ASF/sam/utils/syscalls/gcc/syscalls.o
 .debug_aranges
                0x00000d40       0x40 src/ASF/thirdparty/fatfs/fatfs-port-r0.09/diskio.o
 .debug_aranges
                0x00000d80       0x20 src/ASF/thirdparty/fatfs/fatfs-port-r0.09/sam/fattime_rtc.o
 .debug_aranges
                0x00000da0      0x170 src/ASF/thirdparty/fatfs/fatfs-r0.09/src/ff.o
 .debug_aranges
                0x00000f10       0x28 src/ASF/thirdparty/fatfs/fatfs-r0.09/src/option/ccsbcs.o
 .debug_aranges
                0x00000f38       0x30 src/example.o

.debug_ranges   0x00000000     0x11e8
 .debug_ranges  0x00000000      0x248 src/ASF/common/components/memory/sd_mmc/sd_mmc.o
 .debug_ranges  0x00000248       0xb0 src/ASF/common/components/memory/sd_mmc/sd_mmc_mem.o
 .debug_ranges  0x000002f8       0x30 src/ASF/common/services/clock/same70/sysclk.o
 .debug_ranges  0x00000328       0x10 src/ASF/common/services/delay/sam/cycle_counter.o
 .debug_ranges  0x00000338       0x60 src/ASF/common/services/storage/ctrl_access/ctrl_access.o
 .debug_ranges  0x00000398       0x18 src/ASF/common/utils/interrupt/interrupt_sam_nvic.o
 .debug_ranges  0x000003b0       0x10 src/ASF/common/utils/stdio/read.o
 .debug_ranges  0x000003c0       0x10 src/ASF/common/utils/stdio/write.o
 .debug_ranges  0x000003d0       0x10 src/ASF/sam/boards/same70_xplained/init.o
 .debug_ranges  0x000003e0       0xf8 src/ASF/sam/drivers/hsmci/hsmci.o
 .debug_ranges  0x000004d8       0x38 src/ASF/sam/drivers/mpu/mpu.o
 .debug_ranges  0x00000510      0x2a0 src/ASF/sam/drivers/pio/pio.o
 .debug_ranges  0x000007b0       0x68 src/ASF/sam/drivers/pio/pio_handler.o
 .debug_ranges  0x00000818      0x240 src/ASF/sam/drivers/pmc/pmc.o
 .debug_ranges  0x00000a58       0xa8 src/ASF/sam/drivers/rtc/rtc.o
 .debug_ranges  0x00000b00       0xc8 src/ASF/sam/drivers/uart/uart.o
 .debug_ranges  0x00000bc8      0x298 src/ASF/sam/drivers/usart/usart.o
 .debug_ranges  0x00000e60       0x10 src/ASF/sam/drivers/xdmac/xdmac.o
 .debug_ranges  0x00000e70       0x18 src/ASF/sam/utils/cmsis/same70/source/templates/gcc/startup_same70.o
 .debug_ranges  0x00000e88       0x20 src/ASF/sam/utils/cmsis/same70/source/templates/system_same70.o
 .debug_ranges  0x00000ea8       0x50 src/ASF/sam/utils/syscalls/gcc/syscalls.o
 .debug_ranges  0x00000ef8       0x48 src/ASF/thirdparty/fatfs/fatfs-port-r0.09/diskio.o
 .debug_ranges  0x00000f40       0x10 src/ASF/thirdparty/fatfs/fatfs-port-r0.09/sam/fattime_rtc.o
 .debug_ranges  0x00000f50      0x260 src/ASF/thirdparty/fatfs/fatfs-r0.09/src/ff.o
 .debug_ranges  0x000011b0       0x18 src/ASF/thirdparty/fatfs/fatfs-r0.09/src/option/ccsbcs.o
 .debug_ranges  0x000011c8       0x20 src/example.o

.debug_macro    0x00000000    0x24aca
 .debug_macro   0x00000000      0x81b src/ASF/common/components/memory/sd_mmc/sd_mmc.o
 .debug_macro   0x0000081b      0x8ce src/ASF/common/components/memory/sd_mmc/sd_mmc.o
 .debug_macro   0x000010e9       0x22 src/ASF/common/components/memory/sd_mmc/sd_mmc.o
 .debug_macro   0x0000110b       0x4c src/ASF/common/components/memory/sd_mmc/sd_mmc.o
 .debug_macro   0x00001157       0x8d src/ASF/common/components/memory/sd_mmc/sd_mmc.o
 .debug_macro   0x000011e4       0x35 src/ASF/common/components/memory/sd_mmc/sd_mmc.o
 .debug_macro   0x00001219       0x9c src/ASF/common/components/memory/sd_mmc/sd_mmc.o
 .debug_macro   0x000012b5      0x16d src/ASF/common/components/memory/sd_mmc/sd_mmc.o
 .debug_macro   0x00001422       0x57 src/ASF/common/components/memory/sd_mmc/sd_mmc.o
 .debug_macro   0x00001479       0x52 src/ASF/common/components/memory/sd_mmc/sd_mmc.o
 .debug_macro   0x000014cb       0x1f src/ASF/common/components/memory/sd_mmc/sd_mmc.o
 .debug_macro   0x000014ea       0x43 src/ASF/common/components/memory/sd_mmc/sd_mmc.o
 .debug_macro   0x0000152d       0x20 src/ASF/common/components/memory/sd_mmc/sd_mmc.o
 .debug_macro   0x0000154d      0x187 src/ASF/common/components/memory/sd_mmc/sd_mmc.o
 .debug_macro   0x000016d4      0x330 src/ASF/common/components/memory/sd_mmc/sd_mmc.o
 .debug_macro   0x00001a04       0x10 src/ASF/common/components/memory/sd_mmc/sd_mmc.o
 .debug_macro   0x00001a14       0x35 src/ASF/common/components/memory/sd_mmc/sd_mmc.o
 .debug_macro   0x00001a49       0x28 src/ASF/common/components/memory/sd_mmc/sd_mmc.o
 .debug_macro   0x00001a71      0x64b src/ASF/common/components/memory/sd_mmc/sd_mmc.o
 .debug_macro   0x000020bc       0x76 src/ASF/common/components/memory/sd_mmc/sd_mmc.o
 .debug_macro   0x00002132       0x16 src/ASF/common/components/memory/sd_mmc/sd_mmc.o
 .debug_macro   0x00002148      0x6e4 src/ASF/common/components/memory/sd_mmc/sd_mmc.o
 .debug_macro   0x0000282c       0xef src/ASF/common/components/memory/sd_mmc/sd_mmc.o
 .debug_macro   0x0000291b       0x6a src/ASF/common/components/memory/sd_mmc/sd_mmc.o
 .debug_macro   0x00002985      0x1df src/ASF/common/components/memory/sd_mmc/sd_mmc.o
 .debug_macro   0x00002b64       0x4a src/ASF/common/components/memory/sd_mmc/sd_mmc.o
 .debug_macro   0x00002bae       0x3b src/ASF/common/components/memory/sd_mmc/sd_mmc.o
 .debug_macro   0x00002be9       0x2d src/ASF/common/components/memory/sd_mmc/sd_mmc.o
 .debug_macro   0x00002c16       0x26 src/ASF/common/components/memory/sd_mmc/sd_mmc.o
 .debug_macro   0x00002c3c      0xf9a src/ASF/common/components/memory/sd_mmc/sd_mmc.o
 .debug_macro   0x00003bd6      0x175 src/ASF/common/components/memory/sd_mmc/sd_mmc.o
 .debug_macro   0x00003d4b      0x257 src/ASF/common/components/memory/sd_mmc/sd_mmc.o
 .debug_macro   0x00003fa2      0xa0f src/ASF/common/components/memory/sd_mmc/sd_mmc.o
 .debug_macro   0x000049b1      0x1b9 src/ASF/common/components/memory/sd_mmc/sd_mmc.o
 .debug_macro   0x00004b6a      0x336 src/ASF/common/components/memory/sd_mmc/sd_mmc.o
 .debug_macro   0x00004ea0      0x15b src/ASF/common/components/memory/sd_mmc/sd_mmc.o
 .debug_macro   0x00004ffb     0x1851 src/ASF/common/components/memory/sd_mmc/sd_mmc.o
 .debug_macro   0x0000684c       0x1c src/ASF/common/components/memory/sd_mmc/sd_mmc.o
 .debug_macro   0x00006868      0x68d src/ASF/common/components/memory/sd_mmc/sd_mmc.o
 .debug_macro   0x00006ef5      0x31e src/ASF/common/components/memory/sd_mmc/sd_mmc.o
 .debug_macro   0x00007213      0x4d4 src/ASF/common/components/memory/sd_mmc/sd_mmc.o
 .debug_macro   0x000076e7      0x56e src/ASF/common/components/memory/sd_mmc/sd_mmc.o
 .debug_macro   0x00007c55     0x1332 src/ASF/common/components/memory/sd_mmc/sd_mmc.o
 .debug_macro   0x00008f87     0x278d src/ASF/common/components/memory/sd_mmc/sd_mmc.o
 .debug_macro   0x0000b714     0x102b src/ASF/common/components/memory/sd_mmc/sd_mmc.o
 .debug_macro   0x0000c73f      0xe01 src/ASF/common/components/memory/sd_mmc/sd_mmc.o
 .debug_macro   0x0000d540      0x3b1 src/ASF/common/components/memory/sd_mmc/sd_mmc.o
 .debug_macro   0x0000d8f1       0xa0 src/ASF/common/components/memory/sd_mmc/sd_mmc.o
 .debug_macro   0x0000d991       0x76 src/ASF/common/components/memory/sd_mmc/sd_mmc.o
 .debug_macro   0x0000da07      0x409 src/ASF/common/components/memory/sd_mmc/sd_mmc.o
 .debug_macro   0x0000de10       0x64 src/ASF/common/components/memory/sd_mmc/sd_mmc.o
 .debug_macro   0x0000de74      0x284 src/ASF/common/components/memory/sd_mmc/sd_mmc.o
 .debug_macro   0x0000e0f8      0x1d0 src/ASF/common/components/memory/sd_mmc/sd_mmc.o
 .debug_macro   0x0000e2c8      0x248 src/ASF/common/components/memory/sd_mmc/sd_mmc.o
 .debug_macro   0x0000e510      0x524 src/ASF/common/components/memory/sd_mmc/sd_mmc.o
 .debug_macro   0x0000ea34      0x63b src/ASF/common/components/memory/sd_mmc/sd_mmc.o
 .debug_macro   0x0000f06f      0x6b8 src/ASF/common/components/memory/sd_mmc/sd_mmc.o
 .debug_macro   0x0000f727       0x4c src/ASF/common/components/memory/sd_mmc/sd_mmc.o
 .debug_macro   0x0000f773      0x468 src/ASF/common/components/memory/sd_mmc/sd_mmc.o
 .debug_macro   0x0000fbdb      0x207 src/ASF/common/components/memory/sd_mmc/sd_mmc.o
 .debug_macro   0x0000fde2      0x866 src/ASF/common/components/memory/sd_mmc/sd_mmc.o
 .debug_macro   0x00010648     0x1547 src/ASF/common/components/memory/sd_mmc/sd_mmc.o
 .debug_macro   0x00011b8f       0x40 src/ASF/common/components/memory/sd_mmc/sd_mmc.o
 .debug_macro   0x00011bcf       0x76 src/ASF/common/components/memory/sd_mmc/sd_mmc.o
 .debug_macro   0x00011c45      0xdaf src/ASF/common/components/memory/sd_mmc/sd_mmc.o
 .debug_macro   0x000129f4       0x82 src/ASF/common/components/memory/sd_mmc/sd_mmc.o
 .debug_macro   0x00012a76       0x76 src/ASF/common/components/memory/sd_mmc/sd_mmc.o
 .debug_macro   0x00012aec       0x4c src/ASF/common/components/memory/sd_mmc/sd_mmc.o
 .debug_macro   0x00012b38      0x135 src/ASF/common/components/memory/sd_mmc/sd_mmc.o
 .debug_macro   0x00012c6d      0x135 src/ASF/common/components/memory/sd_mmc/sd_mmc.o
 .debug_macro   0x00012da2      0x135 src/ASF/common/components/memory/sd_mmc/sd_mmc.o
 .debug_macro   0x00012ed7       0x6a src/ASF/common/components/memory/sd_mmc/sd_mmc.o
 .debug_macro   0x00012f41       0x6a src/ASF/common/components/memory/sd_mmc/sd_mmc.o
 .debug_macro   0x00012fab      0x313 src/ASF/common/components/memory/sd_mmc/sd_mmc.o
 .debug_macro   0x000132be       0xb2 src/ASF/common/components/memory/sd_mmc/sd_mmc.o
 .debug_macro   0x00013370       0xb2 src/ASF/common/components/memory/sd_mmc/sd_mmc.o
 .debug_macro   0x00013422       0xb2 src/ASF/common/components/memory/sd_mmc/sd_mmc.o
 .debug_macro   0x000134d4      0x11d src/ASF/common/components/memory/sd_mmc/sd_mmc.o
 .debug_macro   0x000135f1      0x11d src/ASF/common/components/memory/sd_mmc/sd_mmc.o
 .debug_macro   0x0001370e      0x2cd src/ASF/common/components/memory/sd_mmc/sd_mmc.o
 .debug_macro   0x000139db       0xb8 src/ASF/common/components/memory/sd_mmc/sd_mmc.o
 .debug_macro   0x00013a93       0x5e src/ASF/common/components/memory/sd_mmc/sd_mmc.o
 .debug_macro   0x00013af1       0x40 src/ASF/common/components/memory/sd_mmc/sd_mmc.o
 .debug_macro   0x00013b31       0x4c src/ASF/common/components/memory/sd_mmc/sd_mmc.o
 .debug_macro   0x00013b7d       0xa0 src/ASF/common/components/memory/sd_mmc/sd_mmc.o
 .debug_macro   0x00013c1d      0x494 src/ASF/common/components/memory/sd_mmc/sd_mmc.o
 .debug_macro   0x000140b1      0x135 src/ASF/common/components/memory/sd_mmc/sd_mmc.o
 .debug_macro   0x000141e6       0x4c src/ASF/common/components/memory/sd_mmc/sd_mmc.o
 .debug_macro   0x00014232      0x313 src/ASF/common/components/memory/sd_mmc/sd_mmc.o
 .debug_macro   0x00014545       0x6a src/ASF/common/components/memory/sd_mmc/sd_mmc.o
 .debug_macro   0x000145af       0xb8 src/ASF/common/components/memory/sd_mmc/sd_mmc.o
 .debug_macro   0x00014667       0x6a src/ASF/common/components/memory/sd_mmc/sd_mmc.o
 .debug_macro   0x000146d1       0x2e src/ASF/common/components/memory/sd_mmc/sd_mmc.o
 .debug_macro   0x000146ff      0x9b1 src/ASF/common/components/memory/sd_mmc/sd_mmc.o
 .debug_macro   0x000150b0       0x6a src/ASF/common/components/memory/sd_mmc/sd_mmc.o
 .debug_macro   0x0001511a       0x88 src/ASF/common/components/memory/sd_mmc/sd_mmc.o
 .debug_macro   0x000151a2       0x58 src/ASF/common/components/memory/sd_mmc/sd_mmc.o
 .debug_macro   0x000151fa       0xe2 src/ASF/common/components/memory/sd_mmc/sd_mmc.o
 .debug_macro   0x000152dc       0x16 src/ASF/common/components/memory/sd_mmc/sd_mmc.o
 .debug_macro   0x000152f2       0xe2 src/ASF/common/components/memory/sd_mmc/sd_mmc.o
 .debug_macro   0x000153d4       0x4c src/ASF/common/components/memory/sd_mmc/sd_mmc.o
 .debug_macro   0x00015420       0x16 src/ASF/common/components/memory/sd_mmc/sd_mmc.o
 .debug_macro   0x00015436       0x4c src/ASF/common/components/memory/sd_mmc/sd_mmc.o
 .debug_macro   0x00015482       0x2e src/ASF/common/components/memory/sd_mmc/sd_mmc.o
 .debug_macro   0x000154b0      0x1b5 src/ASF/common/components/memory/sd_mmc/sd_mmc.o
 .debug_macro   0x00015665      0x1b5 src/ASF/common/components/memory/sd_mmc/sd_mmc.o
 .debug_macro   0x0001581a      0x1b5 src/ASF/common/components/memory/sd_mmc/sd_mmc.o
 .debug_macro   0x000159cf      0x1b5 src/ASF/common/components/memory/sd_mmc/sd_mmc.o
 .debug_macro   0x00015b84      0x1b5 src/ASF/common/components/memory/sd_mmc/sd_mmc.o
 .debug_macro   0x00015d39       0x1c src/ASF/common/components/memory/sd_mmc/sd_mmc.o
 .debug_macro   0x00015d55       0x2e src/ASF/common/components/memory/sd_mmc/sd_mmc.o
 .debug_macro   0x00015d83       0x22 src/ASF/common/components/memory/sd_mmc/sd_mmc.o
 .debug_macro   0x00015da5       0x1c src/ASF/common/components/memory/sd_mmc/sd_mmc.o
 .debug_macro   0x00015dc1       0x52 src/ASF/common/components/memory/sd_mmc/sd_mmc.o
 .debug_macro   0x00015e13       0x10 src/ASF/common/components/memory/sd_mmc/sd_mmc.o
 .debug_macro   0x00015e23       0x1c src/ASF/common/components/memory/sd_mmc/sd_mmc.o
 .debug_macro   0x00015e3f       0x4c src/ASF/common/components/memory/sd_mmc/sd_mmc.o
 .debug_macro   0x00015e8b       0x4c src/ASF/common/components/memory/sd_mmc/sd_mmc.o
 .debug_macro   0x00015ed7       0x4c src/ASF/common/components/memory/sd_mmc/sd_mmc.o
 .debug_macro   0x00015f23      0x31b src/ASF/common/components/memory/sd_mmc/sd_mmc.o
 .debug_macro   0x0001623e     0x1022 src/ASF/common/components/memory/sd_mmc/sd_mmc.o
 .debug_macro   0x00017260      0x107 src/ASF/common/components/memory/sd_mmc/sd_mmc.o
 .debug_macro   0x00017367       0x1c src/ASF/common/components/memory/sd_mmc/sd_mmc.o
 .debug_macro   0x00017383       0x10 src/ASF/common/components/memory/sd_mmc/sd_mmc.o
 .debug_macro   0x00017393       0x10 src/ASF/common/components/memory/sd_mmc/sd_mmc.o
 .debug_macro   0x000173a3       0x1c src/ASF/common/components/memory/sd_mmc/sd_mmc.o
 .debug_macro   0x000173bf       0x52 src/ASF/common/components/memory/sd_mmc/sd_mmc.o
 .debug_macro   0x00017411       0x40 src/ASF/common/components/memory/sd_mmc/sd_mmc.o
 .debug_macro   0x00017451       0x10 src/ASF/common/components/memory/sd_mmc/sd_mmc.o
 .debug_macro   0x00017461       0x40 src/ASF/common/components/memory/sd_mmc/sd_mmc.o
 .debug_macro   0x000174a1       0xd7 src/ASF/common/components/memory/sd_mmc/sd_mmc.o