Archive member included to satisfy reference by file (symbol)

c:/program files (x86)/atmel/studio/7.0/toolchain/arm/arm-gnu-toolchain/bin/../lib/gcc/arm-none-eabi/6.2.1/../../../../arm-none-eabi/lib/thumb/v7e-m\libc.a(lib_a-exit.o)
                              c:/program files (x86)/atmel/studio/7.0/toolchain/arm/arm-gnu-toolchain/bin/../lib/gcc/arm-none-eabi/6.2.1/../../../../arm-none-eabi/lib/thumb/v7e-m/crt0.o (exit)
c:/program files (x86)/atmel/studio/7.0/toolchain/arm/arm-gnu-toolchain/bin/../lib/gcc/arm-none-eabi/6.2.1/../../../../arm-none-eabi/lib/thumb/v7e-m\libc.a(lib_a-impure.o)
                              c:/program files (x86)/atmel/studio/7.0/toolchain/arm/arm-gnu-toolchain/bin/../lib/gcc/arm-none-eabi/6.2.1/../../../../arm-none-eabi/lib/thumb/v7e-m\libc.a(lib_a-exit.o) (_global_impure_ptr)
c:/program files (x86)/atmel/studio/7.0/toolchain/arm/arm-gnu-toolchain/bin/../lib/gcc/arm-none-eabi/6.2.1/../../../../arm-none-eabi/lib/thumb/v7e-m\libc.a(lib_a-init.o)
                              c:/program files (x86)/atmel/studio/7.0/toolchain/arm/arm-gnu-toolchain/bin/../lib/gcc/arm-none-eabi/6.2.1/../../../../arm-none-eabi/lib/thumb/v7e-m/crt0.o (__libc_init_array)
c:/program files (x86)/atmel/studio/7.0/toolchain/arm/arm-gnu-toolchain/bin/../lib/gcc/arm-none-eabi/6.2.1/../../../../arm-none-eabi/lib/thumb/v7e-m\libc.a(lib_a-iprintf.o)
                              src/main.o (iprintf)
c:/program files (x86)/atmel/studio/7.0/toolchain/arm/arm-gnu-toolchain/bin/../lib/gcc/arm-none-eabi/6.2.1/../../../../arm-none-eabi/lib/thumb/v7e-m\libc.a(lib_a-memset.o)
                              c:/program files (x86)/atmel/studio/7.0/toolchain/arm/arm-gnu-toolchain/bin/../lib/gcc/arm-none-eabi/6.2.1/../../../../arm-none-eabi/lib/thumb/v7e-m/crt0.o (memset)
c:/program files (x86)/atmel/studio/7.0/toolchain/arm/arm-gnu-toolchain/bin/../lib/gcc/arm-none-eabi/6.2.1/../../../../arm-none-eabi/lib/thumb/v7e-m\libc.a(lib_a-puts.o)
                              src/main.o (puts)
c:/program files (x86)/atmel/studio/7.0/toolchain/arm/arm-gnu-toolchain/bin/../lib/gcc/arm-none-eabi/6.2.1/../../../../arm-none-eabi/lib/thumb/v7e-m\libc.a(lib_a-setbuf.o)
                              src/main.o (setbuf)
c:/program files (x86)/atmel/studio/7.0/toolchain/arm/arm-gnu-toolchain/bin/../lib/gcc/arm-none-eabi/6.2.1/../../../../arm-none-eabi/lib/thumb/v7e-m\libc.a(lib_a-setvbuf.o)
                              c:/program files (x86)/atmel/studio/7.0/toolchain/arm/arm-gnu-toolchain/bin/../lib/gcc/arm-none-eabi/6.2.1/../../../../arm-none-eabi/lib/thumb/v7e-m\libc.a(lib_a-setbuf.o) (setvbuf)
c:/program files (x86)/atmel/studio/7.0/toolchain/arm/arm-gnu-toolchain/bin/../lib/gcc/arm-none-eabi/6.2.1/../../../../arm-none-eabi/lib/thumb/v7e-m\libc.a(lib_a-strlen.o)
                              c:/program files (x86)/atmel/studio/7.0/toolchain/arm/arm-gnu-toolchain/bin/../lib/gcc/arm-none-eabi/6.2.1/../../../../arm-none-eabi/lib/thumb/v7e-m\libc.a(lib_a-puts.o) (strlen)
c:/program files (x86)/atmel/studio/7.0/toolchain/arm/arm-gnu-toolchain/bin/../lib/gcc/arm-none-eabi/6.2.1/../../../../arm-none-eabi/lib/thumb/v7e-m\libc.a(lib_a-vfiprintf.o)
                              c:/program files (x86)/atmel/studio/7.0/toolchain/arm/arm-gnu-toolchain/bin/../lib/gcc/arm-none-eabi/6.2.1/../../../../arm-none-eabi/lib/thumb/v7e-m\libc.a(lib_a-iprintf.o) (_vfiprintf_r)
c:/program files (x86)/atmel/studio/7.0/toolchain/arm/arm-gnu-toolchain/bin/../lib/gcc/arm-none-eabi/6.2.1/../../../../arm-none-eabi/lib/thumb/v7e-m\libc.a(lib_a-wsetup.o)
                              c:/program files (x86)/atmel/studio/7.0/toolchain/arm/arm-gnu-toolchain/bin/../lib/gcc/arm-none-eabi/6.2.1/../../../../arm-none-eabi/lib/thumb/v7e-m\libc.a(lib_a-vfiprintf.o) (__swsetup_r)
c:/program files (x86)/atmel/studio/7.0/toolchain/arm/arm-gnu-toolchain/bin/../lib/gcc/arm-none-eabi/6.2.1/../../../../arm-none-eabi/lib/thumb/v7e-m\libc.a(lib_a-__call_atexit.o)
                              c:/program files (x86)/atmel/studio/7.0/toolchain/arm/arm-gnu-toolchain/bin/../lib/gcc/arm-none-eabi/6.2.1/../../../../arm-none-eabi/lib/thumb/v7e-m\libc.a(lib_a-exit.o) (__call_exitprocs)
c:/program files (x86)/atmel/studio/7.0/toolchain/arm/arm-gnu-toolchain/bin/../lib/gcc/arm-none-eabi/6.2.1/../../../../arm-none-eabi/lib/thumb/v7e-m\libc.a(lib_a-atexit.o)
                              c:/program files (x86)/atmel/studio/7.0/toolchain/arm/arm-gnu-toolchain/bin/../lib/gcc/arm-none-eabi/6.2.1/../../../../arm-none-eabi/lib/thumb/v7e-m\libc.a(lib_a-__call_atexit.o) (atexit)
c:/program files (x86)/atmel/studio/7.0/toolchain/arm/arm-gnu-toolchain/bin/../lib/gcc/arm-none-eabi/6.2.1/../../../../arm-none-eabi/lib/thumb/v7e-m\libc.a(lib_a-fflush.o)
                              c:/program files (x86)/atmel/studio/7.0/toolchain/arm/arm-gnu-toolchain/bin/../lib/gcc/arm-none-eabi/6.2.1/../../../../arm-none-eabi/lib/thumb/v7e-m\libc.a(lib_a-setvbuf.o) (_fflush_r)
[...]
Memory Configuration

Name             Origin             Length             Attributes
rom              0x00400000         0x00200000         xr
ram              0x20400000         0x00060000         xrw
*default*        0x00000000         0xffffffff

Linker script and memory map

LOAD c:/program files (x86)/atmel/studio/7.0/toolchain/arm/arm-gnu-toolchain/bin/../lib/gcc/arm-none-eabi/6.2.1/thumb/v7e-m/crti.o
LOAD c:/program files (x86)/atmel/studio/7.0/toolchain/arm/arm-gnu-toolchain/bin/../lib/gcc/arm-none-eabi/6.2.1/thumb/v7e-m/crtbegin.o
LOAD c:/program files (x86)/atmel/studio/7.0/toolchain/arm/arm-gnu-toolchain/bin/../lib/gcc/arm-none-eabi/6.2.1/../../../../arm-none-eabi/lib/thumb/v7e-m/crt0.o
LOAD src/ASF/common/services/clock/same70/sysclk.o
LOAD src/ASF/common/services/serial/usart_serial.o
LOAD src/ASF/common/utils/interrupt/interrupt_sam_nvic.o
LOAD src/ASF/common/utils/stdio/read.o
LOAD src/ASF/common/utils/stdio/write.o
LOAD src/ASF/sam/boards/same70_xplained/init.o
LOAD src/ASF/sam/drivers/matrix/matrix.o
LOAD src/ASF/sam/drivers/mpu/mpu.o
LOAD src/ASF/sam/drivers/pio/pio.o
LOAD src/ASF/sam/drivers/pio/pio_handler.o
LOAD src/ASF/sam/drivers/pmc/pmc.o
LOAD src/ASF/sam/drivers/pmc/sleep.o
LOAD src/ASF/sam/drivers/tc/tc.o
LOAD src/ASF/sam/drivers/uart/uart.o
LOAD src/ASF/sam/drivers/usart/usart.o
LOAD src/ASF/sam/utils/cmsis/same70/source/templates/gcc/startup_same70.o
LOAD src/ASF/sam/utils/cmsis/same70/source/templates/system_same70.o
LOAD src/ASF/sam/utils/syscalls/gcc/syscalls.o
LOAD src/main.o
START GROUP
LOAD ../src/ASF/thirdparty/CMSIS/Lib/GCC\libarm_cortexM7lfsp_math_softfp.a
LOAD c:/program files (x86)/atmel/studio/7.0/toolchain/arm/arm-gnu-toolchain/bin/../lib/gcc/arm-none-eabi/6.2.1/../../../../arm-none-eabi/lib/thumb/v7e-m\libm.a
END GROUP
START GROUP
LOAD c:/program files (x86)/atmel/studio/7.0/toolchain/arm/arm-gnu-toolchain/bin/../lib/gcc/arm-none-eabi/6.2.1/thumb/v7e-m\libgcc.a
LOAD c:/program files (x86)/atmel/studio/7.0/toolchain/arm/arm-gnu-toolchain/bin/../lib/gcc/arm-none-eabi/6.2.1/../../../../arm-none-eabi/lib/thumb/v7e-m\libc.a
END GROUP
LOAD c:/program files (x86)/atmel/studio/7.0/toolchain/arm/arm-gnu-toolchain/bin/../lib/gcc/arm-none-eabi/6.2.1/thumb/v7e-m/crtend.o
LOAD c:/program files (x86)/atmel/studio/7.0/toolchain/arm/arm-gnu-toolchain/bin/../lib/gcc/arm-none-eabi/6.2.1/thumb/v7e-m/crtn.o
                0x00002000                STACK_SIZE = DEFINED (STACK_SIZE)?STACK_SIZE:0x2000
                0x2045fffc                __ram_end__ = ((ORIGIN (ram) + LENGTH (ram)) - 0x4)
                0x00000200                HEAP_SIZE = DEFINED (HEAP_SIZE)?HEAP_SIZE:0x200

.text           0x00400000     0x534c
                0x00400000                . = ALIGN (0x4)
                0x00400000                _sfixed = .
 *(.vectors .vectors.*)
 .vectors       0x00400000      0x140 src/ASF/sam/utils/cmsis/same70/source/templates/gcc/startup_same70.o
                0x00400000                exception_table
 *(.text .text.* .gnu.linkonce.t.*)
 .text          0x00400140       0x6c c:/program files (x86)/atmel/studio/7.0/toolchain/arm/arm-gnu-toolchain/bin/../lib/gcc/arm-none-eabi/6.2.1/thumb/v7e-m/crtbegin.o
 .text.osc_enable
                0x004001ac       0x88 src/ASF/common/services/clock/same70/sysclk.o
 .text.osc_is_ready
                0x00400234       0x70 src/ASF/common/services/clock/same70/sysclk.o
 .text.osc_get_rate
                0x004002a4       0x74 src/ASF/common/services/clock/same70/sysclk.o
 .text.osc_wait_ready
                0x00400318       0x2c src/ASF/common/services/clock/same70/sysclk.o
 .text.pll_config_init
                0x00400344       0x6c src/ASF/common/services/clock/same70/sysclk.o
 .text.pll_enable
                0x004003b0       0x40 src/ASF/common/services/clock/same70/sysclk.o
 .text.pll_is_locked
                0x004003f0       0x2c src/ASF/common/services/clock/same70/sysclk.o
 .text.pll_enable_source
                0x0040041c       0x38 src/ASF/common/services/clock/same70/sysclk.o
 .text.pll_wait_for_lock
                0x00400454       0x24 src/ASF/common/services/clock/same70/sysclk.o
 .text.sysclk_get_main_hz
                0x00400478       0x20 src/ASF/common/services/clock/same70/sysclk.o
 .text.sysclk_get_cpu_hz
                0x00400498       0x14 src/ASF/common/services/clock/same70/sysclk.o
 .text.sysclk_init
                0x004004ac       0x7c src/ASF/common/services/clock/same70/sysclk.o
                0x004004ac                sysclk_init
 .text._read    0x00400528       0x54 src/ASF/common/utils/stdio/read.o
                0x00400528                _read
 .text._write   0x0040057c       0x6c src/ASF/common/utils/stdio/write.o
                0x0040057c                _write
 .text.SCB_EnableICache
                0x004005e8       0x38 src/ASF/sam/boards/same70_xplained/init.o
 .text.SCB_EnableDCache
                0x00400620       0xa4 src/ASF/sam/boards/same70_xplained/init.o
 .text.sysclk_enable_peripheral_clock
                0x004006c4       0x1c src/ASF/sam/boards/same70_xplained/init.o
 .text.ioport_init
                0x004006e0       0x2c src/ASF/sam/boards/same70_xplained/init.o
 .text.ioport_disable_pin
                0x0040070c       0x4c src/ASF/sam/boards/same70_xplained/init.o
 .text.ioport_set_pin_mode
                0x00400758      0x11c src/ASF/sam/boards/same70_xplained/init.o
 .text.ioport_set_pin_dir
                0x00400874       0x88 src/ASF/sam/boards/same70_xplained/init.o
 .text.ioport_set_pin_level
                0x004008fc       0x6c src/ASF/sam/boards/same70_xplained/init.o
 .text.ioport_set_pin_sense_mode
                0x00400968       0xd0 src/ASF/sam/boards/same70_xplained/init.o
 .text.tcm_disable
                0x00400a38       0x44 src/ASF/sam/boards/same70_xplained/init.o
 .text.board_init
                0x00400a7c       0xb8 src/ASF/sam/boards/same70_xplained/init.o
                0x00400a7c                board_init
 .text.pio_set_debounce_filter
                0x00400b34       0x38 src/ASF/sam/drivers/pio/pio.o
                0x00400b34                pio_set_debounce_filter
 .text.pio_configure_interrupt
                0x00400b6c       0x6c src/ASF/sam/drivers/pio/pio.o
                0x00400b6c                pio_configure_interrupt
 .text.pio_enable_interrupt
                0x00400bd8       0x1c src/ASF/sam/drivers/pio/pio.o
                0x00400bd8                pio_enable_interrupt
 .text.pio_disable_interrupt
                0x00400bf4       0x1c src/ASF/sam/drivers/pio/pio.o
                0x00400bf4                pio_disable_interrupt
 .text.pio_get_interrupt_status
                0x00400c10       0x18 src/ASF/sam/drivers/pio/pio.o
                0x00400c10                pio_get_interrupt_status
 .text.pio_get_interrupt_mask
                0x00400c28       0x18 src/ASF/sam/drivers/pio/pio.o
                0x00400c28                pio_get_interrupt_mask
 .text.NVIC_EnableIRQ
                0x00400c40       0x34 src/ASF/sam/drivers/pio/pio_handler.o
 .text.NVIC_DisableIRQ
                0x00400c74       0x34 src/ASF/sam/drivers/pio/pio_handler.o
 .text.NVIC_ClearPendingIRQ
                0x00400ca8       0x34 src/ASF/sam/drivers/pio/pio_handler.o
 .text.NVIC_SetPriority
                0x00400cdc       0x54 src/ASF/sam/drivers/pio/pio_handler.o
 .text.pio_handler_process
                0x00400d30       0xb4 src/ASF/sam/drivers/pio/pio_handler.o
                0x00400d30                pio_handler_process
 .text.pio_handler_set
                0x00400de4       0xa0 src/ASF/sam/drivers/pio/pio_handler.o
                0x00400de4                pio_handler_set
 .text.PIOA_Handler
                0x00400e84       0x18 src/ASF/sam/drivers/pio/pio_handler.o
                0x00400e84                PIOA_Handler
 .text.PIOB_Handler
                0x00400e9c       0x18 src/ASF/sam/drivers/pio/pio_handler.o
                0x00400e9c                PIOB_Handler
 .text.PIOC_Handler
                0x00400eb4       0x18 src/ASF/sam/drivers/pio/pio_handler.o
                0x00400eb4                PIOC_Handler
 .text.PIOD_Handler
                0x00400ecc       0x18 src/ASF/sam/drivers/pio/pio_handler.o
                0x00400ecc                PIOD_Handler
 .text.PIOE_Handler
                0x00400ee4       0x18 src/ASF/sam/drivers/pio/pio_handler.o
                0x00400ee4                PIOE_Handler
 .text.pio_handler_set_priority
                0x00400efc       0x84 src/ASF/sam/drivers/pio/pio_handler.o
                0x00400efc                pio_handler_set_priority
 .text.pmc_mck_set_division
                0x00400f80       0x7c src/ASF/sam/drivers/pmc/pmc.o
                0x00400f80                pmc_mck_set_division
 .text.pmc_switch_mck_to_pllack
                0x00400ffc       0x84 src/ASF/sam/drivers/pmc/pmc.o
                0x00400ffc                pmc_switch_mck_to_pllack
 .text.pmc_switch_sclk_to_32kxtal
                0x00401080       0x38 src/ASF/sam/drivers/pmc/pmc.o
                0x00401080                pmc_switch_sclk_to_32kxtal
 .text.pmc_osc_is_ready_32kxtal
                0x004010b8       0x34 src/ASF/sam/drivers/pmc/pmc.o
                0x004010b8                pmc_osc_is_ready_32kxtal
 .text.pmc_switch_mainck_to_fastrc
                0x004010ec       0x70 src/ASF/sam/drivers/pmc/pmc.o
                0x004010ec                pmc_switch_mainck_to_fastrc
 .text.pmc_switch_mainck_to_xtal
                0x0040115c       0x78 src/ASF/sam/drivers/pmc/pmc.o
                0x0040115c                pmc_switch_mainck_to_xtal
 .text.pmc_osc_is_ready_mainck
                0x004011d4       0x1c src/ASF/sam/drivers/pmc/pmc.o
                0x004011d4                pmc_osc_is_ready_mainck
 .text.pmc_disable_pllack
                0x004011f0       0x1c src/ASF/sam/drivers/pmc/pmc.o
                0x004011f0                pmc_disable_pllack
 .text.pmc_is_locked_pllack
                0x0040120c       0x1c src/ASF/sam/drivers/pmc/pmc.o
                0x0040120c                pmc_is_locked_pllack
 .text.pmc_is_locked_upll
                0x00401228       0x1c src/ASF/sam/drivers/pmc/pmc.o
                0x00401228                pmc_is_locked_upll
 .text.pmc_enable_periph_clk
                0x00401244       0x84 src/ASF/sam/drivers/pmc/pmc.o
                0x00401244                pmc_enable_periph_clk
 .text.uart_init
                0x004012c8       0x58 src/ASF/sam/drivers/uart/uart.o
                0x004012c8                uart_init
 .text.uart_write
                0x00401320       0x30 src/ASF/sam/drivers/uart/uart.o
                0x00401320                uart_write
 .text.uart_read
                0x00401350       0x32 src/ASF/sam/drivers/uart/uart.o
                0x00401350                uart_read
 .text.usart_set_async_baudrate
                0x00401382       0x8a src/ASF/sam/drivers/usart/usart.o
                0x00401382                usart_set_async_baudrate
 .text.usart_reset
                0x0040140c       0x54 src/ASF/sam/drivers/usart/usart.o
                0x0040140c                usart_reset
 .text.usart_init_rs232
                0x00401460       0x84 src/ASF/sam/drivers/usart/usart.o
                0x00401460                usart_init_rs232
 .text.usart_enable_tx
                0x004014e4       0x1a src/ASF/sam/drivers/usart/usart.o
                0x004014e4                usart_enable_tx
 .text.usart_reset_tx
                0x004014fe       0x1a src/ASF/sam/drivers/usart/usart.o
                0x004014fe                usart_reset_tx
 .text.usart_enable_rx
                0x00401518       0x1a src/ASF/sam/drivers/usart/usart.o
                0x00401518                usart_enable_rx
 .text.usart_reset_rx
                0x00401532       0x1a src/ASF/sam/drivers/usart/usart.o
                0x00401532                usart_reset_rx
 .text.usart_reset_status
                0x0040154c       0x1c src/ASF/sam/drivers/usart/usart.o
                0x0040154c                usart_reset_status
 .text.usart_drive_RTS_pin_high
                0x00401568       0x1c src/ASF/sam/drivers/usart/usart.o
                0x00401568                usart_drive_RTS_pin_high
 .text.usart_write
                0x00401584       0x32 src/ASF/sam/drivers/usart/usart.o
                0x00401584                usart_write
 .text.usart_read
                0x004015b6       0x34 src/ASF/sam/drivers/usart/usart.o
                0x004015b6                usart_read
 *fill*         0x004015ea        0x2 
 .text.usart_disable_writeprotect
                0x004015ec       0x20 src/ASF/sam/drivers/usart/usart.o
                0x004015ec                usart_disable_writeprotect
 .text.cpu_irq_save
                0x0040160c       0x38 src/ASF/sam/utils/cmsis/same70/source/templates/gcc/startup_same70.o
 .text.cpu_irq_is_enabled_flags
                0x00401644       0x20 src/ASF/sam/utils/cmsis/same70/source/templates/gcc/startup_same70.o
 .text.cpu_irq_restore
                0x00401664       0x30 src/ASF/sam/utils/cmsis/same70/source/templates/gcc/startup_same70.o
 .text.Reset_Handler
                0x00401694       0xb0 src/ASF/sam/utils/cmsis/same70/source/templates/gcc/startup_same70.o
                0x00401694                Reset_Handler
 .text.Dummy_Handler
                0x00401744        0x6 src/ASF/sam/utils/cmsis/same70/source/templates/gcc/startup_same70.o
                0x00401744                DACC_Handler
                0x00401744                DebugMon_Handler
                0x00401744                UART3_Handler
                0x00401744                UART2_Handler
                0x00401744                TRNG_Handler
                0x00401744                HardFault_Handler
                0x00401744                TC2_Handler
                0x00401744                AFEC1_Handler
                0x00401744                PendSV_Handler
                0x00401744                NMI_Handler
                0x00401744                TC7_Handler
                0x00401744                QSPI_Handler
                0x00401744                ISI_Handler
                0x00401744                TC9_Handler
                0x00401744                RSWDT_Handler
                0x00401744                MCAN1_Handler
                0x00401744                USART0_Handler
                0x00401744                RTT_Handler
                0x00401744                USBHS_Handler
                0x00401744                RTC_Handler
                0x00401744                UsageFault_Handler
                0x00401744                TC6_Handler
                0x00401744                WDT_Handler
                0x00401744                TC4_Handler
                0x00401744                TC1_Handler
                0x00401744                HSMCI_Handler
                0x00401744                UART1_Handler
                0x00401744                TC3_Handler
                0x00401744                Dummy_Handler
                0x00401744                TWIHS1_Handler
                0x00401744                XDMAC_Handler
                0x00401744                UART4_Handler
                0x00401744                PWM1_Handler
                0x00401744                USART1_Handler
                0x00401744                PWM0_Handler
                0x00401744                AFEC0_Handler
                0x00401744                TC11_Handler
                0x00401744                SSC_Handler
                0x00401744                ACC_Handler
                0x00401744                PMC_Handler
                0x00401744                GMAC_Handler
                0x00401744                MemManage_Handler
                0x00401744                SUPC_Handler
                0x00401744                SVC_Handler
                0x00401744                TC8_Handler
                0x00401744                EFC_Handler
                0x00401744                USART2_Handler
                0x00401744                SDRAMC_Handler
                0x00401744                SPI1_Handler
                0x00401744                MCAN0_Handler
                0x00401744                TC10_Handler
                0x00401744                TWIHS2_Handler
                0x00401744                UART0_Handler
                0x00401744                BusFault_Handler
                0x00401744                RSTC_Handler
                0x00401744                TC0_Handler
                0x00401744                TC5_Handler
                0x00401744                AES_Handler
                0x00401744                ICM_Handler
                0x00401744                TWIHS0_Handler
                0x00401744                SPI0_Handler
 *fill*         0x0040174a        0x2 
 .text.SystemCoreClockUpdate
                0x0040174c      0x168 src/ASF/sam/utils/cmsis/same70/source/templates/system_same70.o
                0x0040174c                SystemCoreClockUpdate
 .text.system_init_flash
                0x004018b4       0x98 src/ASF/sam/utils/cmsis/same70/source/templates/system_same70.o
                0x004018b4                system_init_flash
 .text._sbrk    0x0040194c       0x58 src/ASF/sam/utils/syscalls/gcc/syscalls.o
                0x0040194c                _sbrk
 .text._close   0x004019a4       0x18 src/ASF/sam/utils/syscalls/gcc/syscalls.o
                0x004019a4                _close
 .text._fstat   0x004019bc       0x20 src/ASF/sam/utils/syscalls/gcc/syscalls.o
                0x004019bc                _fstat
 .text._isatty  0x004019dc       0x16 src/ASF/sam/utils/syscalls/gcc/syscalls.o
                0x004019dc                _isatty
 .text._lseek   0x004019f2       0x1a src/ASF/sam/utils/syscalls/gcc/syscalls.o
                0x004019f2                _lseek
 .text.NVIC_EnableIRQ
                0x00401a0c       0x34 src/main.o
 .text.NVIC_SetPriority
                0x00401a40       0x54 src/main.o
 .text.SysTick_Config
                0x00401a94       0x48 src/main.o
 .text.osc_get_rate
                0x00401adc       0x74 src/main.o
 .text.sysclk_get_main_hz
                0x00401b50       0x20 src/main.o
 .text.sysclk_get_cpu_hz
                0x00401b70       0x14 src/main.o
 .text.sysclk_get_peripheral_hz
                0x00401b84       0x14 src/main.o
 .text.sysclk_enable_peripheral_clock
                0x00401b98       0x1c src/main.o
 .text.ioport_toggle_pin_level
                0x00401bb4       0x70 src/main.o
 .text.usart_serial_init
                0x00401c24      0x164 src/main.o
 .text.usart_serial_putchar
                0x00401d88      0x10c src/main.o
 .text.usart_serial_getchar
                0x00401e94      0x108 src/main.o
 .text.stdio_serial_init
                0x00401f9c       0x68 src/main.o
 .text.SysTick_Handler
                0x00402004       0x1c src/main.o
                0x00402004                SysTick_Handler
 .text.Button1_Handler
                0x00402020       0x44 src/main.o
 .text.configure_buttons
                0x00402064       0x6c src/main.o
 .text.configure_console
                0x004020d0       0x38 src/main.o
 .text.mdelay   0x00402108       0x30 src/main.o
 .text.main     0x00402138       0xf0 src/main.o
                0x00402138                main
 .text.__libc_init_array
                0x00402228       0x50 c:/program files (x86)/atmel/studio/7.0/toolchain/arm/arm-gnu-toolchain/bin/../lib/gcc/arm-none-eabi/6.2.1/../../../../arm-none-eabi/lib/thumb/v7e-m\libc.a(lib_a-init.o)
                0x00402228                __libc_init_array
 .text.iprintf  0x00402278       0x28 c:/program files (x86)/atmel/studio/7.0/toolchain/arm/arm-gnu-toolchain/bin/../lib/gcc/arm-none-eabi/6.2.1/../../../../arm-none-eabi/lib/thumb/v7e-m\libc.a(lib_a-iprintf.o)
                0x00402278                iprintf
 .text.memset   0x004022a0       0x9c c:/program files (x86)/atmel/studio/7.0/toolchain/arm/arm-gnu-toolchain/bin/../lib/gcc/arm-none-eabi/6.2.1/../../../../arm-none-eabi/lib/thumb/v7e-m\libc.a(lib_a-memset.o)
                0x004022a0                memset
 .text._puts_r  0x0040233c       0x68 c:/program files (x86)/atmel/studio/7.0/toolchain/arm/arm-gnu-toolchain/bin/../lib/gcc/arm-none-eabi/6.2.1/../../../../arm-none-eabi/lib/thumb/v7e-m\libc.a(lib_a-puts.o)
                0x0040233c                _puts_r
 .text.puts     0x004023a4       0x10 c:/program files (x86)/atmel/studio/7.0/toolchain/arm/arm-gnu-toolchain/bin/../lib/gcc/arm-none-eabi/6.2.1/../../../../arm-none-eabi/lib/thumb/v7e-m\libc.a(lib_a-puts.o)
                0x004023a4                puts
 .text.setbuf   0x004023b4       0x10 c:/program files (x86)/atmel/studio/7.0/toolchain/arm/arm-gnu-toolchain/bin/../lib/gcc/arm-none-eabi/6.2.1/../../../../arm-none-eabi/lib/thumb/v7e-m\libc.a(lib_a-setbuf.o)
                0x004023b4                setbuf
 .text.setvbuf  0x004023c4      0x14c c:/program files (x86)/atmel/studio/7.0/toolchain/arm/arm-gnu-toolchain/bin/../lib/gcc/arm-none-eabi/6.2.1/../../../../arm-none-eabi/lib/thumb/v7e-m\libc.a(lib_a-setvbuf.o)
                0x004023c4                setvbuf
 *fill*         0x00402510       0x30 
 .text          0x00402540       0xdc c:/program files (x86)/atmel/studio/7.0/toolchain/arm/arm-gnu-toolchain/bin/../lib/gcc/arm-none-eabi/6.2.1/../../../../arm-none-eabi/lib/thumb/v7e-m\libc.a(lib_a-strlen.o)
                0x00402540                strlen
 .text.__sprint_r.part.0
                0x0040261c       0x80 c:/program files (x86)/atmel/studio/7.0/toolchain/arm/arm-gnu-toolchain/bin/../lib/gcc/arm-none-eabi/6.2.1/../../../../arm-none-eabi/lib/thumb/v7e-m\libc.a(lib_a-vfiprintf.o)
 .text._vfiprintf_r
                0x0040269c      0xc00 c:/program files (x86)/atmel/studio/7.0/toolchain/arm/arm-gnu-toolchain/bin/../lib/gcc/arm-none-eabi/6.2.1/../../../../arm-none-eabi/lib/thumb/v7e-m\libc.a(lib_a-vfiprintf.o)
                0x0040269c                _vfiprintf_r
 .text.__sbprintf
                0x0040329c       0x6c c:/program files (x86)/atmel/studio/7.0/toolchain/arm/arm-gnu-toolchain/bin/../lib/gcc/arm-none-eabi/6.2.1/../../../../arm-none-eabi/lib/thumb/v7e-m\libc.a(lib_a-vfiprintf.o)
 .text.__swsetup_r
                0x00403308       0xc8 c:/program files (x86)/atmel/studio/7.0/toolchain/arm/arm-gnu-toolchain/bin/../lib/gcc/arm-none-eabi/6.2.1/../../../../arm-none-eabi/lib/thumb/v7e-m\libc.a(lib_a-wsetup.o)
                0x00403308                __swsetup_r
 .text.startup.register_fini
                0x004033d0       0x14 c:/program files (x86)/atmel/studio/7.0/toolchain/arm/arm-gnu-toolchain/bin/../lib/gcc/arm-none-eabi/6.2.1/../../../../arm-none-eabi/lib/thumb/v7e-m\libc.a(lib_a-__call_atexit.o)
 .text.atexit   0x004033e4        0xc c:/program files (x86)/atmel/studio/7.0/toolchain/arm/arm-gnu-toolchain/bin/../lib/gcc/arm-none-eabi/6.2.1/../../../../arm-none-eabi/lib/thumb/v7e-m\libc.a(lib_a-atexit.o)
                0x004033e4                atexit
 .text.__sflush_r
                0x004033f0      0x140 c:/program files (x86)/atmel/studio/7.0/toolchain/arm/arm-gnu-toolchain/bin/../lib/gcc/arm-none-eabi/6.2.1/../../../../arm-none-eabi/lib/thumb/v7e-m\libc.a(lib_a-fflush.o)
                0x004033f0                __sflush_r
 .text._fflush_r
                0x00403530       0x2c c:/program files (x86)/atmel/studio/7.0/toolchain/arm/arm-gnu-toolchain/bin/../lib/gcc/arm-none-eabi/6.2.1/../../../../arm-none-eabi/lib/thumb/v7e-m\libc.a(lib_a-fflush.o)
                0x00403530                _fflush_r
 .text._cleanup_r
                0x0040355c        0xc c:/program files (x86)/atmel/studio/7.0/toolchain/arm/arm-gnu-toolchain/bin/../lib/gcc/arm-none-eabi/6.2.1/../../../../arm-none-eabi/lib/thumb/v7e-m\libc.a(lib_a-findfp.o)
                0x0040355c                _cleanup_r
 .text.__sinit.part.1
                0x00403568       0xf0 c:/program files (x86)/atmel/studio/7.0/toolchain/arm/arm-gnu-toolchain/bin/../lib/gcc/arm-none-eabi/6.2.1/../../../../arm-none-eabi/lib/thumb/v7e-m\libc.a(lib_a-findfp.o)
 .text.__sinit  0x00403658        0xc c:/program files (x86)/atmel/studio/7.0/toolchain/arm/arm-gnu-toolchain/bin/../lib/gcc/arm-none-eabi/6.2.1/../../../../arm-none-eabi/lib/thumb/v7e-m\libc.a(lib_a-findfp.o)
                0x00403658                __sinit
 .text.__sfp_lock_acquire
                0x00403664        0x4 c:/program files (x86)/atmel/studio/7.0/toolchain/arm/arm-gnu-toolchain/bin/../lib/gcc/arm-none-eabi/6.2.1/../../../../arm-none-eabi/lib/thumb/v7e-m\libc.a(lib_a-findfp.o)
                0x00403664                __sfp_lock_acquire
 .text.__sfp_lock_release
                0x00403668        0x4 c:/program files (x86)/atmel/studio/7.0/toolchain/arm/arm-gnu-toolchain/bin/../lib/gcc/arm-none-eabi/6.2.1/../../../../arm-none-eabi/lib/thumb/v7e-m\libc.a(lib_a-findfp.o)
                0x00403668                __sfp_lock_release
 .text.__libc_fini_array
                0x0040366c       0x34 c:/program files (x86)/atmel/studio/7.0/toolchain/arm/arm-gnu-toolchain/bin/../lib/gcc/arm-none-eabi/6.2.1/../../../../arm-none-eabi/lib/thumb/v7e-m\libc.a(lib_a-fini.o)
                0x0040366c                __libc_fini_array
 .text.__fputwc
                0x004036a0       0xa0 c:/program files (x86)/atmel/studio/7.0/toolchain/arm/arm-gnu-toolchain/bin/../lib/gcc/arm-none-eabi/6.2.1/../../../../arm-none-eabi/lib/thumb/v7e-m\libc.a(lib_a-fputwc.o)
                0x004036a0                __fputwc
 .text._fputwc_r
                0x00403740       0x24 c:/program files (x86)/atmel/studio/7.0/toolchain/arm/arm-gnu-toolchain/bin/../lib/gcc/arm-none-eabi/6.2.1/../../../../arm-none-eabi/lib/thumb/v7e-m\libc.a(lib_a-fputwc.o)
                0x00403740                _fputwc_r
 .text._malloc_trim_r
                0x00403764       0xa0 c:/program files (x86)/atmel/studio/7.0/toolchain/arm/arm-gnu-toolchain/bin/../lib/gcc/arm-none-eabi/6.2.1/../../../../arm-none-eabi/lib/thumb/v7e-m\libc.a(lib_a-freer.o)
                0x00403764                _malloc_trim_r
 .text._free_r  0x00403804      0x1cc c:/program files (x86)/atmel/studio/7.0/toolchain/arm/arm-gnu-toolchain/bin/../lib/gcc/arm-none-eabi/6.2.1/../../../../arm-none-eabi/lib/thumb/v7e-m\libc.a(lib_a-freer.o)
                0x00403804                _free_r
 .text.__sfvwrite_r
                0x004039d0      0x2f0 c:/program files (x86)/atmel/studio/7.0/toolchain/arm/arm-gnu-toolchain/bin/../lib/gcc/arm-none-eabi/6.2.1/../../../../arm-none-eabi/lib/thumb/v7e-m\libc.a(lib_a-fvwrite.o)
                0x004039d0                __sfvwrite_r
 .text._fwalk_reent
                0x00403cc0       0x54 c:/program files (x86)/atmel/studio/7.0/toolchain/arm/arm-gnu-toolchain/bin/../lib/gcc/arm-none-eabi/6.2.1/../../../../arm-none-eabi/lib/thumb/v7e-m\libc.a(lib_a-fwalk.o)
                0x00403cc0                _fwalk_reent
 .text.__locale_mb_cur_max
                0x00403d14       0x1c c:/program files (x86)/atmel/studio/7.0/toolchain/arm/arm-gnu-toolchain/bin/../lib/gcc/arm-none-eabi/6.2.1/../../../../arm-none-eabi/lib/thumb/v7e-m\libc.a(lib_a-locale.o)
                0x00403d14                __locale_mb_cur_max
 .text.__swhatbuf_r
                0x00403d30       0x5c c:/program files (x86)/atmel/studio/7.0/toolchain/arm/arm-gnu-toolchain/bin/../lib/gcc/arm-none-eabi/6.2.1/../../../../arm-none-eabi/lib/thumb/v7e-m\libc.a(lib_a-makebuf.o)
                0x00403d30                __swhatbuf_r
 .text.__smakebuf_r
                0x00403d8c       0x88 c:/program files (x86)/atmel/studio/7.0/toolchain/arm/arm-gnu-toolchain/bin/../lib/gcc/arm-none-eabi/6.2.1/../../../../arm-none-eabi/lib/thumb/v7e-m\libc.a(lib_a-makebuf.o)
                0x00403d8c                __smakebuf_r
 .text.malloc   0x00403e14       0x10 c:/program files (x86)/atmel/studio/7.0/toolchain/arm/arm-gnu-toolchain/bin/../lib/gcc/arm-none-eabi/6.2.1/../../../../arm-none-eabi/lib/thumb/v7e-m\libc.a(lib_a-malloc.o)
                0x00403e14                malloc
 .text._malloc_r
                0x00403e24      0x560 c:/program files (x86)/atmel/studio/7.0/toolchain/arm/arm-gnu-toolchain/bin/../lib/gcc/arm-none-eabi/6.2.1/../../../../arm-none-eabi/lib/thumb/v7e-m\libc.a(lib_a-mallocr.o)
                0x00403e24                _malloc_r
 .text.__ascii_mbtowc
                0x00404384       0x2c c:/program files (x86)/atmel/studio/7.0/toolchain/arm/arm-gnu-toolchain/bin/../lib/gcc/arm-none-eabi/6.2.1/../../../../arm-none-eabi/lib/thumb/v7e-m\libc.a(lib_a-mbtowc_r.o)
                0x00404384                __ascii_mbtowc
 .text          0x004043b0       0xa0 c:/program files (x86)/atmel/studio/7.0/toolchain/arm/arm-gnu-toolchain/bin/../lib/gcc/arm-none-eabi/6.2.1/../../../../arm-none-eabi/lib/thumb/v7e-m\libc.a(lib_a-memchr.o)
                0x004043b0                memchr
 .text          0x00404450      0x134 c:/program files (x86)/atmel/studio/7.0/toolchain/arm/arm-gnu-toolchain/bin/../lib/gcc/arm-none-eabi/6.2.1/../../../../arm-none-eabi/lib/thumb/v7e-m\libc.a(lib_a-memcpy.o)
                0x00404450                memcpy
 .text.memmove  0x00404584       0xc8 c:/program files (x86)/atmel/studio/7.0/toolchain/arm/arm-gnu-toolchain/bin/../lib/gcc/arm-none-eabi/6.2.1/../../../../arm-none-eabi/lib/thumb/v7e-m\libc.a(lib_a-memmove.o)
                0x00404584                memmove
 .text.__malloc_lock
                0x0040464c        0x4 c:/program files (x86)/atmel/studio/7.0/toolchain/arm/arm-gnu-toolchain/bin/../lib/gcc/arm-none-eabi/6.2.1/../../../../arm-none-eabi/lib/thumb/v7e-m\libc.a(lib_a-mlock.o)
                0x0040464c                __malloc_lock
 .text.__malloc_unlock
                0x00404650        0x4 c:/program files (x86)/atmel/studio/7.0/toolchain/arm/arm-gnu-toolchain/bin/../lib/gcc/arm-none-eabi/6.2.1/../../../../arm-none-eabi/lib/thumb/v7e-m\libc.a(lib_a-mlock.o)
                0x00404650                __malloc_unlock
 .text._realloc_r
                0x00404654      0x34c c:/program files (x86)/atmel/studio/7.0/toolchain/arm/arm-gnu-toolchain/bin/../lib/gcc/arm-none-eabi/6.2.1/../../../../arm-none-eabi/lib/thumb/v7e-m\libc.a(lib_a-reallocr.o)
                0x00404654                _realloc_r
 .text._sbrk_r  0x004049a0       0x24 c:/program files (x86)/atmel/studio/7.0/toolchain/arm/arm-gnu-toolchain/bin/../lib/gcc/arm-none-eabi/6.2.1/../../../../arm-none-eabi/lib/thumb/v7e-m\libc.a(lib_a-sbrkr.o)
                0x004049a0                _sbrk_r
 .text.__sread  0x004049c4       0x24 c:/program files (x86)/atmel/studio/7.0/toolchain/arm/arm-gnu-toolchain/bin/../lib/gcc/arm-none-eabi/6.2.1/../../../../arm-none-eabi/lib/thumb/v7e-m\libc.a(lib_a-stdio.o)
                0x004049c4                __sread
 .text.__swrite
                0x004049e8       0x3c c:/program files (x86)/atmel/studio/7.0/toolchain/arm/arm-gnu-toolchain/bin/../lib/gcc/arm-none-eabi/6.2.1/../../../../arm-none-eabi/lib/thumb/v7e-m\libc.a(lib_a-stdio.o)
                0x004049e8                __swrite
 .text.__sseek  0x00404a24       0x20 c:/program files (x86)/atmel/studio/7.0/toolchain/arm/arm-gnu-toolchain/bin/../lib/gcc/arm-none-eabi/6.2.1/../../../../arm-none-eabi/lib/thumb/v7e-m\libc.a(lib_a-stdio.o)
                0x00404a24                __sseek
 .text.__sclose
                0x00404a44        0x8 c:/program files (x86)/atmel/studio/7.0/toolchain/arm/arm-gnu-toolchain/bin/../lib/gcc/arm-none-eabi/6.2.1/../../../../arm-none-eabi/lib/thumb/v7e-m\libc.a(lib_a-stdio.o)
                0x00404a44                __sclose
 .text.__swbuf_r
                0x00404a4c       0xb0 c:/program files (x86)/atmel/studio/7.0/toolchain/arm/arm-gnu-toolchain/bin/../lib/gcc/arm-none-eabi/6.2.1/../../../../arm-none-eabi/lib/thumb/v7e-m\libc.a(lib_a-wbuf.o)
                0x00404a4c                __swbuf_r
 .text._wcrtomb_r
                0x00404afc       0x54 c:/program files (x86)/atmel/studio/7.0/toolchain/arm/arm-gnu-toolchain/bin/../lib/gcc/arm-none-eabi/6.2.1/../../../../arm-none-eabi/lib/thumb/v7e-m\libc.a(lib_a-wcrtomb.o)
                0x00404afc                _wcrtomb_r
 .text.__ascii_wctomb
                0x00404b50       0x1c c:/program files (x86)/atmel/studio/7.0/toolchain/arm/arm-gnu-toolchain/bin/../lib/gcc/arm-none-eabi/6.2.1/../../../../arm-none-eabi/lib/thumb/v7e-m\libc.a(lib_a-wctomb_r.o)
                0x00404b50                __ascii_wctomb
 .text._write_r
                0x00404b6c       0x2c c:/program files (x86)/atmel/studio/7.0/toolchain/arm/arm-gnu-toolchain/bin/../lib/gcc/arm-none-eabi/6.2.1/../../../../arm-none-eabi/lib/thumb/v7e-m\libc.a(lib_a-writer.o)
                0x00404b6c                _write_r
 .text.__register_exitproc
                0x00404b98       0xa4 c:/program files (x86)/atmel/studio/7.0/toolchain/arm/arm-gnu-toolchain/bin/../lib/gcc/arm-none-eabi/6.2.1/../../../../arm-none-eabi/lib/thumb/v7e-m\libc.a(lib_a-__atexit.o)
                0x00404b98                __register_exitproc
 .text._close_r
                0x00404c3c       0x24 c:/program files (x86)/atmel/studio/7.0/toolchain/arm/arm-gnu-toolchain/bin/../lib/gcc/arm-none-eabi/6.2.1/../../../../arm-none-eabi/lib/thumb/v7e-m\libc.a(lib_a-closer.o)
                0x00404c3c                _close_r
 .text._fclose_r
                0x00404c60       0x80 c:/program files (x86)/atmel/studio/7.0/toolchain/arm/arm-gnu-toolchain/bin/../lib/gcc/arm-none-eabi/6.2.1/../../../../arm-none-eabi/lib/thumb/v7e-m\libc.a(lib_a-fclose.o)
                0x00404c60                _fclose_r
 .text._fstat_r
                0x00404ce0       0x28 c:/program files (x86)/atmel/studio/7.0/toolchain/arm/arm-gnu-toolchain/bin/../lib/gcc/arm-none-eabi/6.2.1/../../../../arm-none-eabi/lib/thumb/v7e-m\libc.a(lib_a-fstatr.o)
                0x00404ce0                _fstat_r
 .text._isatty_r
                0x00404d08       0x24 c:/program files (x86)/atmel/studio/7.0/toolchain/arm/arm-gnu-toolchain/bin/../lib/gcc/arm-none-eabi/6.2.1/../../../../arm-none-eabi/lib/thumb/v7e-m\libc.a(lib_a-isattyr.o)
                0x00404d08                _isatty_r
 .text._lseek_r
                0x00404d2c       0x2c c:/program files (x86)/atmel/studio/7.0/toolchain/arm/arm-gnu-toolchain/bin/../lib/gcc/arm-none-eabi/6.2.1/../../../../arm-none-eabi/lib/thumb/v7e-m\libc.a(lib_a-lseekr.o)
                0x00404d2c                _lseek_r
 .text._read_r  0x00404d58       0x2c c:/program files (x86)/atmel/studio/7.0/toolchain/arm/arm-gnu-toolchain/bin/../lib/gcc/arm-none-eabi/6.2.1/../../../../arm-none-eabi/lib/thumb/v7e-m\libc.a(lib_a-readr.o)
                0x00404d58                _read_r
 .text          0x00404d84       0x30 c:/program files (x86)/atmel/studio/7.0/toolchain/arm/arm-gnu-toolchain/bin/../lib/gcc/arm-none-eabi/6.2.1/thumb/v7e-m\libgcc.a(_aeabi_uldivmod.o)
                0x00404d84                __aeabi_uldivmod
 .text          0x00404db4      0x2dc c:/program files (x86)/atmel/studio/7.0/toolchain/arm/arm-gnu-toolchain/bin/../lib/gcc/arm-none-eabi/6.2.1/thumb/v7e-m\libgcc.a(_udivmoddi4.o)
                0x00404db4                __udivmoddi4
 .text          0x00405090        0x4 c:/program files (x86)/atmel/studio/7.0/toolchain/arm/arm-gnu-toolchain/bin/../lib/gcc/arm-none-eabi/6.2.1/thumb/v7e-m\libgcc.a(_dvmd_tls.o)
                0x00405090                __aeabi_idiv0
                0x00405090                __aeabi_ldiv0
 *(.glue_7t)
 .glue_7t       0x00405094        0x0 linker stubs
 *(.glue_7)
 .glue_7        0x00405094        0x0 linker stubs
 *(.rodata .rodata* .gnu.linkonce.r.*)
 .rodata        0x00405094      0x127 src/main.o
 *fill*         0x004051bb        0x1 
 .rodata._global_impure_ptr
                0x004051bc        0x4 c:/program files (x86)/atmel/studio/7.0/toolchain/arm/arm-gnu-toolchain/bin/../lib/gcc/arm-none-eabi/6.2.1/../../../../arm-none-eabi/lib/thumb/v7e-m\libc.a(lib_a-impure.o)
                0x004051bc                _global_impure_ptr
 .rodata._puts_r.str1.4
                0x004051c0        0x2 c:/program files (x86)/atmel/studio/7.0/toolchain/arm/arm-gnu-toolchain/bin/../lib/gcc/arm-none-eabi/6.2.1/../../../../arm-none-eabi/lib/thumb/v7e-m\libc.a(lib_a-puts.o)
 *fill*         0x004051c2        0x2 
 .rodata._vfiprintf_r.str1.4
                0x004051c4       0x2f c:/program files (x86)/atmel/studio/7.0/toolchain/arm/arm-gnu-toolchain/bin/../lib/gcc/arm-none-eabi/6.2.1/../../../../arm-none-eabi/lib/thumb/v7e-m\libc.a(lib_a-vfiprintf.o)
 *fill*         0x004051f3        0x1 
 .rodata.blanks.7202
                0x004051f4       0x10 c:/program files (x86)/atmel/studio/7.0/toolchain/arm/arm-gnu-toolchain/bin/../lib/gcc/arm-none-eabi/6.2.1/../../../../arm-none-eabi/lib/thumb/v7e-m\libc.a(lib_a-vfiprintf.o)
 .rodata.zeroes.7203
                0x00405204       0x10 c:/program files (x86)/atmel/studio/7.0/toolchain/arm/arm-gnu-toolchain/bin/../lib/gcc/arm-none-eabi/6.2.1/../../../../arm-none-eabi/lib/thumb/v7e-m\libc.a(lib_a-vfiprintf.o)
 .rodata._setlocale_r.str1.4
                0x00405214        0xa c:/program files (x86)/atmel/studio/7.0/toolchain/arm/arm-gnu-toolchain/bin/../lib/gcc/arm-none-eabi/6.2.1/../../../../arm-none-eabi/lib/thumb/v7e-m\libc.a(lib_a-locale.o)
                                  0xd (size before relaxing)
 *fill*         0x0040521e        0x2 
 .rodata.str1.4
                0x00405220        0x4 c:/program files (x86)/atmel/studio/7.0/toolchain/arm/arm-gnu-toolchain/bin/../lib/gcc/arm-none-eabi/6.2.1/../../../../arm-none-eabi/lib/thumb/v7e-m\libc.a(lib_a-locale.o)
                                  0x2 (size before relaxing)
 .rodata._ctype_
                0x00405224      0x101 c:/program files (x86)/atmel/studio/7.0/toolchain/arm/arm-gnu-toolchain/bin/../lib/gcc/arm-none-eabi/6.2.1/../../../../arm-none-eabi/lib/thumb/v7e-m\libc.a(lib_a-ctype_.o)
                0x00405224                _ctype_
 *(.ARM.extab* .gnu.linkonce.armextab.*)
                0x00405328                . = ALIGN (0x4)
 *fill*         0x00405325        0x3 
 *(.init)
 .init          0x00405328        0x4 c:/program files (x86)/atmel/studio/7.0/toolchain/arm/arm-gnu-toolchain/bin/../lib/gcc/arm-none-eabi/6.2.1/thumb/v7e-m/crti.o
                0x00405328                _init
 .init          0x0040532c        0x8 c:/program files (x86)/atmel/studio/7.0/toolchain/arm/arm-gnu-toolchain/bin/../lib/gcc/arm-none-eabi/6.2.1/thumb/v7e-m/crtn.o
                0x00405334                . = ALIGN (0x4)
                0x00405334                __preinit_array_start = .
 *(.preinit_array)
                0x00405334                __preinit_array_end = .
                0x00405334                . = ALIGN (0x4)
                0x00405334                __init_array_start = .
 *(SORT(.init_array.*))
 .init_array.00000
                0x00405334        0x4 c:/program files (x86)/atmel/studio/7.0/toolchain/arm/arm-gnu-toolchain/bin/../lib/gcc/arm-none-eabi/6.2.1/../../../../arm-none-eabi/lib/thumb/v7e-m\libc.a(lib_a-__call_atexit.o)
 *(.init_array)
 .init_array    0x00405338        0x4 c:/program files (x86)/atmel/studio/7.0/toolchain/arm/arm-gnu-toolchain/bin/../lib/gcc/arm-none-eabi/6.2.1/thumb/v7e-m/crtbegin.o
                0x0040533c                __init_array_end = .
                0x0040533c                . = ALIGN (0x4)
 *crtbegin.o(.ctors)
 *(EXCLUDE_FILE(*crtend.o) .ctors)
 *(SORT(.ctors.*))
 *crtend.o(.ctors)
                0x0040533c                . = ALIGN (0x4)
 *(.fini)
 .fini          0x0040533c        0x4 c:/program files (x86)/atmel/studio/7.0/toolchain/arm/arm-gnu-toolchain/bin/../lib/gcc/arm-none-eabi/6.2.1/thumb/v7e-m/crti.o
                0x0040533c                _fini
 .fini          0x00405340        0x8 c:/program files (x86)/atmel/studio/7.0/toolchain/arm/arm-gnu-toolchain/bin/../lib/gcc/arm-none-eabi/6.2.1/thumb/v7e-m/crtn.o
                0x00405348                . = ALIGN (0x4)
                0x00405348                __fini_array_start = .
 *(.fini_array)
 .fini_array    0x00405348        0x4 c:/program files (x86)/atmel/studio/7.0/toolchain/arm/arm-gnu-toolchain/bin/../lib/gcc/arm-none-eabi/6.2.1/thumb/v7e-m/crtbegin.o
 *(SORT(.fini_array.*))
                0x0040534c                __fini_array_end = .
 *crtbegin.o(.dtors)
 *(EXCLUDE_FILE(*crtend.o) .dtors)
 *(SORT(.dtors.*))
 *crtend.o(.dtors)
                0x0040534c                . = ALIGN (0x4)
                0x0040534c                _efixed = .
                [!provide]                PROVIDE (__exidx_start, .)

.vfp11_veneer   0x0040534c        0x0
 .vfp11_veneer  0x0040534c        0x0 linker stubs

.v4_bx          0x0040534c        0x0
 .v4_bx         0x0040534c        0x0 linker stubs

.iplt           0x0040534c        0x0
 .iplt          0x0040534c        0x0 c:/program files (x86)/atmel/studio/7.0/toolchain/arm/arm-gnu-toolchain/bin/../lib/gcc/arm-none-eabi/6.2.1/thumb/v7e-m/crtbegin.o

.ARM.exidx      0x0040534c        0x8
 *(.ARM.exidx* .gnu.linkonce.armexidx.*)
 .ARM.exidx     0x0040534c        0x8 c:/program files (x86)/atmel/studio/7.0/toolchain/arm/arm-gnu-toolchain/bin/../lib/gcc/arm-none-eabi/6.2.1/thumb/v7e-m\libgcc.a(_udivmoddi4.o)
                [!provide]                PROVIDE (__exidx_end, .)

.eh_frame       0x00405354        0x0
 .eh_frame      0x00405354        0x0 c:/program files (x86)/atmel/studio/7.0/toolchain/arm/arm-gnu-toolchain/bin/../lib/gcc/arm-none-eabi/6.2.1/thumb/v7e-m/crtbegin.o

.rel.dyn        0x00405354        0x0
 .rel.iplt      0x00405354        0x0 c:/program files (x86)/atmel/studio/7.0/toolchain/arm/arm-gnu-toolchain/bin/../lib/gcc/arm-none-eabi/6.2.1/thumb/v7e-m/crtbegin.o

.jcr            0x00405354        0x0
 .jcr           0x00405354        0x0 c:/program files (x86)/atmel/studio/7.0/toolchain/arm/arm-gnu-toolchain/bin/../lib/gcc/arm-none-eabi/6.2.1/thumb/v7e-m/crtbegin.o

.igot.plt       0x00405354        0x0
 .igot.plt      0x00405354        0x0 c:/program files (x86)/atmel/studio/7.0/toolchain/arm/arm-gnu-toolchain/bin/../lib/gcc/arm-none-eabi/6.2.1/thumb/v7e-m/crtbegin.o
                0x00405354                . = ALIGN (0x4)
                0x00405354                _etext = .

.relocate       0x20400000      0x9bc load address 0x00405354
                0x20400000                . = ALIGN (0x4)
                0x20400000                _srelocate = .
 *(.ramfunc .ramfunc.*)
 *(.data .data.*)
 .data.g_interrupt_enabled
                0x20400000        0x1 src/ASF/common/utils/interrupt/interrupt_sam_nvic.o
                0x20400000                g_interrupt_enabled
 *fill*         0x20400001        0x3 
 .data.SystemCoreClock
                0x20400004        0x4 src/ASF/sam/utils/cmsis/same70/source/templates/system_same70.o
                0x20400004                SystemCoreClock
 .data.LEDfreq  0x20400008        0x4 src/main.o
                0x20400008                LEDfreq
 .data.g_b_led0_active
                0x2040000c        0x1 src/main.o
                0x2040000c                g_b_led0_active
 *fill*         0x2040000d        0x3 
 .data._impure_ptr
                0x20400010        0x4 c:/program files (x86)/atmel/studio/7.0/toolchain/arm/arm-gnu-toolchain/bin/../lib/gcc/arm-none-eabi/6.2.1/../../../../arm-none-eabi/lib/thumb/v7e-m\libc.a(lib_a-impure.o)
                0x20400010                _impure_ptr
 *fill*         0x20400014        0x4 
 .data.impure_data
                0x20400018      0x428 c:/program files (x86)/atmel/studio/7.0/toolchain/arm/arm-gnu-toolchain/bin/../lib/gcc/arm-none-eabi/6.2.1/../../../../arm-none-eabi/lib/thumb/v7e-m\libc.a(lib_a-impure.o)
 .data.__global_locale
                0x20400440      0x16c c:/program files (x86)/atmel/studio/7.0/toolchain/arm/arm-gnu-toolchain/bin/../lib/gcc/arm-none-eabi/6.2.1/../../../../arm-none-eabi/lib/thumb/v7e-m\libc.a(lib_a-locale.o)
                0x20400440                __global_locale
 .data.__malloc_av_
                0x204005ac      0x408 c:/program files (x86)/atmel/studio/7.0/toolchain/arm/arm-gnu-toolchain/bin/../lib/gcc/arm-none-eabi/6.2.1/../../../../arm-none-eabi/lib/thumb/v7e-m\libc.a(lib_a-mallocr.o)
                0x204005ac                __malloc_av_
 .data.__malloc_sbrk_base
                0x204009b4        0x4 c:/program files (x86)/atmel/studio/7.0/toolchain/arm/arm-gnu-toolchain/bin/../lib/gcc/arm-none-eabi/6.2.1/../../../../arm-none-eabi/lib/thumb/v7e-m\libc.a(lib_a-mallocr.o)
                0x204009b4                __malloc_sbrk_base
 .data.__malloc_trim_threshold
                0x204009b8        0x4 c:/program files (x86)/atmel/studio/7.0/toolchain/arm/arm-gnu-toolchain/bin/../lib/gcc/arm-none-eabi/6.2.1/../../../../arm-none-eabi/lib/thumb/v7e-m\libc.a(lib_a-mallocr.o)
                0x204009b8                __malloc_trim_threshold
                0x204009bc                . = ALIGN (0x4)
                0x204009bc                _erelocate = .

.bss            0x204009bc       0xe0 load address 0x00405d10
                0x204009bc                . = ALIGN (0x4)
                0x204009bc                _sbss = .
                0x204009bc                _szero = .
 *(.bss .bss.*)
 .bss           0x204009bc       0x1c c:/program files (x86)/atmel/studio/7.0/toolchain/arm/arm-gnu-toolchain/bin/../lib/gcc/arm-none-eabi/6.2.1/thumb/v7e-m/crtbegin.o
 .bss.gs_interrupt_sources
                0x204009d8       0x70 src/ASF/sam/drivers/pio/pio_handler.o
 .bss.gs_ul_nb_sources
                0x20400a48        0x4 src/ASF/sam/drivers/pio/pio_handler.o
 .bss.ul_reg_val.9301
                0x20400a4c        0x4 src/ASF/sam/drivers/usart/usart.o
 .bss.heap.6400
                0x20400a50        0x4 src/ASF/sam/utils/syscalls/gcc/syscalls.o
 .bss.g_ul_ms_ticks
                0x20400a54        0x4 src/main.o
                0x20400a54                g_ul_ms_ticks
 .bss.__malloc_current_mallinfo
                0x20400a58       0x28 c:/program files (x86)/atmel/studio/7.0/toolchain/arm/arm-gnu-toolchain/bin/../lib/gcc/arm-none-eabi/6.2.1/../../../../arm-none-eabi/lib/thumb/v7e-m\libc.a(lib_a-mallocr.o)
                0x20400a58                __malloc_current_mallinfo
 .bss.__malloc_max_sbrked_mem
                0x20400a80        0x4 c:/program files (x86)/atmel/studio/7.0/toolchain/arm/arm-gnu-toolchain/bin/../lib/gcc/arm-none-eabi/6.2.1/../../../../arm-none-eabi/lib/thumb/v7e-m\libc.a(lib_a-mallocr.o)
                0x20400a80                __malloc_max_sbrked_mem
 .bss.__malloc_max_total_mem
                0x20400a84        0x4 c:/program files (x86)/atmel/studio/7.0/toolchain/arm/arm-gnu-toolchain/bin/../lib/gcc/arm-none-eabi/6.2.1/../../../../arm-none-eabi/lib/thumb/v7e-m\libc.a(lib_a-mallocr.o)
                0x20400a84                __malloc_max_total_mem
 .bss.__malloc_top_pad
                0x20400a88        0x4 c:/program files (x86)/atmel/studio/7.0/toolchain/arm/arm-gnu-toolchain/bin/../lib/gcc/arm-none-eabi/6.2.1/../../../../arm-none-eabi/lib/thumb/v7e-m\libc.a(lib_a-mallocr.o)
                0x20400a88                __malloc_top_pad
 *(COMMON)
 COMMON         0x20400a8c        0x4 src/ASF/common/utils/stdio/read.o
                0x20400a8c                ptr_get
 COMMON         0x20400a90        0x8 src/ASF/common/utils/stdio/write.o
                0x20400a90                ptr_put
                0x20400a94                stdio_base
 COMMON         0x20400a98        0x4 c:/program files (x86)/atmel/studio/7.0/toolchain/arm/arm-gnu-toolchain/bin/../lib/gcc/arm-none-eabi/6.2.1/../../../../arm-none-eabi/lib/thumb/v7e-m\libc.a(lib_a-reent.o)
                0x20400a98                errno
                0x20400a9c                . = ALIGN (0x4)
                0x20400a9c                _ebss = .
                0x20400a9c                _ezero = .

.stack          0x20400a9c     0x2004 load address 0x00405df0
                0x20400aa0                . = ALIGN (0x8)
 *fill*         0x20400a9c        0x4 
                0x20400aa0                _sstack = .
                0x20402aa0                . = (. + STACK_SIZE)
 *fill*         0x20400aa0     0x2000 
                0x20402aa0                . = ALIGN (0x8)
                0x20402aa0                _estack = .

.heap           0x20402aa0      0x200 load address 0x00407df4
                0x20402aa0                . = ALIGN (0x8)
                0x20402aa0                _sheap = .
                0x20402ca0                . = (. + HEAP_SIZE)
 *fill*         0x20402aa0      0x200 
                0x20402ca0                . = ALIGN (0x8)
                0x20402ca0                _eheap = .
                0x20402ca0                . = ALIGN (0x4)
                0x20402ca0                _end = .
                0x2045ffff                _ram_end_ = ((ORIGIN (ram) + LENGTH (ram)) - 0x1)
OUTPUT(Aula5-Pisca-Led.elf elf32-littlearm)

.ARM.attributes
                0x00000000       0x2e
 .ARM.attributes
                0x00000000       0x1e c:/program files (x86)/atmel/studio/7.0/toolchain/arm/arm-gnu-toolchain/bin/../lib/gcc/arm-none-eabi/6.2.1/thumb/v7e-m/crti.o
 .ARM.attributes
                0x0000001e       0x2e c:/program files (x86)/atmel/studio/7.0/toolchain/arm/arm-gnu-toolchain/bin/../lib/gcc/arm-none-eabi/6.2.1/thumb/v7e-m/crtbegin.o
 .ARM.attributes
                0x0000004c       0x37 src/ASF/common/services/clock/same70/sysclk.o
 .ARM.attributes
                0x00000083       0x37 src/ASF/common/utils/interrupt/interrupt_sam_nvic.o
 .ARM.attributes
                0x000000ba       0x37 src/ASF/common/utils/stdio/read.o
 .ARM.attributes
                0x000000f1       0x37 src/ASF/common/utils/stdio/write.o
 .ARM.attributes
                0x00000128       0x37 src/ASF/sam/boards/same70_xplained/init.o
 .ARM.attributes
                0x0000015f       0x37 src/ASF/sam/drivers/pio/pio.o
 .ARM.attributes
                0x00000196       0x37 src/ASF/sam/drivers/pio/pio_handler.o
 .ARM.attributes
                0x000001cd       0x37 src/ASF/sam/drivers/pmc/pmc.o
 .ARM.attributes
                0x00000204       0x37 src/ASF/sam/drivers/uart/uart.o
 .ARM.attributes
                0x0000023b       0x37 src/ASF/sam/drivers/usart/usart.o
 .ARM.attributes
                0x00000272       0x37 src/ASF/sam/utils/cmsis/same70/source/templates/gcc/startup_same70.o
 .ARM.attributes
                0x000002a9       0x37 src/ASF/sam/utils/cmsis/same70/source/templates/system_same70.o
 .ARM.attributes
                0x000002e0       0x37 src/ASF/sam/utils/syscalls/gcc/syscalls.o
 .ARM.attributes
                0x00000317       0x37 src/main.o
 .ARM.attributes
                0x0000034e       0x2e c:/program files (x86)/atmel/studio/7.0/toolchain/arm/arm-gnu-toolchain/bin/../lib/gcc/arm-none-eabi/6.2.1/../../../../arm-none-eabi/lib/thumb/v7e-m\libc.a(lib_a-impure.o)
 .ARM.attributes
                0x0000037c       0x2e c:/program files (x86)/atmel/studio/7.0/toolchain/arm/arm-gnu-toolchain/bin/../lib/gcc/arm-none-eabi/6.2.1/../../../../arm-none-eabi/lib/thumb/v7e-m\libc.a(lib_a-init.o)
 .ARM.attributes
                0x000003aa       0x2e c:/program files (x86)/atmel/studio/7.0/toolchain/arm/arm-gnu-toolchain/bin/../lib/gcc/arm-none-eabi/6.2.1/../../../../arm-none-eabi/lib/thumb/v7e-m\libc.a(lib_a-iprintf.o)
 .ARM.attributes
                0x000003d8       0x2e c:/program files (x86)/atmel/studio/7.0/toolchain/arm/arm-gnu-toolchain/bin/../lib/gcc/arm-none-eabi/6.2.1/../../../../arm-none-eabi/lib/thumb/v7e-m\libc.a(lib_a-memset.o)
 .ARM.attributes
                0x00000406       0x2e c:/program files (x86)/atmel/studio/7.0/toolchain/arm/arm-gnu-toolchain/bin/../lib/gcc/arm-none-eabi/6.2.1/../../../../arm-none-eabi/lib/thumb/v7e-m\libc.a(lib_a-puts.o)
 .ARM.attributes
                0x00000434       0x2e c:/program files (x86)/atmel/studio/7.0/toolchain/arm/arm-gnu-toolchain/bin/../lib/gcc/arm-none-eabi/6.2.1/../../../../arm-none-eabi/lib/thumb/v7e-m\libc.a(lib_a-setbuf.o)
 .ARM.attributes
                0x00000462       0x2e c:/program files (x86)/atmel/studio/7.0/toolchain/arm/arm-gnu-toolchain/bin/../lib/gcc/arm-none-eabi/6.2.1/../../../../arm-none-eabi/lib/thumb/v7e-m\libc.a(lib_a-setvbuf.o)
 .ARM.attributes
                0x00000490       0x1c c:/program files (x86)/atmel/studio/7.0/toolchain/arm/arm-gnu-toolchain/bin/../lib/gcc/arm-none-eabi/6.2.1/../../../../arm-none-eabi/lib/thumb/v7e-m\libc.a(lib_a-strlen.o)
 .ARM.attributes
                0x000004ac       0x2e c:/program files (x86)/atmel/studio/7.0/toolchain/arm/arm-gnu-toolchain/bin/../lib/gcc/arm-none-eabi/6.2.1/../../../../arm-none-eabi/lib/thumb/v7e-m\libc.a(lib_a-vfiprintf.o)
 .ARM.attributes
                0x000004da       0x2e c:/program files (x86)/atmel/studio/7.0/toolchain/arm/arm-gnu-toolchain/bin/../lib/gcc/arm-none-eabi/6.2.1/../../../../arm-none-eabi/lib/thumb/v7e-m\libc.a(lib_a-wsetup.o)
 .ARM.attributes
                0x00000508       0x2e c:/program files (x86)/atmel/studio/7.0/toolchain/arm/arm-gnu-toolchain/bin/../lib/gcc/arm-none-eabi/6.2.1/../../../../arm-none-eabi/lib/thumb/v7e-m\libc.a(lib_a-__call_atexit.o)
 .ARM.attributes
                0x00000536       0x2e c:/program files (x86)/atmel/studio/7.0/toolchain/arm/arm-gnu-toolchain/bin/../lib/gcc/arm-none-eabi/6.2.1/../../../../arm-none-eabi/lib/thumb/v7e-m\libc.a(lib_a-atexit.o)
 .ARM.attributes
                0x00000564       0x2e c:/program files (x86)/atmel/studio/7.0/toolchain/arm/arm-gnu-toolchain/bin/../lib/gcc/arm-none-eabi/6.2.1/../../../../arm-none-eabi/lib/thumb/v7e-m\libc.a(lib_a-fflush.o)
 .ARM.attributes
                0x00000592       0x2e c:/program files (x86)/atmel/studio/7.0/toolchain/arm/arm-gnu-toolchain/bin/../lib/gcc/arm-none-eabi/6.2.1/../../../../arm-none-eabi/lib/thumb/v7e-m\libc.a(lib_a-findfp.o)
 .ARM.attributes
                0x000005c0       0x2e c:/program files (x86)/atmel/studio/7.0/toolchain/arm/arm-gnu-toolchain/bin/../lib/gcc/arm-none-eabi/6.2.1/../../../../arm-none-eabi/lib/thumb/v7e-m\libc.a(lib_a-fini.o)
 .ARM.attributes
                0x000005ee       0x2e c:/program files (x86)/atmel/studio/7.0/toolchain/arm/arm-gnu-toolchain/bin/../lib/gcc/arm-none-eabi/6.2.1/../../../../arm-none-eabi/lib/thumb/v7e-m\libc.a(lib_a-fputwc.o)
 .ARM.attributes
                0x0000061c       0x2e c:/program files (x86)/atmel/studio/7.0/toolchain/arm/arm-gnu-toolchain/bin/../lib/gcc/arm-none-eabi/6.2.1/../../../../arm-none-eabi/lib/thumb/v7e-m\libc.a(lib_a-freer.o)
 .ARM.attributes
                0x0000064a       0x2e c:/program files (x86)/atmel/studio/7.0/toolchain/arm/arm-gnu-toolchain/bin/../lib/gcc/arm-none-eabi/6.2.1/../../../../arm-none-eabi/lib/thumb/v7e-m\libc.a(lib_a-fvwrite.o)
 .ARM.attributes
                0x00000678       0x2e c:/program files (x86)/atmel/studio/7.0/toolchain/arm/arm-gnu-toolchain/bin/../lib/gcc/arm-none-eabi/6.2.1/../../../../arm-none-eabi/lib/thumb/v7e-m\libc.a(lib_a-fwalk.o)
 .ARM.attributes
                0x000006a6       0x2e c:/program files (x86)/atmel/studio/7.0/toolchain/arm/arm-gnu-toolchain/bin/../lib/gcc/arm-none-eabi/6.2.1/../../../../arm-none-eabi/lib/thumb/v7e-m\libc.a(lib_a-locale.o)
 .ARM.attributes
                0x000006d4       0x2e c:/program files (x86)/atmel/studio/7.0/toolchain/arm/arm-gnu-toolchain/bin/../lib/gcc/arm-none-eabi/6.2.1/../../../../arm-none-eabi/lib/thumb/v7e-m\libc.a(lib_a-makebuf.o)
 .ARM.attributes
                0x00000702       0x2e c:/program files (x86)/atmel/studio/7.0/toolchain/arm/arm-gnu-toolchain/bin/../lib/gcc/arm-none-eabi/6.2.1/../../../../arm-none-eabi/lib/thumb/v7e-m\libc.a(lib_a-malloc.o)
 .ARM.attributes
                0x00000730       0x2e c:/program files (x86)/atmel/studio/7.0/toolchain/arm/arm-gnu-toolchain/bin/../lib/gcc/arm-none-eabi/6.2.1/../../../../arm-none-eabi/lib/thumb/v7e-m\libc.a(lib_a-mallocr.o)
 .ARM.attributes
                0x0000075e       0x2e c:/program files (x86)/atmel/studio/7.0/toolchain/arm/arm-gnu-toolchain/bin/../lib/gcc/arm-none-eabi/6.2.1/../../../../arm-none-eabi/lib/thumb/v7e-m\libc.a(lib_a-mbtowc_r.o)
 .ARM.attributes
                0x0000078c       0x1c c:/program files (x86)/atmel/studio/7.0/toolchain/arm/arm-gnu-toolchain/bin/../lib/gcc/arm-none-eabi/6.2.1/../../../../arm-none-eabi/lib/thumb/v7e-m\libc.a(lib_a-memchr.o)
 .ARM.attributes
                0x000007a8       0x1c c:/program files (x86)/atmel/studio/7.0/toolchain/arm/arm-gnu-toolchain/bin/../lib/gcc/arm-none-eabi/6.2.1/../../../../arm-none-eabi/lib/thumb/v7e-m\libc.a(lib_a-memcpy.o)
 .ARM.attributes
                0x000007c4       0x2e c:/program files (x86)/atmel/studio/7.0/toolchain/arm/arm-gnu-toolchain/bin/../lib/gcc/arm-none-eabi/6.2.1/../../../../arm-none-eabi/lib/thumb/v7e-m\libc.a(lib_a-memmove.o)
 .ARM.attributes
                0x000007f2       0x2e c:/program files (x86)/atmel/studio/7.0/toolchain/arm/arm-gnu-toolchain/bin/../lib/gcc/arm-none-eabi/6.2.1/../../../../arm-none-eabi/lib/thumb/v7e-m\libc.a(lib_a-mlock.o)
 .ARM.attributes
                0x00000820       0x2e c:/program files (x86)/atmel/studio/7.0/toolchain/arm/arm-gnu-toolchain/bin/../lib/gcc/arm-none-eabi/6.2.1/../../../../arm-none-eabi/lib/thumb/v7e-m\libc.a(lib_a-reallocr.o)
 .ARM.attributes
                0x0000084e       0x2e c:/program files (x86)/atmel/studio/7.0/toolchain/arm/arm-gnu-toolchain/bin/../lib/gcc/arm-none-eabi/6.2.1/../../../../arm-none-eabi/lib/thumb/v7e-m\libc.a(lib_a-sbrkr.o)
 .ARM.attributes
                0x0000087c       0x2e c:/program files (x86)/atmel/studio/7.0/toolchain/arm/arm-gnu-toolchain/bin/../lib/gcc/arm-none-eabi/6.2.1/../../../../arm-none-eabi/lib/thumb/v7e-m\libc.a(lib_a-stdio.o)
 .ARM.attributes
                0x000008aa       0x2e c:/program files (x86)/atmel/studio/7.0/toolchain/arm/arm-gnu-toolchain/bin/../lib/gcc/arm-none-eabi/6.2.1/../../../../arm-none-eabi/lib/thumb/v7e-m\libc.a(lib_a-wbuf.o)
 .ARM.attributes
                0x000008d8       0x2e c:/program files (x86)/atmel/studio/7.0/toolchain/arm/arm-gnu-toolchain/bin/../lib/gcc/arm-none-eabi/6.2.1/../../../../arm-none-eabi/lib/thumb/v7e-m\libc.a(lib_a-wcrtomb.o)
 .ARM.attributes
                0x00000906       0x2e c:/program files (x86)/atmel/studio/7.0/toolchain/arm/arm-gnu-toolchain/bin/../lib/gcc/arm-none-eabi/6.2.1/../../../../arm-none-eabi/lib/thumb/v7e-m\libc.a(lib_a-wctomb_r.o)
 .ARM.attributes
                0x00000934       0x2e c:/program files (x86)/atmel/studio/7.0/toolchain/arm/arm-gnu-toolchain/bin/../lib/gcc/arm-none-eabi/6.2.1/../../../../arm-none-eabi/lib/thumb/v7e-m\libc.a(lib_a-writer.o)
 .ARM.attributes
                0x00000962       0x2e c:/program files (x86)/atmel/studio/7.0/toolchain/arm/arm-gnu-toolchain/bin/../lib/gcc/arm-none-eabi/6.2.1/../../../../arm-none-eabi/lib/thumb/v7e-m\libc.a(lib_a-__atexit.o)
 .ARM.attributes
                0x00000990       0x2e c:/program files (x86)/atmel/studio/7.0/toolchain/arm/arm-gnu-toolchain/bin/../lib/gcc/arm-none-eabi/6.2.1/../../../../arm-none-eabi/lib/thumb/v7e-m\libc.a(lib_a-closer.o)
 .ARM.attributes
                0x000009be       0x2e c:/program files (x86)/atmel/studio/7.0/toolchain/arm/arm-gnu-toolchain/bin/../lib/gcc/arm-none-eabi/6.2.1/../../../../arm-none-eabi/lib/thumb/v7e-m\libc.a(lib_a-ctype_.o)
 .ARM.attributes
                0x000009ec       0x2e c:/program files (x86)/atmel/studio/7.0/toolchain/arm/arm-gnu-toolchain/bin/../lib/gcc/arm-none-eabi/6.2.1/../../../../arm-none-eabi/lib/thumb/v7e-m\libc.a(lib_a-fclose.o)
 .ARM.attributes
                0x00000a1a       0x2e c:/program files (x86)/atmel/studio/7.0/toolchain/arm/arm-gnu-toolchain/bin/../lib/gcc/arm-none-eabi/6.2.1/../../../../arm-none-eabi/lib/thumb/v7e-m\libc.a(lib_a-fstatr.o)
 .ARM.attributes
                0x00000a48       0x2e c:/program files (x86)/atmel/studio/7.0/toolchain/arm/arm-gnu-toolchain/bin/../lib/gcc/arm-none-eabi/6.2.1/../../../../arm-none-eabi/lib/thumb/v7e-m\libc.a(lib_a-isattyr.o)
 .ARM.attributes
                0x00000a76       0x2e c:/program files (x86)/atmel/studio/7.0/toolchain/arm/arm-gnu-toolchain/bin/../lib/gcc/arm-none-eabi/6.2.1/../../../../arm-none-eabi/lib/thumb/v7e-m\libc.a(lib_a-lseekr.o)
 .ARM.attributes
                0x00000aa4       0x2e c:/program files (x86)/atmel/studio/7.0/toolchain/arm/arm-gnu-toolchain/bin/../lib/gcc/arm-none-eabi/6.2.1/../../../../arm-none-eabi/lib/thumb/v7e-m\libc.a(lib_a-readr.o)
 .ARM.attributes
                0x00000ad2       0x2e c:/program files (x86)/atmel/studio/7.0/toolchain/arm/arm-gnu-toolchain/bin/../lib/gcc/arm-none-eabi/6.2.1/../../../../arm-none-eabi/lib/thumb/v7e-m\libc.a(lib_a-reent.o)
 .ARM.attributes
                0x00000b00       0x1e c:/program files (x86)/atmel/studio/7.0/toolchain/arm/arm-gnu-toolchain/bin/../lib/gcc/arm-none-eabi/6.2.1/thumb/v7e-m\libgcc.a(_aeabi_uldivmod.o)
 .ARM.attributes
                0x00000b1e       0x2e c:/program files (x86)/atmel/studio/7.0/toolchain/arm/arm-gnu-toolchain/bin/../lib/gcc/arm-none-eabi/6.2.1/thumb/v7e-m\libgcc.a(_udivmoddi4.o)
 .ARM.attributes
                0x00000b4c       0x1e c:/program files (x86)/atmel/studio/7.0/toolchain/arm/arm-gnu-toolchain/bin/../lib/gcc/arm-none-eabi/6.2.1/thumb/v7e-m\libgcc.a(_dvmd_tls.o)
 .ARM.attributes
                0x00000b6a       0x1e c:/program files (x86)/atmel/studio/7.0/toolchain/arm/arm-gnu-toolchain/bin/../lib/gcc/arm-none-eabi/6.2.1/thumb/v7e-m/crtn.o

.comment        0x00000000       0x59
 .comment       0x00000000       0x59 src/ASF/common/services/clock/same70/sysclk.o
                                 0x5a (size before relaxing)
 .comment       0x00000059       0x5a src/ASF/common/utils/interrupt/interrupt_sam_nvic.o
 .comment       0x00000059       0x5a src/ASF/common/utils/stdio/read.o
 .comment       0x00000059       0x5a src/ASF/common/utils/stdio/write.o
 .comment       0x00000059       0x5a src/ASF/sam/boards/same70_xplained/init.o
 .comment       0x00000059       0x5a src/ASF/sam/drivers/pio/pio.o
 .comment       0x00000059       0x5a src/ASF/sam/drivers/pio/pio_handler.o
 .comment       0x00000059       0x5a src/ASF/sam/drivers/pmc/pmc.o
 .comment       0x00000059       0x5a src/ASF/sam/drivers/uart/uart.o
 .comment       0x00000059       0x5a src/ASF/sam/drivers/usart/usart.o
 .comment       0x00000059       0x5a src/ASF/sam/utils/cmsis/same70/source/templates/gcc/startup_same70.o
 .comment       0x00000059       0x5a src/ASF/sam/utils/cmsis/same70/source/templates/system_same70.o
 .comment       0x00000059       0x5a src/ASF/sam/utils/syscalls/gcc/syscalls.o
 .comment       0x00000059       0x5a src/main.o

.debug_info     0x00000000    0x12583
 .debug_info    0x00000000     0x12c8 src/ASF/common/services/clock/same70/sysclk.o
 .debug_info    0x000012c8      0xafa src/ASF/common/utils/interrupt/interrupt_sam_nvic.o
 .debug_info    0x00001dc2      0xaad src/ASF/common/utils/stdio/read.o
 .debug_info    0x0000286f      0xab6 src/ASF/common/utils/stdio/write.o
 .debug_info    0x00003325     0x1fd2 src/ASF/sam/boards/same70_xplained/init.o
 .debug_info    0x000052f7     0x1cb3 src/ASF/sam/drivers/pio/pio.o
 .debug_info    0x00006faa     0x1a0c src/ASF/sam/drivers/pio/pio_handler.o
 .debug_info    0x000089b6     0x1db4 src/ASF/sam/drivers/pmc/pmc.o
 .debug_info    0x0000a76a     0x104e src/ASF/sam/drivers/uart/uart.o
 .debug_info    0x0000b7b8     0x20e9 src/ASF/sam/drivers/usart/usart.o
 .debug_info    0x0000d8a1     0x1570 src/ASF/sam/utils/cmsis/same70/source/templates/gcc/startup_same70.o
 .debug_info    0x0000ee11      0x55f src/ASF/sam/utils/cmsis/same70/source/templates/system_same70.o
 .debug_info    0x0000f370      0xdb0 src/ASF/sam/utils/syscalls/gcc/syscalls.o
 .debug_info    0x00010120     0x2463 src/main.o

.debug_abbrev   0x00000000     0x2343
 .debug_abbrev  0x00000000      0x296 src/ASF/common/services/clock/same70/sysclk.o
 .debug_abbrev  0x00000296      0x214 src/ASF/common/utils/interrupt/interrupt_sam_nvic.o
 .debug_abbrev  0x000004aa      0x1da src/ASF/common/utils/stdio/read.o
 .debug_abbrev  0x00000684      0x1da src/ASF/common/utils/stdio/write.o
 .debug_abbrev  0x0000085e      0x3eb src/ASF/sam/boards/same70_xplained/init.o
 .debug_abbrev  0x00000c49      0x296 src/ASF/sam/drivers/pio/pio.o
 .debug_abbrev  0x00000edf      0x2c9 src/ASF/sam/drivers/pio/pio_handler.o
 .debug_abbrev  0x000011a8      0x2c5 src/ASF/sam/drivers/pmc/pmc.o
 .debug_abbrev  0x0000146d      0x234 src/ASF/sam/drivers/uart/uart.o
 .debug_abbrev  0x000016a1      0x287 src/ASF/sam/drivers/usart/usart.o
 .debug_abbrev  0x00001928      0x2e8 src/ASF/sam/utils/cmsis/same70/source/templates/gcc/startup_same70.o
 .debug_abbrev  0x00001c10      0x102 src/ASF/sam/utils/cmsis/same70/source/templates/system_same70.o
 .debug_abbrev  0x00001d12      0x22a src/ASF/sam/utils/syscalls/gcc/syscalls.o
 .debug_abbrev  0x00001f3c      0x407 src/main.o

.debug_loc      0x00000000     0x6800
 .debug_loc     0x00000000      0x4a0 src/ASF/common/services/clock/same70/sysclk.o
 .debug_loc     0x000004a0       0xa0 src/ASF/common/utils/interrupt/interrupt_sam_nvic.o
 .debug_loc     0x00000540       0x50 src/ASF/common/utils/stdio/read.o
 .debug_loc     0x00000590       0x50 src/ASF/common/utils/stdio/write.o
 .debug_loc     0x000005e0      0x358 src/ASF/sam/boards/same70_xplained/init.o
 .debug_loc     0x00000938     0x1174 src/ASF/sam/drivers/pio/pio.o
 .debug_loc     0x00001aac      0x38c src/ASF/sam/drivers/pio/pio_handler.o
 .debug_loc     0x00001e38     0x1714 src/ASF/sam/drivers/pmc/pmc.o
 .debug_loc     0x0000354c      0x8a0 src/ASF/sam/drivers/uart/uart.o
 .debug_loc     0x00003dec     0x1e4c src/ASF/sam/drivers/usart/usart.o
 .debug_loc     0x00005c38      0x16c src/ASF/sam/utils/cmsis/same70/source/templates/gcc/startup_same70.o
 .debug_loc     0x00005da4       0xe4 src/ASF/sam/utils/cmsis/same70/source/templates/system_same70.o
 .debug_loc     0x00005e88      0x324 src/ASF/sam/utils/syscalls/gcc/syscalls.o
 .debug_loc     0x000061ac      0x654 src/main.o

.debug_aranges  0x00000000      0xb18
 .debug_aranges
                0x00000000       0x98 src/ASF/common/services/clock/same70/sysclk.o
 .debug_aranges
                0x00000098       0x28 src/ASF/common/utils/interrupt/interrupt_sam_nvic.o
 .debug_aranges
                0x000000c0       0x20 src/ASF/common/utils/stdio/read.o
 .debug_aranges
                0x000000e0       0x20 src/ASF/common/utils/stdio/write.o
 .debug_aranges
                0x00000100       0x70 src/ASF/sam/boards/same70_xplained/init.o
 .debug_aranges
                0x00000170      0x1a8 src/ASF/sam/drivers/pio/pio.o
 .debug_aranges
                0x00000318       0x80 src/ASF/sam/drivers/pio/pio_handler.o
 .debug_aranges
                0x00000398      0x250 src/ASF/sam/drivers/pmc/pmc.o
 .debug_aranges
                0x000005e8       0xd8 src/ASF/sam/drivers/uart/uart.o
 .debug_aranges
                0x000006c0      0x2c8 src/ASF/sam/drivers/usart/usart.o
 .debug_aranges
                0x00000988       0x40 src/ASF/sam/utils/cmsis/same70/source/templates/gcc/startup_same70.o
 .debug_aranges
                0x000009c8       0x30 src/ASF/sam/utils/cmsis/same70/source/templates/system_same70.o
 .debug_aranges
                0x000009f8       0x60 src/ASF/sam/utils/syscalls/gcc/syscalls.o
 .debug_aranges
                0x00000a58       0xc0 src/main.o

.debug_ranges   0x00000000      0xae0
 .debug_ranges  0x00000000       0x88 src/ASF/common/services/clock/same70/sysclk.o
 .debug_ranges  0x00000088       0x18 src/ASF/common/utils/interrupt/interrupt_sam_nvic.o
 .debug_ranges  0x000000a0       0x10 src/ASF/common/utils/stdio/read.o
 .debug_ranges  0x000000b0       0x10 src/ASF/common/utils/stdio/write.o
 .debug_ranges  0x000000c0       0xd8 src/ASF/sam/boards/same70_xplained/init.o
 .debug_ranges  0x00000198      0x198 src/ASF/sam/drivers/pio/pio.o
 .debug_ranges  0x00000330       0x70 src/ASF/sam/drivers/pio/pio_handler.o
 .debug_ranges  0x000003a0      0x240 src/ASF/sam/drivers/pmc/pmc.o
 .debug_ranges  0x000005e0       0xc8 src/ASF/sam/drivers/uart/uart.o
 .debug_ranges  0x000006a8      0x2b8 src/ASF/sam/drivers/usart/usart.o
 .debug_ranges  0x00000960       0x30 src/ASF/sam/utils/cmsis/same70/source/templates/gcc/startup_same70.o
 .debug_ranges  0x00000990       0x20 src/ASF/sam/utils/cmsis/same70/source/templates/system_same70.o
 .debug_ranges  0x000009b0       0x50 src/ASF/sam/utils/syscalls/gcc/syscalls.o
 .debug_ranges  0x00000a00       0xe0 src/main.o

.debug_macro    0x00000000    0x1df13
 .debug_macro   0x00000000      0x6d1 src/ASF/common/services/clock/same70/sysclk.o
 .debug_macro   0x000006d1      0x8c8 src/ASF/common/services/clock/same70/sysclk.o
 .debug_macro   0x00000f99      0x652 src/ASF/common/services/clock/same70/sysclk.o
 .debug_macro   0x000015eb       0x3a src/ASF/common/services/clock/same70/sysclk.o
 .debug_macro   0x00001625      0x16d src/ASF/common/services/clock/same70/sysclk.o
 .debug_macro   0x00001792       0x76 src/ASF/common/services/clock/same70/sysclk.o
 .debug_macro   0x00001808       0x16 src/ASF/common/services/clock/same70/sysclk.o
 .debug_macro   0x0000181e      0x6e4 src/ASF/common/services/clock/same70/sysclk.o
 .debug_macro   0x00001f02       0x22 src/ASF/common/services/clock/same70/sysclk.o
 .debug_macro   0x00001f24       0x87 src/ASF/common/services/clock/same70/sysclk.o
 .debug_macro   0x00001fab       0x51 src/ASF/common/services/clock/same70/sysclk.o
 .debug_macro   0x00001ffc       0xef src/ASF/common/services/clock/same70/sysclk.o
 .debug_macro   0x000020eb       0x6a src/ASF/common/services/clock/same70/sysclk.o
 .debug_macro   0x00002155      0x1df src/ASF/common/services/clock/same70/sysclk.o
 .debug_macro   0x00002334       0x4a src/ASF/common/services/clock/same70/sysclk.o
 .debug_macro   0x0000237e       0x3b src/ASF/common/services/clock/same70/sysclk.o
 .debug_macro   0x000023b9       0x2d src/ASF/common/services/clock/same70/sysclk.o
 .debug_macro   0x000023e6       0x26 src/ASF/common/services/clock/same70/sysclk.o
 .debug_macro   0x0000240c      0xf9a src/ASF/common/services/clock/same70/sysclk.o
 .debug_macro   0x000033a6      0x175 src/ASF/common/services/clock/same70/sysclk.o
 .debug_macro   0x0000351b      0x257 src/ASF/common/services/clock/same70/sysclk.o
 .debug_macro   0x00003772      0xa0f src/ASF/common/services/clock/same70/sysclk.o
 .debug_macro   0x00004181      0x1b9 src/ASF/common/services/clock/same70/sysclk.o
 .debug_macro   0x0000433a      0x336 src/ASF/common/services/clock/same70/sysclk.o
 .debug_macro   0x00004670      0x15b src/ASF/common/services/clock/same70/sysclk.o
 .debug_macro   0x000047cb     0x1851 src/ASF/common/services/clock/same70/sysclk.o
 .debug_macro   0x0000601c       0x1c src/ASF/common/services/clock/same70/sysclk.o
 .debug_macro   0x00006038      0x68d src/ASF/common/services/clock/same70/sysclk.o
 .debug_macro   0x000066c5      0x31e src/ASF/common/services/clock/same70/sysclk.o
 .debug_macro   0x000069e3      0x4d4 src/ASF/common/services/clock/same70/sysclk.o
 .debug_macro   0x00006eb7      0x56e src/ASF/common/services/clock/same70/sysclk.o
 .debug_macro   0x00007425     0x1332 src/ASF/common/services/clock/same70/sysclk.o
 .debug_macro   0x00008757     0x278d src/ASF/common/services/clock/same70/sysclk.o
 .debug_macro   0x0000aee4     0x102b src/ASF/common/services/clock/same70/sysclk.o
 .debug_macro   0x0000bf0f      0xe01 src/ASF/common/services/clock/same70/sysclk.o
 .debug_macro   0x0000cd10      0x3b1 src/ASF/common/services/clock/same70/sysclk.o
 .debug_macro   0x0000d0c1       0xa0 src/ASF/common/services/clock/same70/sysclk.o
 .debug_macro   0x0000d161       0x76 src/ASF/common/services/clock/same70/sysclk.o
 .debug_macro   0x0000d1d7      0x409 src/ASF/common/services/clock/same70/sysclk.o
 .debug_macro   0x0000d5e0       0x64 src/ASF/common/services/clock/same70/sysclk.o
 .debug_macro   0x0000d644      0x284 src/ASF/common/services/clock/same70/sysclk.o
 .debug_macro   0x0000d8c8      0x1d0 src/ASF/common/services/clock/same70/sysclk.o
 .debug_macro   0x0000da98      0x248 src/ASF/common/services/clock/same70/sysclk.o
 .debug_macro   0x0000dce0      0x524 src/ASF/common/services/clock/same70/sysclk.o
 .debug_macro   0x0000e204      0x63b src/ASF/common/services/clock/same70/sysclk.o
 .debug_macro   0x0000e83f      0x6b8 src/ASF/common/services/clock/same70/sysclk.o
 .debug_macro   0x0000eef7       0x4c src/ASF/common/services/clock/same70/sysclk.o
 .debug_macro   0x0000ef43      0x468 src/ASF/common/services/clock/same70/sysclk.o
 .debug_macro   0x0000f3ab      0x207 src/ASF/common/services/clock/same70/sysclk.o
 .debug_macro   0x0000f5b2      0x866 src/ASF/common/services/clock/same70/sysclk.o
 .debug_macro   0x0000fe18     0x1547 src/ASF/common/services/clock/same70/sysclk.o
 .debug_macro   0x0001135f       0x40 src/ASF/common/services/clock/same70/sysclk.o
 .debug_macro   0x0001139f       0x76 src/ASF/common/services/clock/same70/sysclk.o
 .debug_macro   0x00011415      0xdaf src/ASF/common/services/clock/same70/sysclk.o
 .debug_macro   0x000121c4       0x82 src/ASF/common/services/clock/same70/sysclk.o
 .debug_macro   0x00012246       0x76 src/ASF/common/services/clock/same70/sysclk.o
 .debug_macro   0x000122bc       0x4c src/ASF/common/services/clock/same70/sysclk.o
 .debug_macro   0x00012308      0x135 src/ASF/common/services/clock/same70/sysclk.o
 .debug_macro   0x0001243d      0x135 src/ASF/common/services/clock/same70/sysclk.o
 .debug_macro   0x00012572      0x135 src/ASF/common/services/clock/same70/sysclk.o
 .debug_macro   0x000126a7       0x6a src/ASF/common/services/clock/same70/sysclk.o
 .debug_macro   0x00012711       0x6a src/ASF/common/services/clock/same70/sysclk.o
 .debug_macro   0x0001277b      0x313 src/ASF/common/services/clock/same70/sysclk.o
 .debug_macro   0x00012a8e       0xb2 src/ASF/common/services/clock/same70/sysclk.o
 .debug_macro   0x00012b40       0xb2 src/ASF/common/services/clock/same70/sysclk.o
 .debug_macro   0x00012bf2       0xb2 src/ASF/common/services/clock/same70/sysclk.o
 .debug_macro   0x00012ca4      0x11d src/ASF/common/services/clock/same70/sysclk.o
 .debug_macro   0x00012dc1      0x11d src/ASF/common/services/clock/same70/sysclk.o
 .debug_macro   0x00012ede      0x2cd src/ASF/common/services/clock/same70/sysclk.o
 .debug_macro   0x000131ab       0xb8 src/ASF/common/services/clock/same70/sysclk.o
 .debug_macro   0x00013263       0x5e src/ASF/common/services/clock/same70/sysclk.o
 .debug_macro   0x000132c1       0x40 src/ASF/common/services/clock/same70/sysclk.o
 .debug_macro   0x00013301       0x4c src/ASF/common/services/clock/same70/sysclk.o
 .debug_macro   0x0001334d       0xa0 src/ASF/common/services/clock/same70/sysclk.o
 .debug_macro   0x000133ed      0x494 src/ASF/common/services/clock/same70/sysclk.o
 .debug_macro   0x00013881      0x135 src/ASF/common/services/clock/same70/sysclk.o
 .debug_macro   0x000139b6       0x4c src/ASF/common/services/clock/same70/sysclk.o
 .debug_macro   0x00013a02      0x313 src/ASF/common/services/clock/same70/sysclk.o
 .debug_macro   0x00013d15       0x6a src/ASF/common/services/clock/same70/sysclk.o
 .debug_macro   0x00013d7f       0xb8 src/ASF/common/services/clock/same70/sysclk.o
 .debug_macro   0x00013e37       0x6a src/ASF/common/services/clock/same70/sysclk.o
 .debug_macro   0x00013ea1       0x2e src/ASF/common/services/clock/same70/sysclk.o
 .debug_macro   0x00013ecf      0x9b1 src/ASF/common/services/clock/same70/sysclk.o
 .debug_macro   0x00014880       0x6a src/ASF/common/services/clock/same70/sysclk.o
 .debug_macro   0x000148ea       0x88 src/ASF/common/services/clock/same70/sysclk.o
 .debug_macro   0x00014972       0x58 src/ASF/common/services/clock/same70/sysclk.o
 .debug_macro   0x000149ca       0xe2 src/ASF/common/services/clock/same70/sysclk.o
 .debug_macro   0x00014aac       0x16 src/ASF/common/services/clock/same70/sysclk.o
 .debug_macro   0x00014ac2       0xe2 src/ASF/common/services/clock/same70/sysclk.o
 .debug_macro   0x00014ba4       0x4c src/ASF/common/services/clock/same70/sysclk.o
 .debug_macro   0x00014bf0       0x16 src/ASF/common/services/clock/same70/sysclk.o
 .debug_macro   0x00014c06       0x4c src/ASF/common/services/clock/same70/sysclk.o
 .debug_macro   0x00014c52       0x2e src/ASF/common/services/clock/same70/sysclk.o
 .debug_macro   0x00014c80      0x1b5 src/ASF/common/services/clock/same70/sysclk.o
 .debug_macro   0x00014e35      0x1b5 src/ASF/common/services/clock/same70/sysclk.o
 .debug_macro   0x00014fea      0x1b5 src/ASF/common/services/clock/same70/sysclk.o
 .debug_macro   0x0001519f      0x1b5 src/ASF/common/services/clock/same70/sysclk.o
 .debug_macro   0x00015354      0x1b5 src/ASF/common/services/clock/same70/sysclk.o
 .debug_macro   0x00015509       0x1c src/ASF/common/services/clock/same70/sysclk.o
 .debug_macro   0x00015525       0x2e src/ASF/common/services/clock/same70/sysclk.o
 .debug_macro   0x00015553       0x22 src/ASF/common/services/clock/same70/sysclk.o
 .debug_macro   0x00015575       0x1c src/ASF/common/services/clock/same70/sysclk.o
 .debug_macro   0x00015591       0x52 src/ASF/common/services/clock/same70/sysclk.o
 .debug_macro   0x000155e3       0x10 src/ASF/common/services/clock/same70/sysclk.o
 .debug_macro   0x000155f3       0x1c src/ASF/common/services/clock/same70/sysclk.o
 .debug_macro   0x0001560f       0x4c src/ASF/common/services/clock/same70/sysclk.o
 .debug_macro   0x0001565b       0x4c src/ASF/common/services/clock/same70/sysclk.o
 .debug_macro   0x000156a7       0x4c src/ASF/common/services/clock/same70/sysclk.o
 .debug_macro   0x000156f3      0x31b src/ASF/common/services/clock/same70/sysclk.o
 .debug_macro   0x00015a0e     0x1022 src/ASF/common/services/clock/same70/sysclk.o
 .debug_macro   0x00016a30      0x100 src/ASF/common/services/clock/same70/sysclk.o
 .debug_macro   0x00016b30       0x52 src/ASF/common/services/clock/same70/sysclk.o
 .debug_macro   0x00016b82       0x35 src/ASF/common/services/clock/same70/sysclk.o
 .debug_macro   0x00016bb7       0x9c src/ASF/common/services/clock/same70/sysclk.o
 .debug_macro   0x00016c53       0x16 src/ASF/common/services/clock/same70/sysclk.o
 .debug_macro   0x00016c69       0x35 src/ASF/common/services/clock/same70/sysclk.o
 .debug_macro   0x00016c9e      0x330 src/ASF/common/services/clock/same70/sysclk.o
 .debug_macro   0x00016fce       0x10 src/ASF/common/services/clock/same70/sysclk.o
 .debug_macro   0x00016fde       0x52 src/ASF/common/services/clock/same70/sysclk.o
 .debug_macro   0x00017030       0x1f src/ASF/common/services/clock/same70/sysclk.o
 .debug_macro   0x0001704f       0x43 src/ASF/common/services/clock/same70/sysclk.o
 .debug_macro   0x00017092       0x20 src/ASF/common/services/clock/same70/sysclk.o
 .debug_macro   0x000170b2      0x187 src/ASF/common/services/clock/same70/sysclk.o
 .debug_macro   0x00017239       0x10 src/ASF/common/services/clock/same70/sysclk.o
 .debug_macro   0x00017249       0x1c src/ASF/common/services/clock/same70/sysclk.o
 .debug_macro   0x00017265       0x52 src/ASF/common/services/clock/same70/sysclk.o
 .debug_macro   0x000172b7       0x40 src/ASF/common/services/clock/same70/sysclk.o
 .debug_macro   0x000172f7       0x10 src/ASF/common/services/clock/same70/sysclk.o
 .debug_macro   0x00017307       0x40 src/ASF/common/services/clock/same70/sysclk.o
 .debug_macro   0x00017347       0xd7 src/ASF/common/services/clock/same70/sysclk.o
 .debug_macro   0x0001741e       0x16 src/ASF/common/services/clock/same70/sysclk.o
 .debug_macro   0x00017434      0x18b src/ASF/common/services/clock/same70/sysclk.o
 .debug_macro   0x000175bf       0x22 src/ASF/common/services/clock/same70/sysclk.o
 .debug_macro   0x000175e1       0x16 src/ASF/common/services/clock/same70/sysclk.o
 .debug_macro   0x000175f7       0x16 src/ASF/common/services/clock/same70/sysclk.o
 .debug_macro   0x0001760d       0x29 src/ASF/common/services/clock/same70/sysclk.o
 .debug_macro   0x00017636       0x75 src/ASF/common/services/clock/same70/sysclk.o
 .debug_macro   0x000176ab       0x3f src/ASF/common/services/clock/same70/sysclk.o
 .debug_macro   0x000176ea      0x3ca src/ASF/common/services/clock/same70/sysclk.o
 .debug_macro   0x00017ab4      0x2b9 src/ASF/common/services/clock/same70/sysclk.o
 .debug_macro   0x00017d6d      0x8d6 src/ASF/common/services/clock/same70/sysclk.o
 .debug_macro   0x00018643       0x70 src/ASF/common/services/clock/same70/sysclk.o
 .debug_macro   0x000186b3       0x64 src/ASF/common/services/clock/same70/sysclk.o
 .debug_macro   0x00018717       0x5f src/ASF/common/services/clock/same70/sysclk.o
 .debug_macro   0x00018776       0xac src/ASF/common/services/clock/same70/sysclk.o
 .debug_macro   0x00018822      0x655 src/ASF/common/utils/interrupt/interrupt_sam_nvic.o
 .debug_macro   0x00018e77      0x655 src/ASF/common/utils/stdio/read.o
 .debug_macro   0x000194cc      0x655 src/ASF/common/utils/stdio/write.o
 .debug_macro   0x00019b21      0x70b src/ASF/sam/boards/same70_xplained/init.o
 .debug_macro   0x0001a22c       0x22 src/ASF/sam/boards/same70_xplained/init.o
 .debug_macro   0x0001a24e       0x82 src/ASF/sam/boards/same70_xplained/init.o
 .debug_macro   0x0001a2d0       0x94 src/ASF/sam/boards/same70_xplained/init.o
 .debug_macro   0x0001a364      0x66b src/ASF/sam/drivers/pio/pio.o
 .debug_macro   0x0001a9cf       0x8e src/ASF/sam/drivers/pio/pio.o
 .debug_macro   0x0001aa5d      0x676 src/ASF/sam/drivers/pio/pio_handler.o
 .debug_macro   0x0001b0d3      0x66b src/ASF/sam/drivers/pmc/pmc.o
 .debug_macro   0x0001b73e       0x6a src/ASF/sam/drivers/pmc/pmc.o
 .debug_macro   0x0001b7a8      0x665 src/ASF/sam/drivers/uart/uart.o
 .debug_macro   0x0001be0d       0x16 src/ASF/sam/drivers/uart/uart.o
 .debug_macro   0x0001be23      0x69b src/ASF/sam/drivers/usart/usart.o
 .debug_macro   0x0001c4be       0x34 src/ASF/sam/drivers/usart/usart.o
 .debug_macro   0x0001c4f2      0x664 src/ASF/sam/utils/cmsis/same70/source/templates/gcc/startup_same70.o
 .debug_macro   0x0001cb56       0x10 src/ASF/sam/utils/cmsis/same70/source/templates/gcc/startup_same70.o
 .debug_macro   0x0001cb66      0x455 src/ASF/sam/utils/cmsis/same70/source/templates/system_same70.o
 .debug_macro   0x0001cfbb      0x1d6 src/ASF/sam/utils/syscalls/gcc/syscalls.o
 .debug_macro   0x0001d191       0x97 src/ASF/sam/utils/syscalls/gcc/syscalls.o
 .debug_macro   0x0001d228       0xf6 src/ASF/sam/utils/syscalls/gcc/syscalls.o
 .debug_macro   0x0001d31e       0x4c src/ASF/sam/utils/syscalls/gcc/syscalls.o
 .debug_macro   0x0001d36a       0x16 src/ASF/sam/utils/syscalls/gcc/syscalls.o
 .debug_macro   0x0001d380       0x10 src/ASF/sam/utils/syscalls/gcc/syscalls.o
 .debug_macro   0x0001d390       0x10 src/ASF/sam/utils/syscalls/gcc/syscalls.o
 .debug_macro   0x0001d3a0       0x35 src/ASF/sam/utils/syscalls/gcc/syscalls.o
 .debug_macro   0x0001d3d5      0x122 src/ASF/sam/utils/syscalls/gcc/syscalls.o
 .debug_macro   0x0001d4f7      0x7cc src/main.o
 .debug_macro   0x0001dcc3       0x40 src/main.o
 .debug_macro   0x0001dd03       0x10 src/main.o
 .debug_macro   0x0001dd13      0x1ce src/main.o
 .debug_macro   0x0001dee1       0x16 src/main.o
 .debug_macro   0x0001def7       0x1c src/main.o

.debug_line     0x00000000     0xa5de
 .debug_line    0x00000000      0xc67 src/ASF/common/services/clock/same70/sysclk.o
 .debug_line    0x00000c67      0xa09 src/ASF/common/utils/interrupt/interrupt_sam_nvic.o
 .debug_line    0x00001670      0x9ea src/ASF/common/utils/stdio/read.o
 .debug_line    0x0000205a      0x9e7 src/ASF/common/utils/stdio/write.o
 .debug_line    0x00002a41      0xd8a src/ASF/sam/boards/same70_xplained/init.o
 .debug_line    0x000037cb      0xe17 src/ASF/sam/drivers/pio/pio.o
 .debug_line    0x000045e2      0xb18 src/ASF/sam/drivers/pio/pio_handler.o
 .debug_line    0x000050fa     0x10d5 src/ASF/sam/drivers/pmc/pmc.o
 .debug_line    0x000061cf      0xb91 src/ASF/sam/drivers/uart/uart.o
 .debug_line    0x00006d60     0x10cd src/ASF/sam/drivers/usart/usart.o
 .debug_line    0x00007e2d      0xac0 src/ASF/sam/utils/cmsis/same70/source/templates/gcc/startup_same70.o
 .debug_line    0x000088ed      0x819 src/ASF/sam/utils/cmsis/same70/source/templates/system_same70.o
 .debug_line    0x00009106      0x413 src/ASF/sam/utils/syscalls/gcc/syscalls.o
 .debug_line    0x00009519     0x10c5 src/main.o

.debug_str      0x00000000    0x8a9da
 .debug_str     0x00000000    0x85693 src/ASF/common/services/clock/same70/sysclk.o
                              0x85d4c (size before relaxing)
 .debug_str     0x00085693       0x94 src/ASF/common/utils/interrupt/interrupt_sam_nvic.o
                              0x81d3a (size before relaxing)
 .debug_str     0x00085727       0x3f src/ASF/common/utils/stdio/read.o
                              0x81ce3 (size before relaxing)
 .debug_str     0x00085766       0x2e src/ASF/common/utils/stdio/write.o
                              0x81ce4 (size before relaxing)
 .debug_str     0x00085794      0xffc src/ASF/sam/boards/same70_xplained/init.o
                              0x8690e (size before relaxing)
 .debug_str     0x00086790      0x5b8 src/ASF/sam/drivers/pio/pio.o
                              0x82890 (size before relaxing)
 .debug_str     0x00086d48      0x44f src/ASF/sam/drivers/pio/pio_handler.o
                              0x829b2 (size before relaxing)
 .debug_str     0x00087197      0x649 src/ASF/sam/drivers/pmc/pmc.o
                              0x829e5 (size before relaxing)
 .debug_str     0x000877e0      0x301 src/ASF/sam/drivers/uart/uart.o
                              0x81fea (size before relaxing)
 .debug_str     0x00087ae1      0xb6a src/ASF/sam/drivers/usart/usart.o
                              0x82882 (size before relaxing)
 .debug_str     0x0008864b      0x6a3 src/ASF/sam/utils/cmsis/same70/source/templates/gcc/startup_same70.o
                              0x82507 (size before relaxing)
 .debug_str     0x00088cee      0x137 src/ASF/sam/utils/cmsis/same70/source/templates/system_same70.o
                              0x72801 (size before relaxing)
 .debug_str     0x00088e25      0x778 src/ASF/sam/utils/syscalls/gcc/syscalls.o
                               0x72e5 (size before relaxing)
 .debug_str     0x0008959d     0x143d src/main.o
                              0x8806e (size before relaxing)

.debug_frame    0x00000000     0x3be4
 .debug_frame   0x00000000      0x240 src/ASF/common/services/clock/same70/sysclk.o
 .debug_frame   0x00000240       0x58 src/ASF/common/utils/interrupt/interrupt_sam_nvic.o
 .debug_frame   0x00000298       0x34 src/ASF/common/utils/stdio/read.o
 .debug_frame   0x000002cc       0x34 src/ASF/common/utils/stdio/write.o
 .debug_frame   0x00000300      0x19c src/ASF/sam/boards/same70_xplained/init.o
 .debug_frame   0x0000049c      0x7c0 src/ASF/sam/drivers/pio/pio.o
 .debug_frame   0x00000c5c      0x1d0 src/ASF/sam/drivers/pio/pio_handler.o
 .debug_frame   0x00000e2c      0xa58 src/ASF/sam/drivers/pmc/pmc.o
 .debug_frame   0x00001884      0x3d0 src/ASF/sam/drivers/uart/uart.o
 .debug_frame   0x00001c54      0xd4c src/ASF/sam/drivers/usart/usart.o
 .debug_frame   0x000029a0       0xbc src/ASF/sam/utils/cmsis/same70/source/templates/gcc/startup_same70.o
 .debug_frame   0x00002a5c       0x78 src/ASF/sam/utils/cmsis/same70/source/templates/system_same70.o
 .debug_frame   0x00002ad4      0x170 src/ASF/sam/utils/syscalls/gcc/syscalls.o
 .debug_frame   0x00002c44      0x308 src/main.o
 .debug_frame   0x00002f4c       0x2c c:/program files (x86)/atmel/studio/7.0/toolchain/arm/arm-gnu-toolchain/bin/../lib/gcc/arm-none-eabi/6.2.1/../../../../arm-none-eabi/lib/thumb/v7e-m\libc.a(lib_a-init.o)
 .debug_frame   0x00002f78       0x74 c:/program files (x86)/atmel/studio/7.0/toolchain/arm/arm-gnu-toolchain/bin/../lib/gcc/arm-none-eabi/6.2.1/../../../../arm-none-eabi/lib/thumb/v7e-m\libc.a(lib_a-iprintf.o)
 .debug_frame   0x00002fec       0x34 c:/program files (x86)/atmel/studio/7.0/toolchain/arm/arm-gnu-toolchain/bin/../lib/gcc/arm-none-eabi/6.2.1/../../../../arm-none-eabi/lib/thumb/v7e-m\libc.a(lib_a-memset.o)
 .debug_frame   0x00003020       0x48 c:/program files (x86)/atmel/studio/7.0/toolchain/arm/arm-gnu-toolchain/bin/../lib/gcc/arm-none-eabi/6.2.1/../../../../arm-none-eabi/lib/thumb/v7e-m\libc.a(lib_a-puts.o)
 .debug_frame   0x00003068       0x20 c:/program files (x86)/atmel/studio/7.0/toolchain/arm/arm-gnu-toolchain/bin/../lib/gcc/arm-none-eabi/6.2.1/../../../../arm-none-eabi/lib/thumb/v7e-m\libc.a(lib_a-setbuf.o)
 .debug_frame   0x00003088       0x50 c:/program files (x86)/atmel/studio/7.0/toolchain/arm/arm-gnu-toolchain/bin/../lib/gcc/arm-none-eabi/6.2.1/../../../../arm-none-eabi/lib/thumb/v7e-m\libc.a(lib_a-setvbuf.o)
 .debug_frame   0x000030d8       0xc4 c:/program files (x86)/atmel/studio/7.0/toolchain/arm/arm-gnu-toolchain/bin/../lib/gcc/arm-none-eabi/6.2.1/../../../../arm-none-eabi/lib/thumb/v7e-m\libc.a(lib_a-vfiprintf.o)
 .debug_frame   0x0000319c       0x2c c:/program files (x86)/atmel/studio/7.0/toolchain/arm/arm-gnu-toolchain/bin/../lib/gcc/arm-none-eabi/6.2.1/../../../../arm-none-eabi/lib/thumb/v7e-m\libc.a(lib_a-wsetup.o)
 .debug_frame   0x000031c8       0x50 c:/program files (x86)/atmel/studio/7.0/toolchain/arm/arm-gnu-toolchain/bin/../lib/gcc/arm-none-eabi/6.2.1/../../../../arm-none-eabi/lib/thumb/v7e-m\libc.a(lib_a-__call_atexit.o)
 .debug_frame   0x00003218       0x20 c:/program files (x86)/atmel/studio/7.0/toolchain/arm/arm-gnu-toolchain/bin/../lib/gcc/arm-none-eabi/6.2.1/../../../../arm-none-eabi/lib/thumb/v7e-m\libc.a(lib_a-atexit.o)
 .debug_frame   0x00003238       0x6c c:/program files (x86)/atmel/studio/7.0/toolchain/arm/arm-gnu-toolchain/bin/../lib/gcc/arm-none-eabi/6.2.1/../../../../arm-none-eabi/lib/thumb/v7e-m\libc.a(lib_a-fflush.o)
 .debug_frame   0x000032a4      0x124 c:/program files (x86)/atmel/studio/7.0/toolchain/arm/arm-gnu-toolchain/bin/../lib/gcc/arm-none-eabi/6.2.1/../../../../arm-none-eabi/lib/thumb/v7e-m\libc.a(lib_a-findfp.o)
 .debug_frame   0x000033c8       0x34 c:/program files (x86)/atmel/studio/7.0/toolchain/arm/arm-gnu-toolchain/bin/../lib/gcc/arm-none-eabi/6.2.1/../../../../arm-none-eabi/lib/thumb/v7e-m\libc.a(lib_a-fini.o)
 .debug_frame   0x000033fc       0x8c c:/program files (x86)/atmel/studio/7.0/toolchain/arm/arm-gnu-toolchain/bin/../lib/gcc/arm-none-eabi/6.2.1/../../../../arm-none-eabi/lib/thumb/v7e-m\libc.a(lib_a-fputwc.o)
 .debug_frame   0x00003488       0x74 c:/program files (x86)/atmel/studio/7.0/toolchain/arm/arm-gnu-toolchain/bin/../lib/gcc/arm-none-eabi/6.2.1/../../../../arm-none-eabi/lib/thumb/v7e-m\libc.a(lib_a-freer.o)
 .debug_frame   0x000034fc       0x68 c:/program files (x86)/atmel/studio/7.0/toolchain/arm/arm-gnu-toolchain/bin/../lib/gcc/arm-none-eabi/6.2.1/../../../../arm-none-eabi/lib/thumb/v7e-m\libc.a(lib_a-fvwrite.o)
 .debug_frame   0x00003564       0x54 c:/program files (x86)/atmel/studio/7.0/toolchain/arm/arm-gnu-toolchain/bin/../lib/gcc/arm-none-eabi/6.2.1/../../../../arm-none-eabi/lib/thumb/v7e-m\libc.a(lib_a-fwalk.o)
 .debug_frame   0x000035b8       0x6c c:/program files (x86)/atmel/studio/7.0/toolchain/arm/arm-gnu-toolchain/bin/../lib/gcc/arm-none-eabi/6.2.1/../../../../arm-none-eabi/lib/thumb/v7e-m\libc.a(lib_a-locale.o)
 .debug_frame   0x00003624       0x68 c:/program files (x86)/atmel/studio/7.0/toolchain/arm/arm-gnu-toolchain/bin/../lib/gcc/arm-none-eabi/6.2.1/../../../../arm-none-eabi/lib/thumb/v7e-m\libc.a(lib_a-makebuf.o)
 .debug_frame   0x0000368c       0x30 c:/program files (x86)/atmel/studio/7.0/toolchain/arm/arm-gnu-toolchain/bin/../lib/gcc/arm-none-eabi/6.2.1/../../../../arm-none-eabi/lib/thumb/v7e-m\libc.a(lib_a-malloc.o)
 .debug_frame   0x000036bc       0x58 c:/program files (x86)/atmel/studio/7.0/toolchain/arm/arm-gnu-toolchain/bin/../lib/gcc/arm-none-eabi/6.2.1/../../../../arm-none-eabi/lib/thumb/v7e-m\libc.a(lib_a-mallocr.o)
 .debug_frame   0x00003714       0x4c c:/program files (x86)/atmel/studio/7.0/toolchain/arm/arm-gnu-toolchain/bin/../lib/gcc/arm-none-eabi/6.2.1/../../../../arm-none-eabi/lib/thumb/v7e-m\libc.a(lib_a-mbtowc_r.o)
 .debug_frame   0x00003760       0x30 c:/program files (x86)/atmel/studio/7.0/toolchain/arm/arm-gnu-toolchain/bin/../lib/gcc/arm-none-eabi/6.2.1/../../../../arm-none-eabi/lib/thumb/v7e-m\libc.a(lib_a-memmove.o)
 .debug_frame   0x00003790       0x30 c:/program files (x86)/atmel/studio/7.0/toolchain/arm/arm-gnu-toolchain/bin/../lib/gcc/arm-none-eabi/6.2.1/../../../../arm-none-eabi/lib/thumb/v7e-m\libc.a(lib_a-mlock.o)
 .debug_frame   0x000037c0       0x68 c:/program files (x86)/atmel/studio/7.0/toolchain/arm/arm-gnu-toolchain/bin/../lib/gcc/arm-none-eabi/6.2.1/../../../../arm-none-eabi/lib/thumb/v7e-m\libc.a(lib_a-reallocr.o)
 .debug_frame   0x00003828       0x2c c:/program files (x86)/atmel/studio/7.0/toolchain/arm/arm-gnu-toolchain/bin/../lib/gcc/arm-none-eabi/6.2.1/../../../../arm-none-eabi/lib/thumb/v7e-m\libc.a(lib_a-sbrkr.o)
 .debug_frame   0x00003854       0x88 c:/program files (x86)/atmel/studio/7.0/toolchain/arm/arm-gnu-toolchain/bin/../lib/gcc/arm-none-eabi/6.2.1/../../../../arm-none-eabi/lib/thumb/v7e-m\libc.a(lib_a-stdio.o)
 .debug_frame   0x000038dc       0x40 c:/program files (x86)/atmel/studio/7.0/toolchain/arm/arm-gnu-toolchain/bin/../lib/gcc/arm-none-eabi/6.2.1/../../../../arm-none-eabi/lib/thumb/v7e-m\libc.a(lib_a-wbuf.o)
 .debug_frame   0x0000391c       0x5c c:/program files (x86)/atmel/studio/7.0/toolchain/arm/arm-gnu-toolchain/bin/../lib/gcc/arm-none-eabi/6.2.1/../../../../arm-none-eabi/lib/thumb/v7e-m\libc.a(lib_a-wcrtomb.o)
 .debug_frame   0x00003978       0x3c c:/program files (x86)/atmel/studio/7.0/toolchain/arm/arm-gnu-toolchain/bin/../lib/gcc/arm-none-eabi/6.2.1/../../../../arm-none-eabi/lib/thumb/v7e-m\libc.a(lib_a-wctomb_r.o)
 .debug_frame   0x000039b4       0x2c c:/program files (x86)/atmel/studio/7.0/toolchain/arm/arm-gnu-toolchain/bin/../lib/gcc/arm-none-eabi/6.2.1/../../../../arm-none-eabi/lib/thumb/v7e-m\libc.a(lib_a-writer.o)
 .debug_frame   0x000039e0       0x34 c:/program files (x86)/atmel/studio/7.0/toolchain/arm/arm-gnu-toolchain/bin/../lib/gcc/arm-none-eabi/6.2.1/../../../../arm-none-eabi/lib/thumb/v7e-m\libc.a(lib_a-__atexit.o)
 .debug_frame   0x00003a14       0x2c c:/program files (x86)/atmel/studio/7.0/toolchain/arm/arm-gnu-toolchain/bin/../lib/gcc/arm-none-eabi/6.2.1/../../../../arm-none-eabi/lib/thumb/v7e-m\libc.a(lib_a-closer.o)
 .debug_frame   0x00003a40       0x3c c:/program files (x86)/atmel/studio/7.0/toolchain/arm/arm-gnu-toolchain/bin/../lib/gcc/arm-none-eabi/6.2.1/../../../../arm-none-eabi/lib/thumb/v7e-m\libc.a(lib_a-fclose.o)
 .debug_frame   0x00003a7c       0x2c c:/program files (x86)/atmel/studio/7.0/toolchain/arm/arm-gnu-toolchain/bin/../lib/gcc/arm-none-eabi/6.2.1/../../../../arm-none-eabi/lib/thumb/v7e-m\libc.a(lib_a-fstatr.o)